make -j9 synergy2416_config
Configuring for synergy2416 board...
Total compile time is 0 minutes 0 seconds
