c3e00000 T _start
c3e00020 t _undefined_instruction
c3e00024 t _software_interrupt
c3e00028 t _prefetch_abort
c3e0002c t _data_abort
c3e00030 t _not_used
c3e00034 t _irq
c3e00038 t _fiq
c3e00040 t _TEXT_BASE
c3e00044 t _TEXT_PHY_BASE
c3e00048 T _armboot_start
c3e0004c T _bss_start
c3e00050 T _bss_end
c3e00054 t reset
c3e00080 t cpu_init_crit
c3e000a8 t check_boot_device
c3e000e0 t relocate
c3e000f8 t copy_loop
c3e0010c t nand_copy
c3e00114 t after_copy
c3e00124 t enable_mmu
c3e00134 t mmu_on
c3e00150 t stack_setup
c3e00154 t clear_bss
c3e00160 t clbss_l
c3e00174 t _start_armboot
c3e00178 T copy_from_nand
c3e001e4 t copy_failed
c3e001ec t compare_failed
c3e001f4 T theLastJump
c3e00210 t phy_last_jump
c3e00240 t undefined_instruction
c3e00260 t software_interrupt
c3e00280 t prefetch_abort
c3e002a0 t data_abort
c3e00300 t not_used
c3e00320 t irq
c3e00340 t fiq
c3e00350 t PMCTL1_ADDR
c3e00354 t PMST_ADDR
c3e00358 t PMSR0_ADDR
c3e0035c t GPBCON
c3e00360 t GPBDAT
c3e00364 t GPFCON_reg
c3e00368 t GPFDAT_reg
c3e00380 t sleep_setting
c3e003c0 t set_sdram_refresh
c3e00400 t WakeupStart
c3e004c0 T sdr_ctrl_asm_init
c3e00658 T cleanDCache
c3e00664 T cleanFlushDCache
c3e00670 T cleanFlushCache
c3e00680 t _TEXT_BASE
c3e00684 T lowlevel_init
c3e00728 t system_clock_init
c3e0078c t uart_asm_init
c3e007d8 t nand_asm_init
c3e00848 t sdram_bank_set_val
c3e0085c t sdram_bank_sel_val_alt
c3e00864 T make_mmu_table
c3e008f0 T copy_uboot_to_ram
c3e00a24 T movi_set_capacity
c3e00a64 T movi_set_ofs
c3e00ac4 T movi_init
c3e00af8 T movi_write_env
c3e00b0c T movi_read_env
c3e00b20 T movi_bl2_copy
c3e00b58 T __div0
c3e00b5c T enable_interrupts
c3e00b60 T disable_interrupts
c3e00b68 T bad_mode
c3e00b84 T show_regs
c3e00cc0 T do_undefined_instruction
c3e00ce4 T do_software_interrupt
c3e00d08 T do_prefetch_abort
c3e00d2c T do_data_abort
c3e00d50 T do_not_used
c3e00d74 T do_fiq
c3e00d98 T do_irq
c3e00dbc T interrupt_init
c3e00e2c T set_timer
c3e00e3c T reset_timer_masked
c3e00e64 T reset_timer
c3e00e68 T get_timer_masked
c3e00eac T get_timer
c3e00ec0 T udelay
c3e00f2c T udelay_masked
c3e00fa0 T get_ticks
c3e00fb0 T get_tbclk
c3e00fc8 t write_p15_c1
c3e00fd4 t cp_delay
c3e00ffc T cpu_init
c3e01004 T cleanup_before_linux
c3e0102c T check_cpu_clock
c3e0109c T do_clock_test
c3e010ac T reset_cpu
c3e010f0 T do_reset
c3e01108 T icache_enable
c3e01120 T icache_disable
c3e01138 T icache_status
c3e01148 T dcache_enable
c3e01160 T dcache_disable
c3e0117c T dcache_status
c3e0118c t wait_for_r_buf_ready
c3e011d8 t ClearCommandCompleteStatus
c3e011f8 t ClearTransferCompleteStatus
c3e0121c t ClearBufferReadReadyStatus
c3e01240 t ClearErrInterruptStatus
c3e01268 t set_hostctl_speed
c3e012a4 t wait_for_data_done
c3e012d0 t set_cmd_register
c3e0133c t wait_for_cmd_done
c3e013c4 t issue_command
c3e014d8 t set_mmc_speed
c3e01524 t check_dma_int
c3e015b0 t check_card_status
c3e01620 t process_ext_csd
c3e0170c t set_sd_speed
c3e01808 t set_clock.constprop.7
c3e018d4 t set_bus_width.constprop.6
c3e01a18 T mmc_get_dev
c3e01a24 T hsmmc_reset
c3e01a50 T hsmmc_set_gpio
c3e01ab8 T hsmmc_init
c3e023e4 T movi_write
c3e0256c T movi_read
c3e026a4 T mmc_bread
c3e026fc T test_hsmmc
c3e02cd0 T serial_setbrg
c3e02d18 T serial_init
c3e02d28 T serial_getc
c3e02d44 T serial_putc
c3e02d70 T serial_tstc
c3e02d80 T serial_puts
c3e02da0 T get_FCLK
c3e02dd8 T get_HCLK
c3e02e0c T get_PCLK
c3e02e34 T get_UCLK
c3e02e3c T get_ARMCLK
c3e02ee4 T print_cpuinfo
c3e02f80 T __divsi3
c3e03098 t Ldiv0
c3e030c0 T __udivsi3
c3e030d8 t Loop1
c3e030ec t Lbignum
c3e03100 t Loop3
c3e03140 t Lgot_result
c3e03148 t Ldiv0
c3e03158 T __umodsi3
c3e0316c t Loop1
c3e03180 t Lbignum
c3e03194 t Loop3
c3e031fc t Ldiv0
c3e0320c t display_dram_config
c3e03248 t display_banner
c3e03268 t init_baudrate
c3e032c4 T sbrk
c3e03300 T strmhz
c3e03368 T __coloured_LED_init
c3e03368 W coloured_LED_init
c3e0336c T __red_LED_on
c3e0336c W red_LED_on
c3e03370 T __red_LED_off
c3e03370 W red_LED_off
c3e03374 T __green_LED_on
c3e03374 W green_LED_on
c3e03378 T __green_LED_off
c3e03378 W green_LED_off
c3e0337c T __yellow_LED_on
c3e0337c W yellow_LED_on
c3e03380 T __yellow_LED_off
c3e03380 W yellow_LED_off
c3e03384 T hang
c3e03398 T start_armboot
c3e03540 T __modsi3
c3e03614 t Ldiv0
c3e03640 t startAgainTimeout
c3e03654 t startAgainHandler
c3e03658 t NetCopyIP
c3e03660 t PingTimeout
c3e0367c t PingHandler
c3e036b4 T NetStartAgain
c3e03740 T NetSetHandler
c3e03750 T NetSetTimeout
c3e03780 T NetSendPacket
c3e03784 T NetCksum
c3e037b8 T NetCksumOk
c3e037dc T NetEthHdrSize
c3e0381c T NetSetEther
c3e038c4 T ArpRequest
c3e039c0 T ArpTimeoutCheck
c3e03a34 T PingSend
c3e03b7c T NetSetIP
c3e03ca8 T NetSendUDPPacket
c3e03df0 T copy_filename
c3e03e38 T ip_to_string
c3e03e8c T string_to_ip
c3e03f04 T VLAN_to_string
c3e03f58 T string_to_VLAN
c3e03fb0 T print_IPaddr
c3e03fcc T NetReceive
c3e045a8 T getenv_IPaddr
c3e045b8 T getenv_VLAN
c3e045c8 T NetLoop
c3e04a0c t TftpSend
c3e04b94 t TftpHandler
c3e04e44 t TftpTimeout
c3e04ea0 T TftpStart
c3e05110 t __fswab32
c3e0512c t NetCopyIP
c3e05134 t DhcpOptionsProcess
c3e05344 t DhcpHandler
c3e057d4 T BootpRequest
c3e05a14 t BootpTimeout
c3e05a5c T DhcpRequest
c3e05a60 t RarpHandler
c3e05abc T RarpRequest
c3e05bb4 t RarpTimeout
c3e05bfc T eth_initialize
c3e05c04 t __fswab32
c3e05c20 t rpc_lookup_reply
c3e05cc4 t nfs_mount_reply
c3e05d58 t nfs_umountall_reply
c3e05ddc t nfs_lookup_reply
c3e05e68 t nfs_readlink_reply
c3e05f58 t basename
c3e05f94 t rpc_add_credentials
c3e06050 t rpc_req
c3e0613c t nfs_mount_req
c3e061d8 t nfs_umountall_req
c3e06230 t nfs_lookup_req
c3e062dc t nfs_read_req
c3e06354 t nfs_readlink_req
c3e063a4 t nfs_read_reply.isra.0
c3e064dc t NfsSend
c3e065d8 t NfsHandler
c3e0679c t NfsTimeout
c3e067e4 T NfsStart
c3e06a14 T nand_init
c3e06aac t nand_release_device
c3e06ac4 t nand_read_byte
c3e06ad4 t nand_read_byte16
c3e06ae8 t nand_read_word
c3e06af8 t nand_write_buf
c3e06b20 t nand_read_buf
c3e06b44 t nand_verify_buf
c3e06b84 t nand_write_buf16
c3e06bb8 t nand_read_buf16
c3e06bec t nand_verify_buf16
c3e06c34 t nand_block_bad
c3e06d3c t nand_check_wp
c3e06d78 t nand_read_page_raw
c3e06db0 t nand_read_page_swecc
c3e06ec4 t nand_read_page_hwecc
c3e06ffc t nand_read_page_syndrome
c3e07120 t nand_read_oob_std
c3e07168 t nand_read_oob_syndrome
c3e07270 t nand_write_oob_std
c3e072e0 t nand_write_oob_syndrome
c3e07480 t nand_write_page_raw
c3e074b4 t nand_write_page_swecc
c3e07564 t nand_write_page_hwecc
c3e07630 t nand_write_page_syndrome
c3e07720 t single_erase_cmd
c3e0775c t multi_erase_cmd
c3e077e4 t nand_sync
c3e077e8 t nand_suspend
c3e077f0 t nand_write_page
c3e0789c t nand_resume
c3e078bc t nand_fill_oob
c3e079d0 t nand_do_write_oob
c3e07adc t nand_default_block_markbad
c3e07b8c t nand_do_write_ops
c3e07e7c t nand_write_oob
c3e07f00 t nand_write
c3e07f7c t nand_wait
c3e08050 t generic_ffs
c3e0809c t nand_transfer_oob
c3e081b0 t nand_select_chip
c3e08208 t nand_block_isbad
c3e08254 t nand_block_markbad
c3e08294 T nand_wait_ready
c3e082a8 t nand_do_read_ops
c3e085f0 T nand_read
c3e0866c t nand_command
c3e08824 t nand_command_lp
c3e08a68 t nand_read_oob
c3e08c18 T nand_erase_nand
c3e08ecc t nand_erase
c3e08ed4 T nand_scan_ident
c3e09398 T nand_scan_tail
c3e09858 T nand_scan
c3e09878 T nand_release
c3e098a0 T nand_calculate_ecc
c3e09990 T nand_correct_data
c3e09ab4 t check_pattern
c3e09b5c t scan_read_raw
c3e09ba4 t search_bbt
c3e09d10 t create_bbt
c3e0a004 t read_bbt
c3e0a1ec t read_abs_bbt
c3e0a2d0 t write_bbt
c3e0a8bc T nand_update_bbt
c3e0aa04 t mark_bbt_region
c3e0ab8c T nand_scan_bbt
c3e0b028 T nand_default_bbt
c3e0b0d8 T nand_isbad_bbt
c3e0b12c t dm9000_outblk_8bit
c3e0b14c t dm9000_outblk_16bit
c3e0b17c t dm9000_outblk_32bit
c3e0b1ac t dm9000_inblk_8bit
c3e0b1cc t dm9000_inblk_16bit
c3e0b200 t dm9000_inblk_32bit
c3e0b230 t dm9000_rx_status_32bit
c3e0b250 t dm9000_rx_status_16bit
c3e0b270 t dm9000_rx_status_8bit
c3e0b2a0 t dm9000_reset
c3e0b36c t phy_write
c3e0b3d8 t phy_read
c3e0b434 T eth_send
c3e0b50c T eth_halt
c3e0b554 T eth_rx
c3e0b6ac T read_srom_word
c3e0b710 T eth_init
c3e0bca0 T write_srom_word
c3e0bd08 t cread_add_char
c3e0bdf0 T __show_boot_progress
c3e0bdf0 W show_boot_progress
c3e0bdf4 T init_cmd_timeout
c3e0be54 T main_loop
c3e0c0f0 T reset_cmd_timeout
c3e0c138 T readline_into_buffer
c3e0c798 T readline
c3e0c7a4 T parse_line
c3e0c82c T run_command
c3e0cbd0 T do_run
c3e0cc4c T autoscript
c3e0cd90 T do_autoscript
c3e0cdd4 T do_bdinfo
c3e0ced8 t __fswab32
c3e0cef4 t image_get_data_size
c3e0cefc t image_check_magic
c3e0cf20 t get_table_entry_id.isra.12
c3e0cf6c T image_check_hcrc
c3e0cfbc T image_check_dcrc
c3e0cff8 T image_multi_count
c3e0d014 T image_multi_getimg
c3e0d09c T getenv_yesno
c3e0d0c4 T getenv_bootm_low
c3e0d0f8 T getenv_bootm_size
c3e0d12c T memmove_wd
c3e0d130 T genimg_get_os_name
c3e0d16c T genimg_get_arch_name
c3e0d1a8 T genimg_get_type_name
c3e0d1e4 T genimg_get_comp_name
c3e0d220 T image_print_contents
c3e0d418 T genimg_get_os_id
c3e0d428 T genimg_get_arch_id
c3e0d438 T genimg_get_type_id
c3e0d448 T genimg_get_comp_id
c3e0d458 T genimg_get_format
c3e0d494 T genimg_get_image
c3e0d498 T genimg_has_config
c3e0d4a0 T boot_get_ramdisk
c3e0d6d0 W do_go_exec
c3e0d6e8 T do_go
c3e0d76c t __fswab32
c3e0d788 t do_imls
c3e0d840 T do_bootd
c3e0d864 t image_get_magic.isra.5
c3e0d868 t image_get_size.isra.6
c3e0d86c t image_get_ep.isra.8
c3e0d870 t image_info
c3e0d940 T do_iminfo
c3e0d9a0 T __board_lmb_reserve
c3e0d9a0 W board_lmb_reserve
c3e0d9a4 T do_bootm
c3e0e0b4 T print_image_hdr
c3e0e258 t on_off
c3e0e298 T do_icache
c3e0e31c T do_dcache
c3e0e3a0 T do_coninfo
c3e0e470 t cnvrt2
c3e0e4b4 T mk_date
c3e0e688 T do_date
c3e0e790 W do_bootelf_exec
c3e0e7d4 T valid_elf_image
c3e0e820 T load_elf_image
c3e0e92c T do_bootelf
c3e0e9c0 T do_bootvx
c3e0eb40 T do_ext2load
c3e0edfc T do_ext2ls
c3e0ef3c T do_fat_fsinfo
c3e0f018 T do_fat_fsload
c3e0f198 T do_fat_ls
c3e0f2a4 t addr_spec
c3e0f404 t flash_fill_sect_ranges
c3e0f5a8 t abbrev_spec
c3e0f6e0 T do_flinfo
c3e0f740 T flash_sect_erase
c3e0f80c T do_flerase
c3e0f99c T flash_sect_protect
c3e0fa88 T do_protect
c3e0fd1c t evalexp
c3e0fd64 T binary_test
c3e0ff68 T do_itest
c3e10014 t bin_data_init
c3e10034 t getcxmodem
c3e10054 t load_serial_ymodem
c3e10174 t bin_data_char
c3e101ac t load_serial
c3e103f8 T do_load_serial
c3e104d4 T send_pad
c3e10504 T ktrans
c3e10530 T chk1
c3e10558 T s1_sendpacket
c3e10580 T send_ack
c3e105e4 T send_nack
c3e10648 T k_data_init
c3e10668 T k_data_save
c3e10694 T k_data_restore
c3e106c0 T k_data_char
c3e10714 T handle_send_packet
c3e108dc T do_load_serial_bin
c3e10d44 T do_mem_base
c3e10d84 T do_mem_mtest
c3e10ea4 T do_mem_crc
c3e10f5c T cmd_get_data_size
c3e10fb8 T do_mem_md
c3e1109c t mod_mem.isra.1.part.2
c3e11204 T do_mem_mm
c3e1123c T do_mem_nm
c3e11274 T do_mem_mw
c3e11340 T do_mem_cmp
c3e114f0 T do_mem_cp
c3e116ec T do_mem_loop
c3e117e8 T do_sleep
c3e11878 T do_mmc
c3e118a8 t nand_read
c3e118d0 t arg_off_size.isra.1
c3e119f4 T do_nandboot
c3e11c50 T nand_block_read
c3e11dd4 T nand_block_write
c3e11f3c T do_nand
c3e12afc t netboot_common
c3e12de4 T do_bootp
c3e12df0 T do_tftpb
c3e12dfc T do_rarpb
c3e12e08 T do_dhcp
c3e12e14 T do_nfs
c3e12e20 T do_ping
c3e12eac T do_saveenv
c3e12ed8 T envmatch
c3e12f40 T do_printenv
c3e130b0 T _do_setenv
c3e1351c T setenv
c3e13558 T do_setenv
c3e13594 T getenv
c3e13604 T getenv_r
c3e136c0 T do_reginfo
c3e136c8 T do_usbd_dnw
c3e137c4 T do_imgextract
c3e139f0 T do_version
c3e13a10 T do_echo
c3e13aa0 T do_exit
c3e13ad0 T do_test
c3e13f34 T find_cmd
c3e13fd0 T do_help
c3e14184 t console_setfile
c3e14224 T serial_printf
c3e1425c T fgetc
c3e14288 T ftstc
c3e142b4 T fputc
c3e142e0 T fputs
c3e14308 T fprintf
c3e14348 T getc
c3e14360 T tstc
c3e14378 T putc
c3e143a4 T puts
c3e143e0 T printf
c3e14418 T vprintf
c3e14444 T ctrlc
c3e14494 T disable_ctrlc
c3e144ac T had_ctrlc
c3e144bc T clear_ctrlc
c3e144d0 T dbg
c3e144dc T console_assign
c3e14570 T console_init_f
c3e145a4 T search_device
c3e14624 T console_init_r
c3e14774 T nulldev_putc
c3e14778 T nulldev_puts
c3e1477c T nulldev_input
c3e14784 T device_register
c3e147a8 T device_deregister
c3e148c0 T devices_init
c3e149c0 T devices_done
c3e149dc T malloc_bin_reloc
c3e14a08 T malloc_trim
c3e14acc T free
c3e14cf8 T malloc
c3e152a0 T calloc
c3e1537c T realloc
c3e1583c T memalign
c3e15948 T valloc
c3e15954 T pvalloc
c3e1596c T cfree
c3e15970 T malloc_usable_size
c3e159ac T mallopt
c3e15a18 T env_crc_update
c3e15a44 T env_get_char_memory
c3e15a64 T env_get_char
c3e15a94 T env_get_addr
c3e15ab4 T set_default_env
c3e15afc T env_relocate
c3e15b54 t dummy
c3e15b58 T get_version
c3e15b60 T jumptable_init
c3e15c3c T flash_protect
c3e15d14 T addr2info
c3e15d60 T flash_write
c3e15eb4 T flash_perror
c3e15f88 t b_reset
c3e15fa4 t static_get
c3e15fc0 t static_peek
c3e15fcc t file_peek
c3e15fd8 t xmalloc
c3e15ff8 t syntax_err
c3e16004 t free_pipe_list
c3e160f8 t xrealloc
c3e16118 t done_command
c3e161a0 t insert_var_value
c3e16340 t is_assignment
c3e16394 t file_get
c3e16584 t set_local_var.constprop.4
c3e166fc t b_addchr
c3e16774 t b_addqchr
c3e167c4 T simple_itoa
c3e16818 T new_pipe
c3e16840 t done_pipe
c3e1688c T reserved_word
c3e169e4 t done_word
c3e16b60 T mapset
c3e16b84 T update_ifs_map
c3e16bf4 T parse_string_outer
c3e16cd8 t run_list_real
c3e17490 t parse_stream_outer
c3e17a5c T parse_file_outer
c3e17aa4 T u_boot_hush_start
c3e17b28 T NewHandle
c3e17b84 T DisposeHandle
c3e17ba4 T GetHandleSize
c3e17bac T SetHandleSize
c3e17c20 T ListCreate
c3e17c80 T ListSetAllocationPolicy
c3e17c94 T ListDispose
c3e17c98 T ListInsertItems
c3e17e30 T ListInsertItem
c3e17e38 T ListRemoveItems
c3e17ed8 T ListRemoveItem
c3e17ee0 T ListGetItems
c3e17f1c T ListGetPtrToItem
c3e17f48 T ListGetDataPtr
c3e17f54 T ListGetItemSize
c3e17f60 T ListNumItems
c3e17f6c t hex1_bin
c3e17fac t hex2_bin
c3e17fe4 T srec_decode
c3e1823c T wait_ms
c3e18260 T usb_stop
c3e18280 T usb_disable_asynch
c3e18298 T usb_submit_int_msg
c3e1829c T usb_control_msg
c3e18370 T usb_bulk_msg
c3e183d8 T usb_maxpacket
c3e183f4 T usb_set_maxpacket
c3e184b0 T usb_parse_config
c3e185f0 T usb_clear_halt
c3e1868c T usb_get_descriptor
c3e186f8 T usb_get_configuration_no
c3e18798 T usb_set_address
c3e187d8 T usb_set_interface
c3e18890 T usb_set_configuration
c3e188f8 T usb_set_protocol
c3e18954 T usb_set_idle
c3e189b8 T usb_get_report
c3e18a30 T usb_get_class_descriptor
c3e18aa8 T usb_get_string
c3e18b24 t usb_string_sub
c3e18c34 T usb_string
c3e18d34 T usb_get_dev_index
c3e18d64 T usb_alloc_new_device
c3e18df0 T usb_get_hub_descriptor
c3e18e4c T usb_clear_hub_feature
c3e18ea0 T usb_clear_port_feature
c3e18efc T usb_set_port_feature
c3e18f58 t usb_hub_power_on
c3e18f9c T usb_get_hub_status
c3e18fec T usb_get_port_status
c3e19044 T usb_hub_reset
c3e19058 T usb_hub_allocate
c3e190a0 T usb_hub_probe
c3e190f8 T usb_new_device
c3e19320 T usb_scan_devices
c3e19390 T usb_init
c3e1940c T usb_hub_port_connect_change
c3e1953c T usb_hub_configure
c3e1972c T CYGACC_COMM_IF_GETC_TIMEOUT
c3e19778 t xyzModem_flush
c3e197a4 t xyzModem_get_hdr
c3e19a0c T CYGACC_COMM_IF_PUTC
c3e19a14 T parse_num
c3e19b3c T xyzModem_stream_open
c3e19c84 T xyzModem_stream_read
c3e19ed0 T xyzModem_stream_close
c3e19f24 T xyzModem_stream_terminate
c3e19fb8 T xyzModem_error
c3e19fd8 T do_movi
c3e1a4e8 T do_insnand
c3e1a580 T env_get_char_spec
c3e1a58c T env_init
c3e1a5a8 T writeenv
c3e1a688 T saveenv
c3e1a728 T readenv
c3e1a7f4 T env_relocate_spec
c3e1a884 T zalloc
c3e1a894 T zfree
c3e1a89c T gunzip
c3e1aa04 T cyg_crc16
c3e1aa4c T board_init
c3e1ac88 T dram_init
c3e1acbc T board_late_init
c3e1ad50 T checkboard
c3e1ade8 T virt_to_phy_smdk2416
c3e1ae1c t write_hword.isra.0
c3e1af28 T flash_init
c3e1b014 T flash_print_info
c3e1b13c T flash_erase
c3e1b35c T write_buff
c3e1b4b0 T crc32
c3e1b5b8 T crc32_no_comp
c3e1b6b8 T crc32_wd
c3e1b6bc T display_options
c3e1b6dc T print_size
c3e1b7a8 T print_buffer
c3e1b8fc t lmb_add_region
c3e1babc T lmb_dump_all
c3e1bac0 T lmb_init
c3e1bae8 T lmb_add
c3e1baec T lmb_free
c3e1bc04 T lmb_reserve
c3e1bc0c T lmb_overlaps_region
c3e1bc64 T __lmb_alloc_base
c3e1bd70 T lmb_alloc_base
c3e1bda4 T lmb_alloc
c3e1bdac T lmb_is_reserved
c3e1bdfc T strcpy
c3e1be18 T strncpy
c3e1be3c T strcat
c3e1be6c T strncat
c3e1bec0 T strcmp
c3e1bef0 T strncmp
c3e1bf34 T strchr
c3e1bf60 T strlen
c3e1bf80 T strrchr
c3e1bfbc T strnlen
c3e1bfec T strdup
c3e1c028 T strspn
c3e1c064 T strpbrk
c3e1c0a0 T strtok
c3e1c128 T strsep
c3e1c160 T strswab
c3e1c1a8 T memset
c3e1c1c0 T bcopy
c3e1c1e0 T memcpy
c3e1c1fc T memmove
c3e1c248 T memcmp
c3e1c27c T memscan
c3e1c2a8 T strstr
c3e1c310 T memchr
c3e1c340 t number
c3e1c5b0 T simple_strtoul
c3e1c668 T simple_strtol
c3e1c690 T vsprintf
c3e1ca90 T sprintf
c3e1cab8 T panic
c3e1cb08 t falloc
c3e1cb2c t ffree
c3e1cb30 t inflate_trees_free
c3e1cb6c t huft_build
c3e1d064 t inflate_trees_fixed
c3e1d204 T adler32
c3e1d374 t inflate_flush
c3e1d4e0 t inflate_blocks_reset
c3e1d5b0 T inflateReset
c3e1d610 T inflateEnd
c3e1d6a8 T inflateInit2
c3e1d7f4 T inflateInit
c3e1d7fc T inflate
c3e1f224 T inflateIncomp
c3e1f358 T inflateSync
c3e1f454 t td_alloc
c3e1f490 t roothub_a
c3e1f4d0 t roothub_portstatus
c3e1f514 t td_fill.isra.3
c3e1f5b4 t hc_reset.constprop.7
c3e1f670 t urb_free_priv.constprop.11
c3e1f6b0 T sohci_submit_job
c3e1fbf8 T rh_check_port_status
c3e1fc4c T submit_common_msg
c3e200c8 T submit_bulk_msg
c3e200e4 T submit_control_msg
c3e20680 T submit_int_msg
c3e20688 T usb_lowlevel_init
c3e2084c T usb_lowlevel_stop
c3e20880 t s3c_nand_hwcontrol
c3e208f0 t s3c_nand_device_ready
c3e20908 t s3c_nand_scan_bbt
c3e2090c T board_nand_init
c3e20960 t mmc_cmd
c3e20a08 t check_card_status
c3e20a70 T get_sd_scr
c3e20b14 T check_sd_ocr
c3e20ca4 T check_mmc_ocr
c3e20df4 T clock_config
c3e20eb0 T display_card_info
c3e21008 T mmc_block_read
c3e21120 T mmc_block_write
c3e21284 T mmc_read
c3e213ac T mmc_write
c3e21514 T mmc_init
c3e21944 T mmc_ident
c3e2194c T mmc2info
c3e21960 t initialize_descriptors
c3e21aac T s3c_usbc_activate
c3e21ab4 T s3c_usb_stop
c3e21b14 T set_endpoint
c3e21b6c T verify_checksum
c3e21c0c T write_ep0buf
c3e21c30 T write_ep0buf_1byte
c3e21c44 T write_epbuf
c3e21c80 T read_epbuf
c3e21cbc T upload_start
c3e21d20 T set_max_pktsize
c3e21d8c T get_desc
c3e21e58 T clear_feature
c3e21ef0 T set_feature
c3e21f88 T usb_get_status
c3e22024 T transfer_ep0
c3e222c0 T s3c_ep0_int_hndlr
c3e2243c T udc_int_bulkin
c3e224ac T download_start
c3e22674 T download_continue
c3e22708 T udc_int_bulkout
c3e22824 T s3c_udc_int_hndlr
c3e2293c T s3c_usbctl_init
c3e22a28 T __ashldi3
c3e22a44 T __ashrdi3
c3e22a60 T do_bootm_linux
c3e22c9c T flush_cache
c3e22ca0 t downcase
c3e22cc4 t dirdelim
c3e22cf4 t get_name
c3e22da0 t slot2str
c3e22e60 T disk_read
c3e22eac t read_bootsectandvi
c3e22ff4 t get_fatent
c3e23148 t get_cluster
c3e231e4 t get_vfatname
c3e23378 T fat_register_device
c3e23460 T do_fat_read
c3e23d84 T file_fat_detectfs
c3e23ec4 T file_fat_ls
c3e23ed4 T file_fat_read
c3e23f0c t ext2fs_read_inode
c3e23fd4 T ext2fs_free_node
c3e23ff8 T ext2fs_read_file
c3e24474 t ext2fs_iterate_dir
c3e246d4 T ext2fs_find_file1
c3e24958 T ext2fs_find_file
c3e249d0 T ext2fs_ls
c3e24a48 T ext2fs_open
c3e24ad8 T ext2fs_close
c3e24b8c T ext2fs_read
c3e24bc4 T ext2fs_mount
c3e24c70 T ext2fs_set_blk_dev
c3e24cc4 T ext2fs_devread
c3e24e84 T get_dev
c3e24ee8 T dev_print
c3e25090 T init_part
c3e250ac T get_partition_info
c3e250d4 T print_part
c3e251b0 t le32_to_int
c3e251d4 t is_extended
c3e251ec t print_partition_extended
c3e253a0 t get_partition_info_extended
c3e255a0 T test_part_dos
c3e255f0 T print_part_dos
c3e2561c T get_partition_info_dos
c3e2563c t nand_block_bad_scrub
c3e25644 T nand_erase_opts
c3e25a04 T nand_write_opts
c3e25f8c T nand_read_opts
c3e26394 T nand_lock
c3e263e8 T nand_get_lock_status
c3e26474 T nand_unlock
c3e26588 T GregorianDay
c3e26670 T to_tm
c3e26774 T mktime
c3e2680c T rtc_get
c3e26930 T rtc_set
c3e26aa8 T rtc_reset
c3e26acc t usb_stor_irq
c3e26ae8 t usb_request_sense
c3e26b50 t usb_stor_BBB_reset
c3e26c3c t usb_stor_CB_reset
c3e26d28 t usb_test_unit_ready.constprop.5
c3e26da8 T usb_stor_get_dev
c3e26dc4 T usb_show_progress
c3e26dd0 T usb_stor_read
c3e26fd4 T usb_stor_info
c3e27040 T usb_stor_BBB_comdat
c3e2711c T usb_stor_CB_comdat
c3e27340 T usb_stor_CBI_get_status
c3e27408 T usb_stor_CB_transport
c3e27600 T usb_stor_BBB_clear_endpt_stall
c3e27650 T usb_stor_BBB_transport
c3e27810 T usb_storage_probe
c3e27a1c T usb_stor_get_info
c3e27c90 T usb_stor_scan
c3e27ddc T __div64_32
c3e28158 r __func__.2645
c3e281ec r __func__.2941
c3e281fe r __func__.2986
c3e2820c r __func__.2937
c3e2821e r __func__.2994
c3e2822e r __func__.2924
c3e2823b r __func__.2946
c3e28249 r __func__.2839
c3e28255 r __func__.2843
c3e28264 r __func__.3049
c3e2826f r __func__.2961
c3e2827a r __func__.2970
c3e28286 r __func__.3005
c3e28298 r __func__.2980
c3e282a5 r __func__.2933
c3e282b0 r __func__.3068
c3e282bb r __func__.3094
c3e282c5 r __func__.3135
c3e282d0 R version_string
c3e28312 r default_nand_name
c3e28317 r __FUNCTION__.3416
c3e28325 r __FUNCTION__.3184
c3e28337 r __FUNCTION__.2936
c3e28348 r __FUNCTION__.3573
c3e28357 r nand_ecc_precalc_table
c3e28458 r CSWTCH.51
c3e284a4 r CSWTCH.52
c3e284ec r CSWTCH.53
c3e28510 r CSWTCH.54
c3e2851c r CSWTCH.64
c3e28534 r CSWTCH.28
c3e28554 r crc16_tab
c3e28754 r __func__.2217
c3e28760 r crc_table
c3e28b60 r border
c3e28bac r inflate_mask
c3e28bf0 r cc_to_error
c3e28c30 r __func__.2795
c3e28c38 r __func__.2780
c3e28c4a r __func__.2980
c3e28c53 r __func__.2877
c3e28c5f R aDescStr0
c3e28c63 R desc_string1
c3e28c89 R desc_string2
c3e28cb5 R device_qualifier
c3e28cc0 r block_drvr
c3e30e78 D init_sequence
c3e30eac D NetOurVLAN
c3e30eae D NetBcastAddr
c3e30eb4 D NetOurNativeVLAN
c3e30eb6 d TftpBlkSize
c3e30eb8 d nfs_offset
c3e30ebc D nand_curr_device
c3e30ec0 d nand_oob_8
c3e31010 d nand_oob_16
c3e31160 d nand_oob_64
c3e312b0 D nand_manuf_ids
c3e312f0 D nand_flash_ids
c3e31878 d largepage_flashbased
c3e3189c d smallpage_flashbased
c3e318c0 d largepage_memorybased
c3e318e4 d smallpage_memorybased
c3e31908 d bbt_main_descr
c3e3192c d bbt_mirror_descr
c3e31950 d agand_flashbased
c3e31974 d mirror_pattern
c3e31978 d bbt_pattern
c3e3197c d scan_agand_pattern
c3e31982 d scan_ff_pattern
c3e31984 d retry_time
c3e31988 d hist_cur
c3e3198c d uimage_os
c3e319ec d uimage_arch
c3e31adc d uimage_type
c3e31b54 d uimage_comp
c3e31b84 D load_addr
c3e31b88 D weekdays
c3e31ba4 D op_table
c3e31c0c d do_echo
c3e31c10 D dp_last_length
c3e31c14 D stdio_names
c3e31c20 d av_
c3e32028 d sbrk_base
c3e3202c d trim_threshold
c3e32030 d mmap_threshold
c3e32034 D default_environment
c3e32334 D default_environment_size
c3e32338 d reserved_list
c3e323bc D env_name_spec
c3e323c0 D _ctype
c3e324c0 d fixed_left
c3e324c4 d cplens
c3e32540 d cplext
c3e325bc d cpdist
c3e32634 d cpdext
c3e326ac D z_errmsg
c3e326cc D zlib_version
c3e326d0 d root_hub_dev_des
c3e326e2 d root_hub_config_des
c3e326fb d root_hub_str_index0
c3e326ff d root_hub_str_index1
c3e3271c d width
c3e32720 d cur_part
c3e32724 D indir1_blkno
c3e32728 D indir2_blkno
c3e3272c d jffs2_oobinfo
c3e3287c d yaffs_oobinfo
c3e329cc d autoplace_oobinfo
c3e32b1c d month_days
c3e32b4c D us_direction
c3e32b6c D __u_boot_cmd_autoscr
c3e32b6c D __u_boot_cmd_start
c3e32b84 D __u_boot_cmd_bdinfo
c3e32b9c D __u_boot_cmd_re
c3e32bb4 D __u_boot_cmd_reset
c3e32bcc D __u_boot_cmd_go
c3e32be4 D __u_boot_cmd_imls
c3e32bfc D __u_boot_cmd_iminfo
c3e32c14 D __u_boot_cmd_bootd
c3e32c2c D __u_boot_cmd_boot
c3e32c44 D __u_boot_cmd_bootm
c3e32c5c D __u_boot_cmd_dcache
c3e32c74 D __u_boot_cmd_icache
c3e32c8c D __u_boot_cmd_coninfo
c3e32ca4 D __u_boot_cmd_date
c3e32cbc D __u_boot_cmd_bootvx
c3e32cd4 D __u_boot_cmd_bootelf
c3e32cec D __u_boot_cmd_ext2load
c3e32d04 D __u_boot_cmd_ext2ls
c3e32d1c D __u_boot_cmd_fatinfo
c3e32d34 D __u_boot_cmd_fatls
c3e32d4c D __u_boot_cmd_fatload
c3e32d64 D __u_boot_cmd_protect
c3e32d7c D __u_boot_cmd_erase
c3e32d94 D __u_boot_cmd_flinfo
c3e32dac D __u_boot_cmd_itest
c3e32dc4 D __u_boot_cmd_loady
c3e32ddc D __u_boot_cmd_loadb
c3e32df4 D __u_boot_cmd_loads
c3e32e0c D __u_boot_cmd_mtest
c3e32e24 D __u_boot_cmd_loop
c3e32e3c D __u_boot_cmd_base
c3e32e54 D __u_boot_cmd_crc32
c3e32e6c D __u_boot_cmd_cmp
c3e32e84 D __u_boot_cmd_cp
c3e32e9c D __u_boot_cmd_mw
c3e32eb4 D __u_boot_cmd_nm
c3e32ecc D __u_boot_cmd_mm
c3e32ee4 D __u_boot_cmd_md
c3e32efc D __u_boot_cmd_sleep
c3e32f14 D __u_boot_cmd_mmcinit
c3e32f2c D __u_boot_cmd_nboot
c3e32f44 D __u_boot_cmd_nand
c3e32f5c D __u_boot_cmd_ping
c3e32f74 D __u_boot_cmd_nfs
c3e32f8c D __u_boot_cmd_dhcp
c3e32fa4 D __u_boot_cmd_rarpboot
c3e32fbc D __u_boot_cmd_tftpboot
c3e32fd4 D __u_boot_cmd_bootp
c3e32fec D __u_boot_cmd_run
c3e33004 D __u_boot_cmd_saveenv
c3e3301c D __u_boot_cmd_setenv
c3e33034 D __u_boot_cmd_printenv
c3e3304c D __u_boot_cmd_reginfo
c3e33064 D __u_boot_cmd_dnw
c3e3307c D __u_boot_cmd_imxtract
c3e33094 D __u_boot_cmd_question_mark
c3e330ac D __u_boot_cmd_help
c3e330c4 D __u_boot_cmd_exit
c3e330dc D __u_boot_cmd_test
c3e330f4 D __u_boot_cmd_echo
c3e3310c D __u_boot_cmd_version
c3e33124 D __u_boot_cmd_insnand
c3e3313c D __u_boot_cmd_movi
c3e33154 B __bss_start
c3e33154 D __u_boot_cmd_end
c3e33200 B movi_hc
c3e33204 B timer_load_val
c3e33208 b lastdec
c3e3320c b timestamp
c3e33210 b ocr_check
c3e33214 b HS_DMA_END
c3e33218 b rca
c3e3321c b mmc_card
c3e33220 b mmc_spec
c3e33224 b mmc_dev
c3e33290 b HCLK
c3e33294 b card_mid
c3e33298 b sd_spec
c3e3329c b wt_cnt_HSMMC
c3e332a0 b BlockNum_HSMMC
c3e332a4 b WriteBlockCnt_INT
c3e332a8 b BufferBoundary_INT_Cnt
c3e332ac b CompareCnt_INT
c3e332b0 b Compare_buffer_HSMMC
c3e332b4 b rd_cnt_HSMMC
c3e332b8 b ReadBlockCnt_INT
c3e332bc b Tx_buffer_HSMMC
c3e332c0 b COMPARE_INT_DONE
c3e332c4 b Rx_buffer_HSMMC
c3e332c8 b HS_CARD_DETECT
c3e332cc b READINT_DONE
c3e332d0 b WRITEINT_DONE
c3e332d4 b mem_malloc_brk
c3e332d8 b mem_malloc_start
c3e332dc b mem_malloc_end
c3e332e0 B monitor_flash_len
c3e332e4 B NetState
c3e332e8 B NetPingIP
c3e332ec b timeHandler
c3e332f0 b timeStart
c3e332f4 b timeDelta
c3e332f8 b packetHandler
c3e332fc B NetOurEther
c3e33304 B NetTxPacket
c3e33308 B NetOurIP
c3e3330c B NetArpWaitPacketIP
c3e33310 B NetOurSubnetMask
c3e33314 B NetOurGatewayIP
c3e33318 B NetArpWaitReplyIP
c3e3331c B NetArpWaitTimerStart
c3e33320 B NetArpWaitTry
c3e33324 b mac.2612
c3e3332a B NetEtherNullAddr
c3e33330 B NetArpWaitPacketMAC
c3e33334 B NetArpWaitTxPacket
c3e33338 B NetIPID
c3e3333c b PingSeqNo
c3e33340 B NetArpWaitTxPacketSize
c3e33344 B NetRxPkt
c3e33348 B NetRxPktLen
c3e3334c B NetServerIP
c3e33350 B NetServerEther
c3e33356 B PktBuf
c3e35178 B NetRxPackets
c3e35188 B NetArpWaitPacketBuf
c3e357a8 B NetBootFileXferSize
c3e357ac B BootFile
c3e3582c B NetBootFileSize
c3e3582e B NetOurRootPath
c3e3586e B NetOurHostName
c3e3588e B NetOurNISDomain
c3e358b0 B NetOurDNSIP
c3e358b4 b TftpState
c3e358b8 b tftp_filename
c3e35938 b TftpBlock
c3e3593c b TftpServerIP
c3e35940 b TftpServerPort
c3e35944 b TftpOurPort
c3e35948 b TftpBlockWrap
c3e3594c b TftpBlockWrapOffset
c3e35950 b TftpLastBlock
c3e35954 b TftpTimeoutCount
c3e35958 b default_filename
c3e35968 B dhcp_leasetime
c3e3596c B NetDHCPServerIP
c3e35970 B BootpID
c3e35974 B dhcp_state
c3e35978 B BootpTry
c3e3597c B RarpTry
c3e35980 b rpc_id
c3e35984 b NfsSrvMountPort
c3e35988 b NfsSrvNfsPort
c3e3598c b fs_mounted
c3e35990 b dirfh
c3e359b0 b filefh
c3e359d0 b nfs_path
c3e359d4 b NfsServerIP
c3e359d8 b NfsOurPort
c3e359dc b NfsState
c3e359e0 b nfs_filename
c3e359e4 b nfs_len
c3e359e8 b NfsDownloadState
c3e359ec b NfsTimeoutCount
c3e359f0 b nfs_path_buff
c3e361f0 b default_filename
c3e36230 B nand_info
c3e362e4 b nand_chip
c3e363e8 b dm9000_info
c3e36494 b nfloor
c3e36498 b endtime
c3e364a0 b initted.2390
c3e364a4 b hist_max
c3e364a8 b hist_add_idx
c3e364ac B hist_num
c3e364b0 B hist_list
c3e36500 B hist_lines
c3e37900 B console_buffer
c3e37a00 b images
c3e37a50 b os_data_state
c3e37a54 B os_data_count
c3e37a58 b os_data_addr
c3e37a5c b bin_start_address
c3e37a60 B his_pad_count
c3e37a64 B his_pad_char
c3e37a65 b a_b
c3e37a7d B his_eol
c3e37a80 b k_data_escape
c3e37a84 B os_data_init
c3e37a88 b k_data_escape_saved
c3e37a8c b os_data_state_saved
c3e37a90 b os_data_count_saved
c3e37a94 b os_data_addr_saved
c3e37a98 B os_data_char
c3e37a9c B his_quote
c3e37aa0 B send_ptr
c3e37aa4 B send_parms
c3e37ab8 b base_address
c3e37abc B dp_last_addr
c3e37ac0 B dp_last_size
c3e37ac4 B mm_last_addr
c3e37ac8 B mm_last_size
c3e37acc b ctrlc_disabled
c3e37ad0 b ctrlc_was_pressed
c3e37ad4 B devlist
c3e37ad8 B stdio_devices
c3e37ae4 b current_mallinfo
c3e37b0c b top_pad
c3e37b10 b max_sbrked_mem
c3e37b14 b max_total_mem
c3e37b18 b n_mmaps_max
c3e37b1c b buf.2642
c3e37b44 B last_return_code
c3e37b48 b top_vars
c3e37b4c b flag_repeat
c3e37b50 b do_repeat
c3e37b54 b the_command.2443
c3e37c54 b local.2427
c3e37c6a b map
c3e37d6c b ifs
c3e37d70 B nesting_level
c3e37d74 b asynch_allowed
c3e37d78 B usb_started
c3e37d7c b usb_hub_index
c3e37d80 b setup_packet
c3e37d88 b usb_dev
c3e44608 b dev_index
c3e4460c b hub_dev
c3e4470c b running
c3e44710 b xyz
c3e44b4c B ofsinfo
c3e44b64 B env_ptr
c3e44b68 B flash_info
c3e45f74 B ___strtok
c3e45f78 b fixed_mem
c3e47008 b fixed_lock
c3e4700c b fixed_built
c3e47010 b fixed_bl
c3e47014 b fixed_tl
c3e47018 b fixed_bd
c3e4701c b fixed_td
c3e47100 B ptd
c3e47104 b gohci
c3e471cc B urb_priv
c3e472a0 B ohci_dev
c3e47430 B devgone
c3e47434 B got_rhsc
c3e47438 B phcca
c3e47500 B ghcca
c3e47600 B gtd
c3e48640 b ohci_inited
c3e48700 B nand_type
c3e48704 B cur_ecc_mode
c3e48708 b RCA
c3e4870c b sd_spec
c3e48710 B card
c3e48714 b mmc_spec
c3e48718 b mmc_ready
c3e4871c b mmc_buf
c3e4891c b mmc_dev
c3e48988 b desc
c3e489bc B udc_speed
c3e489c0 B ep0_maxpktsize
c3e489c4 B ep1_maxpktsize
c3e489c8 B ep3_maxpktsize
c3e489cc B download_addr
c3e489d0 B download_filesize
c3e489d4 B upload_ptr
c3e489d8 B download_ptr
c3e489dc B upload_size
c3e489e0 b dev_req
c3e489e4 B s3c_ep0_state
c3e489e8 B remote_wakeup
c3e489ec b get_status
c3e489f0 B s3c_ep0_sub_state
c3e489f4 b get_intf
c3e489f8 B config_value
c3e489fc b op_mode
c3e48a00 B s3c_usbd_dn_addr
c3e48a04 B s3c_receive_done
c3e48a08 B s3c_got_header
c3e48a0c B DNW
c3e48a10 b params
c3e48a14 b part_offset
c3e48a18 b cur_dev
c3e48a1c B get_vfatname_block
c3e58a1c B do_fat_read_block
c3e68a1c B get_dentfromdir_block
c3e78a1c B ext2fs_root
c3e78a20 B indir1_block
c3e78a24 B indir1_size
c3e78a28 B indir2_block
c3e78a2c B indir2_size
c3e78a30 B symlinknest
c3e78a34 B ext2fs_file
c3e78a38 b ext2fs_block_dev_desc
c3e78a3c b part_info
c3e78a88 b none_oobinfo
c3e78bd8 b data_buf
c3e793d8 b oob_buf
c3e79418 b usb_ccb
c3e794a8 b usb_dev_desc
c3e796c4 b usb_max_devs
c3e796c8 b CBWTag
c3e796cc b usb_stor_buf
c3e798cc b usb_stor
c3e799d0 B _end
