c3e00000 T _start
c3e00020 t _undefined_instruction
c3e00024 t _software_interrupt
c3e00028 t _prefetch_abort
c3e0002c t _data_abort
c3e00030 t _not_used
c3e00034 t _irq
c3e00038 t _fiq
c3e00040 t _TEXT_BASE
c3e00044 t _TEXT_PHY_BASE
c3e00048 T _armboot_start
c3e0004c T _bss_start
c3e00050 T _bss_end
c3e00054 t reset
c3e00080 t cpu_init_crit
c3e000a8 t check_boot_device
c3e000e0 t relocate
c3e000f8 t copy_loop
c3e0010c t nand_copy
c3e00114 t after_copy
c3e00124 t enable_mmu
c3e00134 t mmu_on
c3e00150 t stack_setup
c3e00154 t clear_bss
c3e00160 t clbss_l
c3e00174 t _start_armboot
c3e00178 T copy_from_nand
c3e001e4 t copy_failed
c3e001ec t compare_failed
c3e001f4 T theLastJump
c3e00210 t phy_last_jump
c3e00240 t undefined_instruction
c3e00260 t software_interrupt
c3e00280 t prefetch_abort
c3e002a0 t data_abort
c3e00300 t not_used
c3e00320 t irq
c3e00340 t fiq
c3e00350 t PMCTL1_ADDR
c3e00354 t PMST_ADDR
c3e00358 t PMSR0_ADDR
c3e0035c t GPBCON
c3e00360 t GPBDAT
c3e00364 t GPFCON_reg
c3e00368 t GPFDAT_reg
c3e00380 t sleep_setting
c3e003c0 t set_sdram_refresh
c3e00400 t WakeupStart
c3e004c0 T sdr_ctrl_asm_init
c3e00658 T cleanDCache
c3e00664 T cleanFlushDCache
c3e00670 T cleanFlushCache
c3e00680 t _TEXT_BASE
c3e00684 T lowlevel_init
c3e00728 t system_clock_init
c3e0078c t uart_asm_init
c3e007d8 t nand_asm_init
c3e00848 t sdram_bank_set_val
c3e0085c t sdram_bank_sel_val_alt
c3e00864 T make_mmu_table
c3e00904 T copy_uboot_to_ram
c3e00a4c T movi_set_ofs
c3e00aa0 T movi_bl2_copy
c3e00adc T movi_read_env
c3e00af0 T movi_write_env
c3e00b04 T movi_init
c3e00b34 T movi_set_capacity
c3e00b74 T __div0
c3e00b78 T enable_interrupts
c3e00b7c T disable_interrupts
c3e00b84 t READ_TIMER
c3e00b98 T set_timer
c3e00ba8 T reset_timer_masked
c3e00bc8 T reset_timer
c3e00bcc T get_timer_masked
c3e00c10 T get_timer
c3e00c24 T udelay
c3e00c94 T udelay_masked
c3e00d08 T get_ticks
c3e00d1c T get_tbclk
c3e00d34 T interrupt_init
c3e00dac T show_regs
c3e00eec T bad_mode
c3e00f08 T do_irq
c3e00f2c T do_fiq
c3e00f50 T do_not_used
c3e00f74 T do_data_abort
c3e00f98 T do_prefetch_abort
c3e00fbc T do_software_interrupt
c3e00fe0 T do_undefined_instruction
c3e01004 t read_p15_c1
c3e0100c t write_p15_c1
c3e01014 t cp_delay
c3e01040 T cpu_init
c3e01048 T icache_enable
c3e01064 T icache_disable
c3e01080 T icache_status
c3e01094 T dcache_enable
c3e010b0 T dcache_status
c3e010c4 T dcache_disable
c3e010e4 T cleanup_before_linux
c3e0110c T check_cpu_clock
c3e01184 T do_clock_test
c3e01194 T reset_cpu
c3e011d8 T do_reset
c3e011f0 T mmc_get_dev
c3e011fc t wait_for_r_buf_ready
c3e01258 t wait_for_data_done
c3e01274 t ClearCommandCompleteStatus
c3e01298 t ClearTransferCompleteStatus
c3e012c0 t ClearBufferReadReadyStatus
c3e012e8 t card_irq_enable
c3e01310 T hsmmc_reset
c3e01324 T hsmmc_set_gpio
c3e01374 t set_transfer_mode_register
c3e013a8 t set_arg_register
c3e013b8 t set_blkcnt_register
c3e013d0 t SetSystemAddressReg
c3e013e0 t ClearErrInterruptStatus
c3e0140c t hsmmc_clock_onoff
c3e01458 t set_cmd_register
c3e014b8 t set_hostctl_speed
c3e014dc t check_dma_int
c3e01540 t set_clock
c3e015c4 t wait_for_cmd_done
c3e01620 t issue_command
c3e01718 t check_card_status
c3e01754 t set_mmc_speed
c3e01790 t T.105
c3e017ac t process_ext_csd
c3e0187c T movi_write
c3e019e4 T movi_read
c3e01b10 T mmc_bread
c3e01b48 t set_sd_speed
c3e01c30 T hsmmc_init
c3e0226c T test_hsmmc
c3e02794 t T.34
c3e0279c T serial_setbrg
c3e027e8 T serial_init
c3e027f8 T serial_tstc
c3e0280c T serial_putc
c3e0283c T serial_puts
c3e02864 T serial_getc
c3e02880 t get_PLLCLK
c3e028c8 T get_UCLK
c3e028d0 T get_FCLK
c3e028d8 T get_ARMCLK
c3e02980 T get_HCLK
c3e029b4 T get_PCLK
c3e029dc T print_cpuinfo
c3e02a80 T __divsi3
c3e02b98 t Ldiv0
c3e02bc0 T __udivsi3
c3e02bd8 t Loop1
c3e02bec t Lbignum
c3e02c00 t Loop3
c3e02c40 t Lgot_result
c3e02c48 t Ldiv0
c3e02c58 T __umodsi3
c3e02c6c t Loop1
c3e02c80 t Lbignum
c3e02c94 t Loop3
c3e02cfc t Ldiv0
c3e02d0c T sbrk
c3e02d44 T __coloured_LED_init
c3e02d44 W coloured_LED_init
c3e02d48 T __red_LED_on
c3e02d48 W red_LED_on
c3e02d4c T __red_LED_off
c3e02d4c W red_LED_off
c3e02d50 T __green_LED_on
c3e02d50 W green_LED_on
c3e02d54 T __green_LED_off
c3e02d54 W green_LED_off
c3e02d58 T __yellow_LED_on
c3e02d58 W yellow_LED_on
c3e02d5c T __yellow_LED_off
c3e02d5c W yellow_LED_off
c3e02d60 T hang
c3e02d70 t display_dram_config
c3e02dac t display_banner
c3e02dcc t init_baudrate
c3e02e2c T strmhz
c3e02e94 T start_armboot
c3e03060 T __modsi3
c3e03134 t Ldiv0
c3e03160 t __fswab16
c3e03178 t __fswab32
c3e03194 t startAgainTimeout
c3e031a8 t startAgainHandler
c3e031ac T NetSetHandler
c3e031bc T NetCksum
c3e03204 T NetCksumOk
c3e03228 T copy_filename
c3e03280 T string_to_VLAN
c3e032cc T getenv_VLAN
c3e032dc T string_to_ip
c3e03348 T getenv_IPaddr
c3e03358 T NetEthHdrSize
c3e0339c T VLAN_to_string
c3e033fc T ip_to_string
c3e03440 T print_IPaddr
c3e0345c t NetCopyIP
c3e03464 T NetSetIP
c3e03564 T NetSetEther
c3e03610 t NetReadIP
c3e0362c t PingHandler
c3e03654 t NetWriteIP
c3e03670 T NetSendPacket
c3e03674 T ArpRequest
c3e03760 T NetReceive
c3e03cc8 T PingSend
c3e03e04 T NetSetTimeout
c3e03e34 T NetSendUDPPacket
c3e03f70 T NetStartAgain
c3e03fec T ArpTimeoutCheck
c3e04060 t PingTimeout
c3e0407c T NetLoop
c3e0448c t __fswab16
c3e044a4 t TftpSend
c3e04624 T TftpStart
c3e04888 t TftpTimeout
c3e048e4 t TftpHandler
c3e04b84 t __fswab16
c3e04b9c t __fswab32
c3e04bb8 t truncate_sz
c3e04bec t NetCopyLong
c3e04bf4 t NetCopyIP
c3e04bfc t NetReadLong
c3e04c18 t DhcpOptionsProcess
c3e04de8 t DhcpExtended
c3e04f84 t T.63
c3e04fa4 t DhcpHandler
c3e0530c T BootpRequest
c3e054b8 T DhcpRequest
c3e054bc t BootpTimeout
c3e05504 T RarpRequest
c3e05600 t RarpHandler
c3e0565c t RarpTimeout
c3e056a4 T eth_initialize
c3e056ac t __fswab32
c3e056c8 t basename
c3e05704 t dirname
c3e05720 t rpc_add_credentials
c3e057f4 t rpc_lookup_reply
c3e05894 t nfs_mount_reply
c3e05928 t nfs_umountall_reply
c3e059a8 t nfs_lookup_reply
c3e05a34 t rpc_req
c3e05b38 t rpc_lookup_req
c3e05b98 t nfs_mount_req
c3e05c2c t nfs_umountall_req
c3e05c84 t nfs_lookup_req
c3e05d2c t nfs_read_req
c3e05da4 t nfs_readlink_req
c3e05df4 t NfsSend
c3e05e88 T NfsStart
c3e060c0 t NfsTimeout
c3e06108 t nfs_readlink_reply
c3e06200 t nfs_read_reply
c3e0633c t NfsHandler
c3e0651c T nand_init
c3e065b8 t generic_ffs
c3e0660c t nand_release_device
c3e06624 t nand_read_byte
c3e06634 t nand_read_byte16
c3e06648 t nand_read_word
c3e06658 t nand_write_buf
c3e06684 t nand_read_buf
c3e066ac t nand_verify_buf
c3e066ec t nand_write_buf16
c3e06720 t nand_read_buf16
c3e06754 t nand_verify_buf16
c3e0679c t nand_block_bad
c3e068a8 t nand_check_wp
c3e068e4 T nand_wait_ready
c3e068f8 t nand_read_page_raw
c3e06930 t nand_read_page_swecc
c3e06a3c t nand_read_page_hwecc
c3e06b68 t nand_read_page_syndrome
c3e06c8c t nand_read_oob_std
c3e06cd0 t nand_read_oob_syndrome
c3e06dcc t nand_write_oob_std
c3e06e3c t nand_write_oob_syndrome
c3e06fec t nand_write_page_raw
c3e07020 t nand_write_page_swecc
c3e070d8 t nand_write_page_hwecc
c3e07198 t nand_write_page_syndrome
c3e07288 t single_erase_cmd
c3e072c4 t multi_erase_cmd
c3e07350 t nand_sync
c3e07354 t nand_suspend
c3e0735c T nand_release
c3e07384 t nand_resume
c3e073a4 T nand_scan_ident
c3e07860 T nand_scan_tail
c3e07d20 T nand_scan
c3e07d40 t nand_select_chip
c3e07d9c t nand_fill_oob
c3e07ea8 t nand_do_write_oob
c3e07fb0 t nand_do_write_ops
c3e082d0 t nand_write_oob
c3e08364 t nand_write
c3e083e4 t nand_transfer_oob
c3e084f0 t nand_write_page
c3e085b0 t nand_do_read_ops
c3e08950 t nand_read_oob
c3e08b10 T nand_read
c3e08b90 t nand_command
c3e08d4c t nand_command_lp
c3e08f94 t nand_default_block_markbad
c3e0903c T nand_erase_nand
c3e092f4 t nand_erase
c3e092fc t nand_wait
c3e093d0 t nand_block_isbad
c3e09420 t nand_block_markbad
c3e0945c T nand_calculate_ecc
c3e09550 T nand_correct_data
c3e09670 t check_pattern
c3e09720 t scan_read_raw
c3e0976c t search_bbt
c3e0991c T nand_isbad_bbt
c3e0996c t create_bbt
c3e09cd8 t read_bbt
c3e09ed0 t read_abs_bbt
c3e09fb0 t write_bbt
c3e0a63c T nand_update_bbt
c3e0a788 t mark_bbt_region
c3e0a910 T nand_scan_bbt
c3e0ad78 T nand_default_bbt
c3e0ae3c t dm9000_outblk_8bit
c3e0ae60 t dm9000_outblk_16bit
c3e0ae94 t dm9000_outblk_32bit
c3e0aec8 t dm9000_inblk_8bit
c3e0aeec t dm9000_inblk_16bit
c3e0af20 t dm9000_inblk_32bit
c3e0af54 t dm9000_rx_status_32bit
c3e0af74 t dm9000_rx_status_16bit
c3e0af94 t dm9000_rx_status_8bit
c3e0afc4 t DM9000_ior
c3e0afd8 t DM9000_iow
c3e0aff0 T write_srom_word
c3e0b048 T read_srom_word
c3e0b09c t phy_write
c3e0b0f4 T eth_halt
c3e0b12c t phy_read
c3e0b184 t dm9000_reset
c3e0b224 T eth_rx
c3e0b368 T eth_send
c3e0b438 T eth_init
c3e0b9cc T __show_boot_progress
c3e0b9cc W show_boot_progress
c3e0b9d0 T parse_line
c3e0ba5c T do_run
c3e0bad0 T run_command
c3e0be98 t cread_add_char
c3e0bf84 t cread_add_str
c3e0bfd8 T readline_into_buffer
c3e0c638 T readline
c3e0c644 T main_loop
c3e0c758 t __fswab32
c3e0c774 T autoscript
c3e0c8a0 T do_autoscript
c3e0c8e4 t print_num
c3e0c8f8 T do_bdinfo
c3e0c9f0 t __fswab32
c3e0ca0c t image_get_data
c3e0ca14 t image_check_type
c3e0ca2c T image_multi_count
c3e0ca54 t get_table_entry_name
c3e0ca80 T genimg_get_os_name
c3e0ca98 T genimg_get_arch_name
c3e0cab0 T genimg_get_type_name
c3e0cac8 T genimg_get_comp_name
c3e0cae0 T genimg_get_image
c3e0cae4 T genimg_has_config
c3e0caec t get_table_entry_id
c3e0cb38 T genimg_get_comp_id
c3e0cb50 T genimg_get_type_id
c3e0cb68 T genimg_get_arch_id
c3e0cb80 T genimg_get_os_id
c3e0cb98 t image_check_magic
c3e0cbbc T genimg_get_format
c3e0cbf8 t image_get_data_size
c3e0cc00 t image_get_load
c3e0cc08 T image_multi_getimg
c3e0cc90 T memmove_wd
c3e0cc94 T getenv_bootm_size
c3e0ccc8 T getenv_bootm_low
c3e0ccfc T getenv_yesno
c3e0cd20 t genimg_print_size
c3e0cd4c T image_print_contents
c3e0cf30 T image_check_dcrc
c3e0cf78 T image_check_hcrc
c3e0cfcc T boot_get_ramdisk
c3e0d224 W do_go_exec
c3e0d23c T do_go
c3e0d2c0 t __fswab32
c3e0d2dc T __board_lmb_reserve
c3e0d2dc W board_lmb_reserve
c3e0d2e0 t do_imls
c3e0d394 t image_check_magic
c3e0d3b8 t image_info
c3e0d480 t image_get_size
c3e0d488 t image_get_ep
c3e0d490 T print_image_hdr
c3e0d638 T do_iminfo
c3e0d698 T do_bootd
c3e0d6bc T do_bootm
c3e0dde4 t on_off
c3e0de20 T do_dcache
c3e0dea4 T do_icache
c3e0df28 T do_coninfo
c3e0e02c t cnvrt2
c3e0e070 T mk_date
c3e0e238 T do_date
c3e0e340 T valid_elf_image
c3e0e394 T load_elf_image
c3e0e494 T do_bootvx
c3e0e610 W do_bootelf_exec
c3e0e654 T do_bootelf
c3e0e6ec T do_ext2load
c3e0e9c4 T do_ext2ls
c3e0eb08 T do_fat_fsinfo
c3e0ebe0 T do_fat_ls
c3e0ece8 T do_fat_fsload
c3e0ee6c t flash_fill_sect_ranges
c3e0f01c T flash_sect_protect
c3e0f114 t addr_spec
c3e0f274 t abbrev_spec
c3e0f3b8 T do_protect
c3e0f660 T flash_sect_erase
c3e0f740 T do_flerase
c3e0f8d4 T do_flinfo
c3e0f950 t evalstr
c3e0f96c t evalexp
c3e0f9b4 T binary_test
c3e0fb94 T do_itest
c3e0fc3c T ktrans
c3e0fc64 T chk1
c3e0fc94 t bin_data_init
c3e0fcb4 t bin_data_char
c3e0fce8 T k_data_init
c3e0fd08 T k_data_save
c3e0fd30 T k_data_restore
c3e0fd58 T k_data_char
c3e0fdac T send_pad
c3e0fddc T s1_sendpacket
c3e0fe08 T handle_send_packet
c3e0ffcc T send_nack
c3e1002c T send_ack
c3e1008c t load_serial_ymodem
c3e101c0 t getcxmodem
c3e101e0 T do_load_serial_bin
c3e10640 t load_serial
c3e10864 T do_load_serial
c3e10944 T do_mem_base
c3e10988 T do_mem_crc
c3e10a40 T do_mem_mtest
c3e10b64 T cmd_get_data_size
c3e10bb4 T do_mem_loop
c3e10cb8 T do_mem_cp
c3e10eac T do_mem_cmp
c3e11048 T do_mem_mw
c3e11114 t mod_mem
c3e11268 T do_mem_nm
c3e11288 T do_mem_mm
c3e112a8 T do_mem_md
c3e11388 T do_sleep
c3e11418 T do_mmc
c3e11448 t __fswab32
c3e11464 t nand_read
c3e11484 t str2long
c3e114c0 T nand_block_write
c3e1160c T nand_block_read
c3e1178c t arg_off_size
c3e1186c T do_nandboot
c3e11aa0 T do_nand
c3e12660 T do_ping
c3e126e8 t netboot_common
c3e129e4 T do_nfs
c3e129f0 T do_dhcp
c3e129fc T do_rarpb
c3e12a08 T do_tftpb
c3e12a14 T do_bootp
c3e12a20 T envmatch
c3e12a80 T getenv_r
c3e12b20 T do_saveenv
c3e12b4c T getenv
c3e12bb4 T _do_setenv
c3e13020 T do_setenv
c3e13058 T setenv
c3e1309c T do_printenv
c3e13214 T do_reginfo
c3e1321c T do_usbd_dnw
c3e13318 T do_imgextract
c3e13554 T find_cmd
c3e135e8 T do_echo
c3e1366c T do_help
c3e13810 T do_version
c3e13830 T do_exit
c3e13860 T do_test
c3e13cc8 t console_setfile
c3e13d68 T fgetc
c3e13d90 T ftstc
c3e13db8 T fputc
c3e13de4 T fputs
c3e13e10 T disable_ctrlc
c3e13e28 T had_ctrlc
c3e13e38 T clear_ctrlc
c3e13e4c T dbg
c3e13e58 T console_init_f
c3e13e68 T console_assign
c3e13ef8 T fprintf
c3e13f40 T puts
c3e13f5c T vprintf
c3e13f88 T printf
c3e13fc8 T console_init_r
c3e1415c T serial_printf
c3e1419c T putc
c3e141bc T tstc
c3e141d4 T getc
c3e141ec T ctrlc
c3e14238 T devices_done
c3e14254 T device_deregister
c3e14370 T device_register
c3e14394 T devices_init
c3e14440 T malloc_bin_reloc
c3e14478 T malloc_usable_size
c3e144bc T mallopt
c3e14534 T malloc_trim
c3e14600 T free
c3e14824 T cfree
c3e14828 T malloc
c3e14e00 T memalign
c3e14f10 T pvalloc
c3e14f28 T valloc
c3e14f34 T calloc
c3e15014 T realloc
c3e1547c T env_get_char_memory
c3e154a0 T env_get_addr
c3e154c4 T env_get_char
c3e154f4 T env_crc_update
c3e15520 T set_default_env
c3e15568 T env_relocate
c3e155c0 t dummy
c3e155c4 T get_version
c3e155cc T jumptable_init
c3e156a4 T flash_protect
c3e15780 T addr2info
c3e157c8 T flash_perror
c3e158a8 T flash_write
c3e15a0c t b_reset
c3e15a28 T simple_itoa
c3e15a7c t static_get
c3e15a98 t static_peek
c3e15aa4 t file_peek
c3e15ab0 t setup_string_in_str
c3e15adc t indenter
c3e15aec t is_assignment
c3e15b44 T mapset
c3e15b70 T u_boot_hush_start
c3e15be4 t file_get
c3e15db0 t syntax_err
c3e15dbc t xmalloc
c3e15ddc T new_pipe
c3e15e04 t free_pipe_list
c3e15ef4 t b_free
c3e15f18 t xrealloc
c3e15f38 t done_command
c3e15fc0 t initialize_context
c3e15ff8 t done_pipe
c3e16048 T reserved_word
c3e16180 t done_word
c3e162f8 t insert_var_value
c3e164a4 T update_ifs_map
c3e16514 t b_addchr
c3e16588 t b_addqchr
c3e165d4 t T.120
c3e16750 t run_list_real
c3e16f24 t parse_stream_outer
c3e174f4 T parse_file_outer
c3e1753c T parse_string_outer
c3e17600 T GetHandleSize
c3e17608 T ListSetAllocationPolicy
c3e1761c T ListGetPtrToItem
c3e1764c T ListGetDataPtr
c3e17658 T ListGetItemSize
c3e17664 T ListNumItems
c3e17670 T ListGetItems
c3e176b4 T ListRemoveItems
c3e17754 T ListRemoveItem
c3e1775c T SetHandleSize
c3e177d8 T ListInsertItems
c3e17998 T ListInsertItem
c3e179a0 T DisposeHandle
c3e179c0 T ListDispose
c3e179c4 T NewHandle
c3e17a20 T ListCreate
c3e17a80 t hex1_bin
c3e17ab8 t hex2_bin
c3e17aec T srec_decode
c3e17d60 T usb_disable_asynch
c3e17d78 T usb_maxpacket
c3e17d9c T usb_set_maxpacket
c3e17ebc T usb_get_dev_index
c3e17eec T usb_hub_reset
c3e17f00 T usb_hub_allocate
c3e17f48 T usb_alloc_new_device
c3e17fe4 T usb_parse_config
c3e18134 T usb_submit_int_msg
c3e18138 T usb_stop
c3e18168 T wait_ms
c3e1818c T usb_bulk_msg
c3e181f0 T usb_control_msg
c3e182c8 T usb_get_port_status
c3e18328 T usb_get_hub_status
c3e1837c T usb_set_port_feature
c3e183dc T usb_clear_port_feature
c3e1843c T usb_clear_hub_feature
c3e18490 T usb_get_hub_descriptor
c3e184f0 T usb_get_string
c3e18580 t usb_string_sub
c3e18680 T usb_string
c3e1877c T usb_get_class_descriptor
c3e187f4 T usb_get_report
c3e1886c T usb_set_idle
c3e188d0 T usb_set_protocol
c3e18930 T usb_set_configuration
c3e1899c T usb_set_interface
c3e18a5c T usb_set_address
c3e18aa0 T usb_get_descriptor
c3e18b10 T usb_get_configuration_no
c3e18ba8 T usb_clear_halt
c3e18c4c t usb_hub_power_on
c3e18c90 T usb_hub_port_connect_change
c3e18dcc T usb_hub_configure
c3e18ff4 T usb_hub_probe
c3e19050 T usb_new_device
c3e19280 T usb_scan_devices
c3e192e4 T usb_init
c3e19360 T parse_num
c3e19484 T xyzModem_error
c3e194a4 T xyzModem_stream_close
c3e194f4 T CYGACC_COMM_IF_PUTC
c3e194fc T CYGACC_COMM_IF_GETC_TIMEOUT
c3e19550 t xyzModem_flush
c3e19578 T xyzModem_stream_terminate
c3e1964c t xyzModem_get_hdr
c3e198d4 T xyzModem_stream_read
c3e19b68 T xyzModem_stream_open
c3e19cbc T do_movi
c3e1a1f4 T do_insnand
c3e1a28c T env_get_char_spec
c3e1a298 T env_init
c3e1a2b4 t use_default
c3e1a2cc t T.46
c3e1a2f0 t T.47
c3e1a328 T env_relocate_spec
c3e1a390 T readenv
c3e1a40c T writeenv
c3e1a4bc T saveenv
c3e1a558 T gunzip
c3e1a6b0 T zfree
c3e1a6b8 T zalloc
c3e1a6c8 T cyg_crc16
c3e1a710 T dram_init
c3e1a744 T virt_to_phy_smdk2416
c3e1a774 T checkboard
c3e1a80c T board_late_init
c3e1a8a4 t T.31
c3e1a8b4 T board_init
c3e1a940 t write_hword
c3e1aa44 T write_buff
c3e1abb4 T flash_print_info
c3e1ace0 T flash_erase
c3e1aef8 T flash_init
c3e1aff4 T crc32
c3e1b100 T crc32_no_comp
c3e1b204 T crc32_wd
c3e1b208 T print_size
c3e1b2d0 T display_options
c3e1b2f0 T print_buffer
c3e1b450 T lmb_dump_all
c3e1b454 t lmb_addrs_adjacent
c3e1b478 t lmb_remove_region
c3e1b4b4 T lmb_init
c3e1b4dc t lmb_add_region
c3e1b6ac T lmb_add
c3e1b6b0 T lmb_free
c3e1b7a8 T lmb_reserve
c3e1b7b0 T lmb_overlaps_region
c3e1b804 t lmb_align_down
c3e1b810 T __lmb_alloc_base
c3e1b92c T lmb_is_reserved
c3e1b98c T lmb_alloc_base
c3e1b9c0 T lmb_alloc
c3e1b9c8 T strcpy
c3e1b9e4 T strncpy
c3e1ba0c T strcat
c3e1ba3c T strncat
c3e1ba98 T strcmp
c3e1bac8 T strncmp
c3e1bb10 T strchr
c3e1bb3c T strlen
c3e1bb5c T strrchr
c3e1bb94 T strnlen
c3e1bbbc T strspn
c3e1bc00 T strpbrk
c3e1bc38 T strtok
c3e1bcb4 T strsep
c3e1bce8 T strswab
c3e1bd30 T memset
c3e1bd50 T bcopy
c3e1bd78 T memcpy
c3e1bd9c T memmove
c3e1bdf8 T memcmp
c3e1be30 T memscan
c3e1be60 T strstr
c3e1bec0 T memchr
c3e1beec T strdup
c3e1bf20 T simple_strtoul
c3e1bfd0 T simple_strtol
c3e1bff8 t skip_atoi
c3e1c030 t number
c3e1c274 T panic
c3e1c2c4 T vsprintf
c3e1c6e8 T sprintf
c3e1c710 t falloc
c3e1c734 t ffree
c3e1c738 t inflate_trees_free
c3e1c76c t huft_build
c3e1cd38 t inflate_trees_fixed
c3e1cf10 t inflate_codes_new
c3e1cf60 t inflate_codes_free
c3e1cf80 t inflate_blocks_reset
c3e1d048 T inflateEnd
c3e1d0dc T inflateReset
c3e1d13c T inflateSync
c3e1d23c T inflateInit2
c3e1d380 T inflateInit
c3e1d388 T adler32
c3e1d4fc T inflateIncomp
c3e1d624 t inflate_flush
c3e1d790 T inflate
c3e1f434 t td_alloc
c3e1f470 t roothub_a
c3e1f4b4 t roothub_portstatus
c3e1f4fc T rh_check_port_status
c3e1f550 T submit_int_msg
c3e1f558 t T.89
c3e1f598 t T.91
c3e1f664 t T.88
c3e1f67c T usb_lowlevel_init
c3e1f850 T usb_lowlevel_stop
c3e1f884 t T.96
c3e1f92c T sohci_submit_job
c3e1fe70 T submit_common_msg
c3e2030c T submit_bulk_msg
c3e20324 T submit_control_msg
c3e20938 t s3c_nand_hwcontrol
c3e209a4 t s3c_nand_device_ready
c3e209bc T board_nand_init
c3e20a14 t s3c_nand_scan_bbt
c3e20a18 T mmc_ident
c3e20a20 T mmc2info
c3e20a34 t mmc_cmd
c3e20b00 t check_card_status
c3e20b68 T display_card_info
c3e20ce0 T get_sd_scr
c3e20d90 T clock_config
c3e20e64 T mmc_block_write
c3e20fc4 T mmc_block_read
c3e210d8 T mmc_write
c3e21238 T mmc_read
c3e21360 T check_mmc_ocr
c3e214b8 T check_sd_ocr
c3e21650 T mmc_init
c3e21ab4 T s3c_usbc_activate
c3e21abc T s3c_usb_stop
c3e21b20 T set_endpoint
c3e21b78 T write_ep0buf
c3e21ba0 T write_ep0buf_1byte
c3e21bb4 T write_epbuf
c3e21bf4 T read_epbuf
c3e21c34 T upload_start
c3e21ca8 T set_max_pktsize
c3e21d20 T get_desc
c3e21df8 T clear_feature
c3e21e9c T set_feature
c3e21f40 T usb_get_status
c3e21fe0 T transfer_ep0
c3e22274 T s3c_ep0_int_hndlr
c3e223f0 T udc_int_bulkin
c3e22464 t initialize_descriptors
c3e2259c T s3c_usbctl_init
c3e22694 T download_start
c3e2286c T verify_checksum
c3e22910 T download_continue
c3e229a8 T udc_int_bulkout
c3e22ad8 T s3c_udc_int_hndlr
c3e22bdc T __ashldi3
c3e22bf8 T __ashrdi3
c3e22c14 T do_bootm_linux
c3e22e68 T flush_cache
c3e22e6c t downcase
c3e22e98 T disk_read
c3e22ee4 t dirdelim
c3e22f18 t compare_sign
c3e22f48 t get_fatent
c3e230a4 t slot2str
c3e23168 t mkcksum
c3e23198 t read_bootsectandvi
c3e2328c T file_fat_detectfs
c3e233d8 t get_cluster
c3e2347c t get_vfatname
c3e23614 t get_name
c3e236d0 T do_fat_read
c3e23fdc T file_fat_read
c3e24014 T file_fat_ls
c3e24024 T fat_register_device
c3e24110 t ext2fs_read_inode
c3e241d8 T ext2fs_mount
c3e24284 T ext2fs_free_node
c3e242a4 T ext2fs_close
c3e24358 T ext2fs_read_file
c3e2482c T ext2fs_read
c3e24864 t ext2fs_iterate_dir
c3e24ae0 T ext2fs_find_file1
c3e24d70 T ext2fs_find_file
c3e24df0 T ext2fs_open
c3e24e88 T ext2fs_ls
c3e24efc T ext2fs_devread
c3e250d0 T ext2fs_set_blk_dev
c3e2511c T dev_print
c3e252c0 T get_partition_info
c3e252e4 T init_part
c3e25300 T get_dev
c3e25364 T print_part
c3e25440 t le32_to_int
c3e25464 t is_extended
c3e25484 T test_part_dos
c3e254d8 t get_partition_info_extended
c3e25714 T get_partition_info_dos
c3e25734 t print_partition_extended
c3e258f8 T print_part_dos
c3e25924 t nand_block_bad_scrub
c3e2592c T nand_lock
c3e25980 T nand_unlock
c3e25a8c T nand_get_lock_status
c3e25b18 T nand_read_opts
c3e25eb8 T nand_write_opts
c3e263c0 T nand_erase_opts
c3e26720 T GregorianDay
c3e26810 T to_tm
c3e26918 T mktime
c3e269b0 t SetRTC_Access
c3e269e0 t bcd2bin
c3e269f8 t bin2bcd
c3e26a24 T rtc_get
c3e26b0c T rtc_set
c3e26ba4 T rtc_reset
c3e26bc8 t __fswab32
c3e26be4 T usb_stor_get_dev
c3e26c00 t usb_stor_irq
c3e26c1c T usb_show_progress
c3e26c28 T usb_storage_probe
c3e26e54 T usb_stor_BBB_clear_endpt_stall
c3e26eac t usb_stor_BBB_reset
c3e26f94 t usb_stor_CB_reset
c3e2707c T usb_stor_CB_comdat
c3e272cc T usb_stor_BBB_comdat
c3e273bc T usb_stor_BBB_transport
c3e27588 T usb_stor_CBI_get_status
c3e27668 T usb_stor_CB_transport
c3e27850 T usb_stor_info
c3e278bc t T.86
c3e27930 t T.87
c3e279bc T usb_stor_read
c3e27bbc T usb_stor_get_info
c3e27e28 T usb_stor_scan
c3e27f78 T __div64_32
c3e281f4 r __func__.2984
c3e28208 r C.29.2883
c3e28288 R version_string
c3e282cc r default_nand_name
c3e282d4 r __FUNCTION__.5110
c3e282e4 r __FUNCTION__.3295
c3e282f8 r __FUNCTION__.4481
c3e28308 r __FUNCTION__.3889
c3e2831c r nand_ecc_precalc_table
c3e2841c r CSWTCH.74
c3e28468 r CSWTCH.77
c3e284b0 r CSWTCH.80
c3e284d4 r CSWTCH.83
c3e284e0 r CSWTCH.110
c3e28538 r CSWTCH.56
c3e28558 r crc16_tab
c3e28758 r __func__.2586
c3e28764 r crc_table
c3e28b64 r border
c3e28bb0 r inflate_mask
c3e28bf4 r cc_to_error
c3e28c34 r __func__.3140
c3e28c3c r __func__.3118
c3e28c50 r __func__.3686
c3e28c5c r __func__.3408
c3e28c68 R aDescStr0
c3e28c6c R desc_string1
c3e28c94 R desc_string2
c3e28cc0 R device_qualifier
c3e28ccc r block_drvr
c3e28ce4 r C.29.2528
c3e28d14 r CSWTCH.82
c3e30a14 D init_sequence
c3e30a48 D NetOurVLAN
c3e30a4c D NetBcastAddr
c3e30a52 D NetOurNativeVLAN
c3e30a54 d TftpBlkSize
c3e30a58 d nfs_offset
c3e30a5c D nand_curr_device
c3e30a60 d nand_oob_8
c3e30bb0 d nand_oob_16
c3e30d00 d nand_oob_64
c3e30e50 D nand_flash_ids
c3e313d8 D nand_manuf_ids
c3e31418 d bbt_main_descr
c3e3143c d bbt_mirror_descr
c3e31460 d agand_flashbased
c3e31484 d smallpage_flashbased
c3e314a8 d largepage_flashbased
c3e314cc d smallpage_memorybased
c3e314f0 d largepage_memorybased
c3e31514 d bbt_pattern
c3e31518 d mirror_pattern
c3e3151c d scan_agand_pattern
c3e31524 d scan_ff_pattern
c3e31528 d hist_cur
c3e3152c d uimage_os
c3e3158c d uimage_arch
c3e3167c d uimage_type
c3e316f4 d uimage_comp
c3e31724 D load_addr
c3e31728 D weekdays
c3e31744 D op_table
c3e317ac d do_echo
c3e317b0 D dp_last_length
c3e317b4 D stdio_names
c3e317c0 d av_
c3e31bc8 d trim_threshold
c3e31bcc d mmap_threshold
c3e31bd0 d sbrk_base
c3e31bd4 D default_environment
c3e31ea0 D default_environment_size
c3e31ea4 d blanks.3139
c3e31ecc d reserved_list
c3e31f50 D env_name_spec
c3e31f54 D _ctype
c3e32054 d fixed_left
c3e32058 d cplens
c3e320d4 d cplext
c3e32150 d cpdist
c3e321c8 d cpdext
c3e32240 D zlib_version
c3e32244 D z_errmsg
c3e32264 d root_hub_dev_des
c3e32278 d root_hub_config_des
c3e32294 d root_hub_str_index0
c3e32298 d root_hub_str_index1
c3e322b4 d width
c3e322b8 d cur_part
c3e322bc D indir1_blkno
c3e322c0 D indir2_blkno
c3e322c4 d autoplace_oobinfo
c3e32414 d jffs2_oobinfo
c3e32564 d yaffs_oobinfo
c3e326b4 d month_days
c3e326e4 D us_direction
c3e32704 A __u_boot_cmd_start
c3e32704 D __u_boot_cmd_autoscr
c3e3271c D __u_boot_cmd_bdinfo
c3e32734 D __u_boot_cmd_go
c3e3274c D __u_boot_cmd_reset
c3e32764 D __u_boot_cmd_re
c3e3277c D __u_boot_cmd_bootm
c3e32794 D __u_boot_cmd_boot
c3e327ac D __u_boot_cmd_bootd
c3e327c4 D __u_boot_cmd_iminfo
c3e327dc D __u_boot_cmd_imls
c3e327f4 D __u_boot_cmd_icache
c3e3280c D __u_boot_cmd_dcache
c3e32824 D __u_boot_cmd_coninfo
c3e3283c D __u_boot_cmd_date
c3e32854 D __u_boot_cmd_bootelf
c3e3286c D __u_boot_cmd_bootvx
c3e32884 D __u_boot_cmd_ext2ls
c3e3289c D __u_boot_cmd_ext2load
c3e328b4 D __u_boot_cmd_fatload
c3e328cc D __u_boot_cmd_fatls
c3e328e4 D __u_boot_cmd_fatinfo
c3e328fc D __u_boot_cmd_flinfo
c3e32914 D __u_boot_cmd_erase
c3e3292c D __u_boot_cmd_protect
c3e32944 D __u_boot_cmd_itest
c3e3295c D __u_boot_cmd_loads
c3e32974 D __u_boot_cmd_loadb
c3e3298c D __u_boot_cmd_loady
c3e329a4 D __u_boot_cmd_md
c3e329bc D __u_boot_cmd_mm
c3e329d4 D __u_boot_cmd_nm
c3e329ec D __u_boot_cmd_mw
c3e32a04 D __u_boot_cmd_cp
c3e32a1c D __u_boot_cmd_cmp
c3e32a34 D __u_boot_cmd_crc32
c3e32a4c D __u_boot_cmd_base
c3e32a64 D __u_boot_cmd_loop
c3e32a7c D __u_boot_cmd_mtest
c3e32a94 D __u_boot_cmd_sleep
c3e32aac D __u_boot_cmd_mmcinit
c3e32ac4 D __u_boot_cmd_nand
c3e32adc D __u_boot_cmd_nboot
c3e32af4 D __u_boot_cmd_bootp
c3e32b0c D __u_boot_cmd_tftpboot
c3e32b24 D __u_boot_cmd_rarpboot
c3e32b3c D __u_boot_cmd_dhcp
c3e32b54 D __u_boot_cmd_nfs
c3e32b6c D __u_boot_cmd_ping
c3e32b84 D __u_boot_cmd_printenv
c3e32b9c D __u_boot_cmd_setenv
c3e32bb4 D __u_boot_cmd_saveenv
c3e32bcc D __u_boot_cmd_run
c3e32be4 D __u_boot_cmd_reginfo
c3e32bfc D __u_boot_cmd_dnw
c3e32c14 D __u_boot_cmd_imxtract
c3e32c2c D __u_boot_cmd_version
c3e32c44 D __u_boot_cmd_echo
c3e32c5c D __u_boot_cmd_test
c3e32c74 D __u_boot_cmd_exit
c3e32c8c D __u_boot_cmd_help
c3e32ca4 D __u_boot_cmd_question_mark
c3e32cbc D __u_boot_cmd_movi
c3e32cd4 D __u_boot_cmd_insnand
c3e32cec A __bss_start
c3e32cec A __u_boot_cmd_end
c3e32d00 B movi_hc
c3e32d04 b timestamp
c3e32d08 b lastdec
c3e32d0c B timer_load_val
c3e32d10 b mmc_dev
c3e32d7c b HS_DMA_END
c3e32d80 b ocr_check
c3e32d84 b rca
c3e32d88 b wt_cnt_HSMMC
c3e32d8c b BlockNum_HSMMC
c3e32d90 b WriteBlockCnt_INT
c3e32d94 b BufferBoundary_INT_Cnt
c3e32d98 b CompareCnt_INT
c3e32d9c b Compare_buffer_HSMMC
c3e32da0 b rd_cnt_HSMMC
c3e32da4 b ReadBlockCnt_INT
c3e32da8 b HCLK
c3e32dac b mmc_card
c3e32db0 b card_mid
c3e32db4 b mmc_spec
c3e32db8 b sd_spec
c3e32dbc b Tx_buffer_HSMMC
c3e32dc0 b COMPARE_INT_DONE
c3e32dc4 b Rx_buffer_HSMMC
c3e32dc8 b mem_malloc_brk
c3e32dcc b mem_malloc_start
c3e32dd0 b mem_malloc_end
c3e32dd4 B monitor_flash_len
c3e32dd8 B NetState
c3e32ddc b packetHandler
c3e32de0 B NetIPID
c3e32de4 B NetOurIP
c3e32de8 B NetOurEther
c3e32df0 B NetPingIP
c3e32df4 B NetTxPacket
c3e32df8 B NetArpWaitPacketIP
c3e32dfc B NetOurSubnetMask
c3e32e00 B NetOurGatewayIP
c3e32e04 B NetArpWaitReplyIP
c3e32e08 B NetRxPkt
c3e32e0c B NetRxPktLen
c3e32e10 B NetArpWaitPacketMAC
c3e32e14 B NetArpWaitTxPacket
c3e32e18 B NetArpWaitTxPacketSize
c3e32e1c B NetServerIP
c3e32e20 B NetServerEther
c3e32e28 b mac.3094
c3e32e30 B NetEtherNullAddr
c3e32e36 b PingSeqNo
c3e32e38 B NetArpWaitTry
c3e32e3c B NetArpWaitTimerStart
c3e32e40 b timeHandler
c3e32e44 b timeStart
c3e32e48 b timeDelta
c3e32e4c B PktBuf
c3e34c6c B NetRxPackets
c3e34c7c B NetArpWaitPacketBuf
c3e3529c B NetBootFileXferSize
c3e352a0 B NetOurDNSIP
c3e352a4 B NetOurNISDomain
c3e352c4 B NetOurHostName
c3e352e4 B NetOurRootPath
c3e35324 B NetBootFileSize
c3e35328 B BootFile
c3e353a8 b TftpState
c3e353ac b tftp_filename
c3e3542c b TftpBlock
c3e35430 b TftpServerIP
c3e35434 b TftpServerPort
c3e35438 b TftpOurPort
c3e3543c b default_filename
c3e3544c b TftpTimeoutCount
c3e35450 b TftpBlockWrap
c3e35454 b TftpBlockWrapOffset
c3e35458 b TftpLastBlock
c3e3545c B dhcp_leasetime
c3e35460 B NetDHCPServerIP
c3e35464 B BootpID
c3e35468 B dhcp_state
c3e3546c B BootpTry
c3e35470 B RarpTry
c3e35474 b rpc_id
c3e35478 b NfsSrvMountPort
c3e3547c b NfsSrvNfsPort
c3e35480 b fs_mounted
c3e35484 b dirfh
c3e354a4 b filefh
c3e354c4 b NfsServerIP
c3e354c8 b NfsOurPort
c3e354cc b NfsState
c3e354d0 b nfs_path
c3e354d4 b nfs_filename
c3e354d8 b nfs_len
c3e354dc b NfsDownloadState
c3e354e0 b nfs_path_buff
c3e35ce0 b default_filename
c3e35d20 b NfsTimeoutCount
c3e35d24 B nand_info
c3e35dd8 b nand_chip
c3e35edc b dm9000_info
c3e35f88 b nfloor
c3e35f8c b initted.2848
c3e35f90 b hist_max
c3e35f94 b hist_add_idx
c3e35f98 B hist_num
c3e35f9c B hist_lines
c3e3739c B hist_list
c3e373ec B console_buffer
c3e374ec b images
c3e3753c b os_data_state
c3e37540 B os_data_count
c3e37544 b os_data_addr
c3e37548 b bin_start_address
c3e3754c b k_data_escape
c3e37550 B os_data_init
c3e37554 b k_data_escape_saved
c3e37558 b os_data_state_saved
c3e3755c b os_data_count_saved
c3e37560 b os_data_addr_saved
c3e37564 B os_data_char
c3e37568 B his_quote
c3e3756c B his_pad_count
c3e37570 B his_pad_char
c3e37571 B his_eol
c3e37574 B send_ptr
c3e37578 B send_parms
c3e3758c b a_b
c3e375a4 b base_address
c3e375a8 B mm_last_addr
c3e375ac B mm_last_size
c3e375b0 B dp_last_addr
c3e375b4 B dp_last_size
c3e375b8 b ctrlc_disabled
c3e375bc b ctrlc_was_pressed
c3e375c0 B devlist
c3e375c4 B stdio_devices
c3e375d0 b top_pad
c3e375d4 b n_mmaps_max
c3e375d8 b current_mallinfo
c3e37600 b max_sbrked_mem
c3e37604 b max_total_mem
c3e37608 b local.2799
c3e37620 b map
c3e37720 b top_vars
c3e37724 b flag_repeat
c3e37728 b do_repeat
c3e3772c b the_command.2828
c3e3782c b buf.3488
c3e37854 B last_return_code
c3e37858 b ifs
c3e3785c B nesting_level
c3e37860 b asynch_allowed
c3e37864 b usb_dev
c3e440e4 b usb_hub_index
c3e440e8 b hub_dev
c3e441e8 b dev_index
c3e441ec B usb_started
c3e441f0 b setup_packet
c3e441f8 b running
c3e441fc b xyz
c3e44638 B ofsinfo
c3e44650 B env_ptr
c3e44654 B flash_info
c3e45a60 B ___strtok
c3e45a64 b fixed_mem
c3e46af4 b fixed_lock
c3e46af8 b fixed_built
c3e46afc b fixed_bl
c3e46b00 b fixed_tl
c3e46b04 b fixed_bd
c3e46b08 b fixed_td
c3e46c00 B ptd
c3e46c04 B urb_priv
c3e46cd8 b gohci
c3e46da0 B phcca
c3e46e00 B ghcca
c3e46f00 B ohci_dev
c3e470a0 B gtd
c3e480e0 b ohci_inited
c3e480e4 B devgone
c3e480e8 B got_rhsc
c3e48100 B cur_ecc_mode
c3e48104 B nand_type
c3e48108 b RCA
c3e4810c B card
c3e48110 b mmc_spec
c3e48114 b sd_spec
c3e48118 b mmc_ready
c3e4811c b mmc_buf
c3e4831c b mmc_dev
c3e48388 B upload_ptr
c3e4838c B download_ptr
c3e48390 B upload_size
c3e48394 B ep1_maxpktsize
c3e48398 B udc_speed
c3e4839c B ep0_maxpktsize
c3e483a0 B ep3_maxpktsize
c3e483a4 b dev_req
c3e483a8 B s3c_ep0_state
c3e483ac B remote_wakeup
c3e483b0 b get_status
c3e483b4 b desc
c3e483e8 B s3c_ep0_sub_state
c3e483ec b get_intf
c3e483f0 B config_value
c3e483f4 b op_mode
c3e483f8 B download_filesize
c3e483fc B download_addr
c3e48400 B s3c_usbd_dn_addr
c3e48404 B s3c_receive_done
c3e48408 B s3c_got_header
c3e4840c B DNW
c3e48410 b params
c3e48414 b part_offset
c3e48418 b cur_dev
c3e4841c B get_vfatname_block
c3e5841c B do_fat_read_block
c3e6841c B get_dentfromdir_block
c3e7841c B ext2fs_root
c3e78420 B ext2fs_file
c3e78424 B indir1_block
c3e78428 B indir1_size
c3e7842c B indir2_block
c3e78430 B indir2_size
c3e78434 B symlinknest
c3e78438 b part_info
c3e78484 b ext2fs_block_dev_desc
c3e78488 b data_buf
c3e78c88 b oob_buf
c3e78cc8 b none_oobinfo
c3e78e18 b usb_dev_desc
c3e79034 b CBWTag
c3e79038 b usb_max_devs
c3e7903c b usb_ccb
c3e790cc b usb_stor_buf
c3e792cc b usb_stor
c3e793d0 A _end
