c3e00000 T _start
c3e00020 t _undefined_instruction
c3e00024 t _software_interrupt
c3e00028 t _prefetch_abort
c3e0002c t _data_abort
c3e00030 t _not_used
c3e00034 t _irq
c3e00038 t _fiq
c3e00040 t _TEXT_BASE
c3e00044 t _TEXT_PHY_BASE
c3e00048 T _armboot_start
c3e0004c T _bss_start
c3e00050 T _bss_end
c3e00054 t reset
c3e00080 t cpu_init_crit
c3e000a8 t check_boot_device
c3e000e0 t relocate
c3e000f8 t copy_loop
c3e0010c t nand_copy
c3e00114 t after_copy
c3e00124 t enable_mmu
c3e00134 t mmu_on
c3e00150 t stack_setup
c3e00154 t clear_bss
c3e00160 t clbss_l
c3e00174 t _start_armboot
c3e00178 T copy_from_nand
c3e001e4 t copy_failed
c3e001ec t compare_failed
c3e001f4 T theLastJump
c3e00210 t phy_last_jump
c3e00240 t undefined_instruction
c3e00260 t software_interrupt
c3e00280 t prefetch_abort
c3e002a0 t data_abort
c3e00300 t not_used
c3e00320 t irq
c3e00340 t fiq
c3e00350 t PMCTL1_ADDR
c3e00354 t PMST_ADDR
c3e00358 t PMSR0_ADDR
c3e0035c t GPBCON
c3e00360 t GPBDAT
c3e00364 t GPFCON_reg
c3e00368 t GPFDAT_reg
c3e00380 t sleep_setting
c3e003c0 t set_sdram_refresh
c3e00400 t WakeupStart
c3e004c0 T sdr_ctrl_asm_init
c3e00658 T cleanDCache
c3e00664 T cleanFlushDCache
c3e00670 T cleanFlushCache
c3e00680 t _TEXT_BASE
c3e00684 T lowlevel_init
c3e00728 t system_clock_init
c3e0078c t uart_asm_init
c3e007d8 t nand_asm_init
c3e00848 t sdram_bank_set_val
c3e0085c t sdram_bank_sel_val_alt
c3e00864 T make_mmu_table
c3e008f0 T copy_uboot_to_ram
c3e00a24 T movi_set_capacity
c3e00a64 T movi_set_ofs
c3e00ac4 T movi_init
c3e00af8 T movi_write_env
c3e00b0c T movi_read_env
c3e00b20 T movi_bl2_copy
c3e00b58 T __div0
c3e00b5c T enable_interrupts
c3e00b60 T disable_interrupts
c3e00b68 T bad_mode
c3e00b84 T show_regs
c3e00cc0 T do_undefined_instruction
c3e00ce4 T do_software_interrupt
c3e00d08 T do_prefetch_abort
c3e00d2c T do_data_abort
c3e00d50 T do_not_used
c3e00d74 T do_fiq
c3e00d98 T do_irq
c3e00dbc T interrupt_init
c3e00e2c T set_timer
c3e00e3c T reset_timer_masked
c3e00e64 T reset_timer
c3e00e68 T get_timer_masked
c3e00eac T get_timer
c3e00ec0 T udelay
c3e00f2c T udelay_masked
c3e00fa0 T get_ticks
c3e00fb0 T get_tbclk
c3e00fc8 t write_p15_c1
c3e00fd4 t cp_delay
c3e00ffc T cpu_init
c3e01004 T cleanup_before_linux
c3e0102c T check_cpu_clock
c3e0109c T do_clock_test
c3e010ac T reset_cpu
c3e010f0 T do_reset
c3e01108 T icache_enable
c3e01120 T icache_disable
c3e01138 T icache_status
c3e01148 T dcache_enable
c3e01160 T dcache_disable
c3e0117c T dcache_status
c3e0118c t wait_for_r_buf_ready
c3e011d8 t ClearCommandCompleteStatus
c3e011f8 t ClearTransferCompleteStatus
c3e0121c t ClearBufferReadReadyStatus
c3e01240 t ClearErrInterruptStatus
c3e01268 t set_hostctl_speed
c3e012a4 t wait_for_data_done
c3e012d0 t set_cmd_register
c3e0133c t wait_for_cmd_done
c3e013c4 t issue_command
c3e014d8 t set_mmc_speed
c3e01524 t check_dma_int
c3e015b0 t check_card_status
c3e01620 t process_ext_csd
c3e0170c t set_sd_speed
c3e01808 t set_clock.constprop.7
c3e018d4 t set_bus_width.constprop.6
c3e01a18 T mmc_get_dev
c3e01a24 T hsmmc_reset
c3e01a50 T hsmmc_set_gpio
c3e01ab8 T hsmmc_init
c3e023e4 T movi_write
c3e0256c T movi_read
c3e026a4 T mmc_bread
c3e026fc T test_hsmmc
c3e02cd0 T serial_setbrg
c3e02d18 T serial_init
c3e02d28 T serial_getc
c3e02d44 T serial_putc
c3e02d70 T serial_tstc
c3e02d80 T serial_puts
c3e02da0 T get_FCLK
c3e02dd8 T get_HCLK
c3e02e0c T get_PCLK
c3e02e34 T get_UCLK
c3e02e3c T get_ARMCLK
c3e02ee4 T print_cpuinfo
c3e02f80 T __divsi3
c3e03098 t Ldiv0
c3e030c0 T __udivsi3
c3e030d8 t Loop1
c3e030ec t Lbignum
c3e03100 t Loop3
c3e03140 t Lgot_result
c3e03148 t Ldiv0
c3e03158 T __umodsi3
c3e0316c t Loop1
c3e03180 t Lbignum
c3e03194 t Loop3
c3e031fc t Ldiv0
c3e0320c t display_banner
c3e03214 t display_dram_config
c3e03228 t init_baudrate
c3e03284 T sbrk
c3e032c0 T strmhz
c3e03328 T __coloured_LED_init
c3e03328 T coloured_LED_init
c3e0332c T __red_LED_on
c3e0332c T red_LED_on
c3e03330 T __red_LED_off
c3e03330 T red_LED_off
c3e03334 T __green_LED_on
c3e03334 T green_LED_on
c3e03338 T __green_LED_off
c3e03338 T green_LED_off
c3e0333c T __yellow_LED_on
c3e0333c T yellow_LED_on
c3e03340 T __yellow_LED_off
c3e03340 T yellow_LED_off
c3e03344 T hang
c3e03358 T start_armboot
c3e03520 T __modsi3
c3e035f4 t Ldiv0
c3e03620 t startAgainTimeout
c3e03634 t startAgainHandler
c3e03638 t NetCopyIP
c3e03640 t PingTimeout
c3e0365c t PingHandler
c3e03694 T NetStartAgain
c3e03720 T NetSetHandler
c3e03730 T NetSetTimeout
c3e03760 T NetSendPacket
c3e03764 T NetCksum
c3e03798 T NetCksumOk
c3e037bc T NetEthHdrSize
c3e037fc T NetSetEther
c3e038a4 T ArpRequest
c3e039a0 T ArpTimeoutCheck
c3e03a14 T PingSend
c3e03b5c T NetSetIP
c3e03c88 T NetSendUDPPacket
c3e03dd0 T copy_filename
c3e03e18 T ip_to_string
c3e03e6c T string_to_ip
c3e03ee4 T VLAN_to_string
c3e03f38 T string_to_VLAN
c3e03f90 T print_IPaddr
c3e03fac T NetReceive
c3e04588 T getenv_IPaddr
c3e04598 T getenv_VLAN
c3e045a8 T NetLoop
c3e049ec t TftpSend
c3e04b74 t TftpHandler
c3e04e24 t TftpTimeout
c3e04e80 T TftpStart
c3e050f0 t __fswab32
c3e0510c t NetCopyIP
c3e05114 t DhcpOptionsProcess
c3e05324 t DhcpHandler
c3e057b4 T BootpRequest
c3e059f4 t BootpTimeout
c3e05a3c T DhcpRequest
c3e05a40 t RarpHandler
c3e05a9c T RarpRequest
c3e05b94 t RarpTimeout
c3e05bdc T eth_initialize
c3e05be4 t __fswab32
c3e05c00 t rpc_lookup_reply
c3e05ca4 t nfs_mount_reply
c3e05d38 t nfs_umountall_reply
c3e05dbc t nfs_lookup_reply
c3e05e48 t nfs_readlink_reply
c3e05f38 t basename
c3e05f74 t rpc_add_credentials
c3e06030 t rpc_req
c3e0611c t nfs_mount_req
c3e061b8 t nfs_umountall_req
c3e06210 t nfs_lookup_req
c3e062bc t nfs_read_req
c3e06334 t nfs_readlink_req
c3e06384 t nfs_read_reply.isra.0
c3e064bc t NfsSend
c3e065b8 t NfsHandler
c3e0677c t NfsTimeout
c3e067c4 T NfsStart
c3e069f4 T nand_init
c3e06a8c t nand_release_device
c3e06aa4 t nand_read_byte
c3e06ab4 t nand_read_byte16
c3e06ac8 t nand_read_word
c3e06ad8 t nand_write_buf
c3e06b00 t nand_read_buf
c3e06b24 t nand_verify_buf
c3e06b64 t nand_write_buf16
c3e06b98 t nand_read_buf16
c3e06bcc t nand_verify_buf16
c3e06c14 t nand_block_bad
c3e06d1c t nand_check_wp
c3e06d58 t nand_read_page_raw
c3e06d90 t nand_read_page_swecc
c3e06ea4 t nand_read_page_hwecc
c3e06fdc t nand_read_page_syndrome
c3e07100 t nand_read_oob_std
c3e07148 t nand_read_oob_syndrome
c3e07250 t nand_write_oob_std
c3e072c0 t nand_write_oob_syndrome
c3e07460 t nand_write_page_raw
c3e07494 t nand_write_page_swecc
c3e07544 t nand_write_page_hwecc
c3e07610 t nand_write_page_syndrome
c3e07700 t single_erase_cmd
c3e0773c t multi_erase_cmd
c3e077c4 t nand_sync
c3e077c8 t nand_suspend
c3e077d0 t nand_write_page
c3e0787c t nand_resume
c3e0789c t nand_fill_oob
c3e079b0 t nand_do_write_oob
c3e07abc t nand_default_block_markbad
c3e07b6c t nand_do_write_ops
c3e07e5c t nand_write_oob
c3e07ee0 t nand_write
c3e07f5c t nand_wait
c3e08030 t generic_ffs
c3e0807c t nand_transfer_oob
c3e08190 t nand_select_chip
c3e081e8 t nand_block_isbad
c3e08234 t nand_block_markbad
c3e08274 T nand_wait_ready
c3e08288 t nand_do_read_ops
c3e085d0 T nand_read
c3e0864c t nand_command
c3e08804 t nand_command_lp
c3e08a48 t nand_read_oob
c3e08bf8 T nand_erase_nand
c3e08eac t nand_erase
c3e08eb4 T nand_scan_ident
c3e093e4 T nand_scan_tail
c3e098c0 T nand_scan
c3e098e0 T nand_release
c3e09908 T nand_calculate_ecc
c3e099f8 T nand_correct_data
c3e09b1c t check_pattern
c3e09bc4 t scan_read_raw
c3e09c0c t search_bbt
c3e09d78 t create_bbt
c3e0a06c t read_bbt
c3e0a254 t read_abs_bbt
c3e0a338 t write_bbt
c3e0a924 T nand_update_bbt
c3e0aa6c t mark_bbt_region
c3e0abf4 T nand_scan_bbt
c3e0b090 T nand_default_bbt
c3e0b140 T nand_isbad_bbt
c3e0b194 t dm9000_outblk_8bit
c3e0b1b4 t dm9000_outblk_16bit
c3e0b1e4 t dm9000_outblk_32bit
c3e0b214 t dm9000_inblk_8bit
c3e0b234 t dm9000_inblk_16bit
c3e0b268 t dm9000_inblk_32bit
c3e0b298 t dm9000_rx_status_32bit
c3e0b2b8 t dm9000_rx_status_16bit
c3e0b2d8 t dm9000_rx_status_8bit
c3e0b308 t dm9000_reset
c3e0b3d4 t phy_write
c3e0b440 t phy_read
c3e0b49c T eth_send
c3e0b574 T eth_halt
c3e0b5bc T eth_rx
c3e0b714 T read_srom_word
c3e0b778 T eth_init
c3e0bd08 T write_srom_word
c3e0bd70 t cread_add_char
c3e0be58 T __show_boot_progress
c3e0be58 W show_boot_progress
c3e0be5c T init_cmd_timeout
c3e0bebc T main_loop
c3e0c158 T reset_cmd_timeout
c3e0c1a0 T readline_into_buffer
c3e0c800 T readline
c3e0c80c T parse_line
c3e0c894 T run_command
c3e0cc38 T do_run
c3e0ccb4 T autoscript
c3e0cdf8 T do_autoscript
c3e0ce3c T do_bdinfo
c3e0cf40 t __fswab32
c3e0cf5c t image_get_data_size
c3e0cf64 t image_check_magic
c3e0cf88 t get_table_entry_id.isra.12
c3e0cfd4 T image_check_hcrc
c3e0d024 T image_check_dcrc
c3e0d060 T image_multi_count
c3e0d07c T image_multi_getimg
c3e0d104 T getenv_yesno
c3e0d12c T getenv_bootm_low
c3e0d160 T getenv_bootm_size
c3e0d194 T memmove_wd
c3e0d198 T genimg_get_os_name
c3e0d1d4 T genimg_get_arch_name
c3e0d210 T genimg_get_type_name
c3e0d24c T genimg_get_comp_name
c3e0d288 T image_print_contents
c3e0d480 T genimg_get_os_id
c3e0d490 T genimg_get_arch_id
c3e0d4a0 T genimg_get_type_id
c3e0d4b0 T genimg_get_comp_id
c3e0d4c0 T genimg_get_format
c3e0d4fc T genimg_get_image
c3e0d500 T genimg_has_config
c3e0d508 T boot_get_ramdisk
c3e0d738 W do_go_exec
c3e0d750 T do_go
c3e0d7d4 t __fswab32
c3e0d7f0 t do_imls
c3e0d8a8 T do_bootd
c3e0d8cc t image_get_magic.isra.5
c3e0d8d0 t image_get_size.isra.6
c3e0d8d4 t image_get_ep.isra.8
c3e0d8d8 t image_info
c3e0d9a8 T do_iminfo
c3e0da08 T __board_lmb_reserve
c3e0da08 W board_lmb_reserve
c3e0da0c T do_bootm
c3e0e11c T print_image_hdr
c3e0e2c0 t on_off
c3e0e300 T do_icache
c3e0e384 T do_dcache
c3e0e408 T do_coninfo
c3e0e4d8 t cnvrt2
c3e0e51c T mk_date
c3e0e6f0 T do_date
c3e0e7f8 W do_bootelf_exec
c3e0e83c T valid_elf_image
c3e0e888 T load_elf_image
c3e0e994 T do_bootelf
c3e0ea28 T do_bootvx
c3e0eba8 T do_ext2load
c3e0ee64 T do_ext2ls
c3e0efa4 T do_fat_fsinfo
c3e0f080 T do_fat_fsload
c3e0f200 T do_fat_ls
c3e0f30c t addr_spec
c3e0f46c t flash_fill_sect_ranges
c3e0f610 t abbrev_spec
c3e0f748 T do_flinfo
c3e0f7a8 T flash_sect_erase
c3e0f874 T do_flerase
c3e0fa04 T flash_sect_protect
c3e0faf0 T do_protect
c3e0fd84 t evalexp
c3e0fdcc T binary_test
c3e0ffd0 T do_itest
c3e1007c t bin_data_init
c3e1009c t getcxmodem
c3e100bc t load_serial_ymodem
c3e101dc t bin_data_char
c3e10214 t load_serial
c3e10460 T do_load_serial
c3e1053c T send_pad
c3e1056c T ktrans
c3e10598 T chk1
c3e105c0 T s1_sendpacket
c3e105e8 T send_ack
c3e1064c T send_nack
c3e106b0 T k_data_init
c3e106d0 T k_data_save
c3e106fc T k_data_restore
c3e10728 T k_data_char
c3e1077c T handle_send_packet
c3e10944 T do_load_serial_bin
c3e10dac T do_mem_base
c3e10dec T do_mem_mtest
c3e10f0c T do_mem_crc
c3e10fc4 T cmd_get_data_size
c3e11020 T do_mem_md
c3e11104 t mod_mem.isra.1.part.2
c3e1126c T do_mem_mm
c3e112a4 T do_mem_nm
c3e112dc T do_mem_mw
c3e113a8 T do_mem_cmp
c3e11558 T do_mem_cp
c3e11754 T do_mem_loop
c3e11850 T do_sleep
c3e118e0 T do_mmc
c3e11910 t nand_read
c3e11938 t arg_off_size.isra.1
c3e11a5c T do_nandboot
c3e11cb8 T nand_block_read
c3e11e3c T nand_block_write
c3e11fa4 T do_nand
c3e12b64 t netboot_common
c3e12e4c T do_bootp
c3e12e58 T do_tftpb
c3e12e64 T do_rarpb
c3e12e70 T do_dhcp
c3e12e7c T do_nfs
c3e12e88 T do_ping
c3e12f14 T do_saveenv
c3e12f40 T envmatch
c3e12fa8 T do_printenv
c3e13118 T _do_setenv
c3e13584 T setenv
c3e135c0 T do_setenv
c3e135fc T getenv
c3e1366c T getenv_r
c3e13728 T do_reginfo
c3e13730 T do_usbd_dnw
c3e1382c T do_usbboot
c3e13bc4 T usb_get_class_desc
c3e13c84 T usb_display_class_sub
c3e13e08 T usb_display_string
c3e13e3c T usb_display_desc
c3e13f78 T usb_display_conf_desc
c3e14024 T usb_display_if_desc
c3e140ac T usb_display_ep_desc
c3e14170 T usb_display_config
c3e141ec T usb_show_tree_graph
c3e14400 T usb_show_tree
c3e14430 T do_usb
c3e14914 T do_imgextract
c3e14b40 T do_version
c3e14b60 T do_echo
c3e14bf0 T do_exit
c3e14c20 T do_test
c3e15084 T find_cmd
c3e15120 T do_help
c3e152d4 t console_setfile
c3e15374 T serial_printf
c3e153ac T fgetc
c3e153d8 T ftstc
c3e15404 T fputc
c3e15430 T fputs
c3e15458 T fprintf
c3e15498 T getc
c3e154b0 T tstc
c3e154c8 T putc
c3e154f4 T puts
c3e15530 T printf
c3e15568 T vprintf
c3e15594 T ctrlc
c3e155e4 T disable_ctrlc
c3e155fc T had_ctrlc
c3e1560c T clear_ctrlc
c3e15620 T dbg
c3e1562c T console_assign
c3e156c0 T console_init_f
c3e156f4 T search_device
c3e15774 T console_init_r
c3e158c4 T nulldev_putc
c3e158c8 T nulldev_puts
c3e158cc T nulldev_input
c3e158d4 T device_register
c3e158f8 T device_deregister
c3e15a10 T devices_init
c3e15b10 T devices_done
c3e15b2c T malloc_bin_reloc
c3e15b58 T malloc_trim
c3e15c1c T free
c3e15e48 T malloc
c3e163f0 T calloc
c3e164cc T realloc
c3e1698c T memalign
c3e16a98 T valloc
c3e16aa4 T pvalloc
c3e16abc T cfree
c3e16ac0 T malloc_usable_size
c3e16afc T mallopt
c3e16b68 T env_crc_update
c3e16b94 T env_get_char_memory
c3e16bb4 T env_get_char
c3e16be4 T env_get_addr
c3e16c04 T set_default_env
c3e16c4c T env_relocate
c3e16ca4 t dummy
c3e16ca8 T get_version
c3e16cb0 T jumptable_init
c3e16d8c T flash_protect
c3e16e64 T addr2info
c3e16eb0 T flash_write
c3e17004 T flash_perror
c3e170d8 t b_reset
c3e170f4 t static_get
c3e17110 t static_peek
c3e1711c t file_peek
c3e17128 t xmalloc
c3e17148 t syntax_err
c3e17154 t free_pipe_list
c3e17248 t xrealloc
c3e17268 t done_command
c3e172f0 t insert_var_value
c3e17490 t is_assignment
c3e174e4 t file_get
c3e176d4 t set_local_var.constprop.4
c3e1784c t b_addchr
c3e178c4 t b_addqchr
c3e17914 T simple_itoa
c3e17968 T new_pipe
c3e17990 t done_pipe
c3e179dc T reserved_word
c3e17b34 t done_word
c3e17cb0 T mapset
c3e17cd4 T update_ifs_map
c3e17d44 T parse_string_outer
c3e17e28 t run_list_real
c3e185e0 t parse_stream_outer
c3e18bac T parse_file_outer
c3e18bf4 T u_boot_hush_start
c3e18c78 T NewHandle
c3e18cd4 T DisposeHandle
c3e18cf4 T GetHandleSize
c3e18cfc T SetHandleSize
c3e18d70 T ListCreate
c3e18dd0 T ListSetAllocationPolicy
c3e18de4 T ListDispose
c3e18de8 T ListInsertItems
c3e18f80 T ListInsertItem
c3e18f88 T ListRemoveItems
c3e19028 T ListRemoveItem
c3e19030 T ListGetItems
c3e1906c T ListGetPtrToItem
c3e19098 T ListGetDataPtr
c3e190a4 T ListGetItemSize
c3e190b0 T ListNumItems
c3e190bc t hex1_bin
c3e190fc t hex2_bin
c3e19134 T srec_decode
c3e1938c T wait_ms
c3e193b0 T usb_stop
c3e193d0 T usb_disable_asynch
c3e193e8 T usb_submit_int_msg
c3e193ec T usb_control_msg
c3e194d8 T usb_bulk_msg
c3e19540 T usb_maxpacket
c3e1955c T usb_set_maxpacket
c3e19640 T usb_parse_config
c3e197ec T usb_clear_halt
c3e19888 T usb_get_descriptor
c3e198f4 T usb_get_configuration_no
c3e199c0 T usb_set_address
c3e19a1c T usb_set_interface
c3e19ad4 T usb_set_configuration
c3e19b50 T usb_set_protocol
c3e19bac T usb_set_idle
c3e19c10 T usb_get_report
c3e19c88 T usb_get_class_descriptor
c3e19d00 T usb_get_string
c3e19d7c t usb_string_sub
c3e19e8c T usb_string
c3e19fc0 T usb_get_dev_index
c3e19ff0 T usb_alloc_new_device
c3e1a088 T usb_get_hub_descriptor
c3e1a0e4 T usb_clear_hub_feature
c3e1a138 T usb_clear_port_feature
c3e1a194 T usb_set_port_feature
c3e1a1f0 t usb_hub_power_on
c3e1a254 T usb_get_hub_status
c3e1a2a4 T usb_get_port_status
c3e1a2fc T usb_hub_reset
c3e1a310 T usb_hub_allocate
c3e1a358 T usb_hub_probe
c3e1a3cc T usb_new_device
c3e1a63c T usb_scan_devices
c3e1a6ac T usb_init
c3e1a728 T usb_hub_port_connect_change
c3e1a94c T usb_hub_configure
c3e1ada8 t usb_stor_irq
c3e1adc4 t usb_request_sense
c3e1ae44 t usb_stor_BBB_reset
c3e1afa4 t usb_stor_CB_reset
c3e1b0c4 t usb_test_unit_ready.constprop.5
c3e1b144 T usb_stor_get_dev
c3e1b160 T usb_show_progress
c3e1b16c T usb_stor_read
c3e1b3cc T usb_stor_info
c3e1b438 T usb_stor_BBB_comdat
c3e1b538 T usb_stor_CB_comdat
c3e1b980 T usb_stor_CBI_get_status
c3e1ba68 T usb_stor_CB_transport
c3e1bcec T usb_stor_BBB_clear_endpt_stall
c3e1bd3c T usb_stor_BBB_transport
c3e1bfc8 T usb_storage_probe
c3e1c23c T usb_stor_get_info
c3e1c544 T usb_stor_scan
c3e1c6a8 T CYGACC_COMM_IF_GETC_TIMEOUT
c3e1c6f4 t xyzModem_flush
c3e1c720 t xyzModem_get_hdr
c3e1c988 T CYGACC_COMM_IF_PUTC
c3e1c990 T parse_num
c3e1cab8 T xyzModem_stream_open
c3e1cc00 T xyzModem_stream_read
c3e1ce4c T xyzModem_stream_close
c3e1cea0 T xyzModem_stream_terminate
c3e1cf34 T xyzModem_error
c3e1cf54 T do_movi
c3e1d464 T do_insnand
c3e1d4fc T env_get_char_spec
c3e1d508 T env_init
c3e1d524 T writeenv
c3e1d604 T saveenv
c3e1d6a4 T readenv
c3e1d770 T env_relocate_spec
c3e1d800 T zalloc
c3e1d810 T zfree
c3e1d818 T gunzip
c3e1d980 T cyg_crc16
c3e1d9c8 T board_init
c3e1dc04 T dram_init
c3e1dc38 T board_late_init
c3e1dccc T checkboard
c3e1dd64 T virt_to_phy_smdk2416
c3e1dd98 t write_hword.isra.0
c3e1dea4 T flash_init
c3e1df90 T flash_print_info
c3e1e0b8 T flash_erase
c3e1e2d8 T write_buff
c3e1e42c T crc32
c3e1e534 T crc32_no_comp
c3e1e634 T crc32_wd
c3e1e638 T display_options
c3e1e658 T print_size
c3e1e724 T print_buffer
c3e1e878 t lmb_add_region
c3e1ea38 T lmb_dump_all
c3e1ea3c T lmb_init
c3e1ea64 T lmb_add
c3e1ea68 T lmb_free
c3e1eb80 T lmb_reserve
c3e1eb88 T lmb_overlaps_region
c3e1ebe0 T __lmb_alloc_base
c3e1ecec T lmb_alloc_base
c3e1ed20 T lmb_alloc
c3e1ed28 T lmb_is_reserved
c3e1ed78 T strcpy
c3e1ed94 T strncpy
c3e1edb8 T strcat
c3e1ede8 T strncat
c3e1ee3c T strcmp
c3e1ee6c T strncmp
c3e1eeb0 T strchr
c3e1eedc T strlen
c3e1eefc T strrchr
c3e1ef38 T strnlen
c3e1ef68 T strdup
c3e1efa4 T strspn
c3e1efe0 T strpbrk
c3e1f01c T strtok
c3e1f0a4 T strsep
c3e1f0dc T strswab
c3e1f124 T memset
c3e1f13c T bcopy
c3e1f15c T memcpy
c3e1f178 T memmove
c3e1f1c4 T memcmp
c3e1f1f8 T memscan
c3e1f224 T strstr
c3e1f28c T memchr
c3e1f2bc t number
c3e1f52c T simple_strtoul
c3e1f5e4 T simple_strtol
c3e1f60c T vsprintf
c3e1fa0c T sprintf
c3e1fa34 T panic
c3e1fa84 t falloc
c3e1faa8 t ffree
c3e1faac t inflate_trees_free
c3e1fae8 t huft_build
c3e1ffe0 t inflate_trees_fixed
c3e20180 T adler32
c3e202f0 t inflate_flush
c3e2045c t inflate_blocks_reset
c3e2052c T inflateReset
c3e2058c T inflateEnd
c3e20624 T inflateInit2
c3e20770 T inflateInit
c3e20778 T inflate
c3e221a0 T inflateIncomp
c3e222d4 T inflateSync
c3e223d0 t td_alloc
c3e2240c t roothub_a
c3e2244c t roothub_portstatus
c3e22490 t ohci_dump_intr_mask
c3e22570 t maybe_print_eds
c3e225cc t td_fill.isra.3
c3e2266c t pkt_print.isra.7
c3e227f0 t hc_reset.constprop.10
c3e228c4 t ohci_dump_roothub.constprop.15
c3e22b2c t urb_free_priv.constprop.16
c3e22b6c T ep_print_int_eds
c3e22bf0 t ohci_dump.constprop.14
c3e22e50 T sohci_submit_job
c3e233b8 T rh_check_port_status
c3e2340c T submit_common_msg
c3e23944 T submit_bulk_msg
c3e23960 T submit_control_msg
c3e23fb8 T submit_int_msg
c3e23fc0 T usb_lowlevel_init
c3e24190 T usb_lowlevel_stop
c3e241c4 t s3c_nand_hwcontrol
c3e24234 t s3c_nand_device_ready
c3e2424c t s3c_nand_scan_bbt
c3e24250 T board_nand_init
c3e242a4 t mmc_cmd
c3e2434c t check_card_status
c3e243b4 T get_sd_scr
c3e24458 T check_sd_ocr
c3e245e8 T check_mmc_ocr
c3e24738 T clock_config
c3e247f4 T display_card_info
c3e2494c T mmc_block_read
c3e24a64 T mmc_block_write
c3e24bc8 T mmc_read
c3e24cf0 T mmc_write
c3e24e58 T mmc_init
c3e25288 T mmc_ident
c3e25290 T mmc2info
c3e252a4 t initialize_descriptors
c3e253f0 T s3c_usbc_activate
c3e253f8 T s3c_usb_stop
c3e25458 T set_endpoint
c3e254b0 T verify_checksum
c3e25550 T write_ep0buf
c3e25574 T write_ep0buf_1byte
c3e25588 T write_epbuf
c3e255c4 T read_epbuf
c3e25600 T upload_start
c3e25664 T set_max_pktsize
c3e256d0 T get_desc
c3e2579c T clear_feature
c3e25834 T set_feature
c3e258cc T usb_get_status
c3e25968 T transfer_ep0
c3e25c04 T s3c_ep0_int_hndlr
c3e25d80 T udc_int_bulkin
c3e25df0 T download_start
c3e25fb8 T download_continue
c3e2604c T udc_int_bulkout
c3e26168 T s3c_udc_int_hndlr
c3e26280 T s3c_usbctl_init
c3e2636c T __ashldi3
c3e26388 T __ashrdi3
c3e263a4 T do_bootm_linux
c3e265e0 T flush_cache
c3e265e4 t downcase
c3e26608 t dirdelim
c3e26638 t get_name
c3e266e4 t slot2str
c3e267a4 T disk_read
c3e267f0 t read_bootsectandvi
c3e26938 t get_fatent
c3e26a8c t get_cluster
c3e26b28 t get_vfatname
c3e26cbc T fat_register_device
c3e26da4 T do_fat_read
c3e276c8 T file_fat_detectfs
c3e27808 T file_fat_ls
c3e27818 T file_fat_read
c3e27850 t ext2fs_read_inode
c3e27918 T ext2fs_free_node
c3e2793c T ext2fs_read_file
c3e27db8 t ext2fs_iterate_dir
c3e28018 T ext2fs_find_file1
c3e2829c T ext2fs_find_file
c3e28314 T ext2fs_ls
c3e2838c T ext2fs_open
c3e2841c T ext2fs_close
c3e284d0 T ext2fs_read
c3e28508 T ext2fs_mount
c3e285b4 T ext2fs_set_blk_dev
c3e28608 T ext2fs_devread
c3e287c8 T get_dev
c3e2882c T dev_print
c3e289d4 T init_part
c3e289f0 T get_partition_info
c3e28a18 T print_part
c3e28af4 t le32_to_int
c3e28b18 t is_extended
c3e28b30 t print_partition_extended
c3e28ce4 t get_partition_info_extended
c3e28ee4 T test_part_dos
c3e28f34 T print_part_dos
c3e28f60 T get_partition_info_dos
c3e28f80 t nand_block_bad_scrub
c3e28f88 T nand_erase_opts
c3e29348 T nand_write_opts
c3e298ec T nand_read_opts
c3e29cc0 T nand_lock
c3e29d14 T nand_get_lock_status
c3e29da0 T nand_unlock
c3e29eb4 T GregorianDay
c3e29f9c T to_tm
c3e2a0a0 T mktime
c3e2a138 T rtc_get
c3e2a25c T rtc_set
c3e2a3d4 T rtc_reset
c3e2a3f8 T __div64_32
c3e2a774 r __func__.2649
c3e2a808 r __func__.2945
c3e2a81a r __func__.2990
c3e2a828 r __func__.2941
c3e2a83a r __func__.2998
c3e2a84a r __func__.2928
c3e2a857 r __func__.2950
c3e2a865 r __func__.2843
c3e2a871 r __func__.2847
c3e2a880 r __func__.3053
c3e2a88b r __func__.2965
c3e2a896 r __func__.2974
c3e2a8a2 r __func__.3009
c3e2a8b4 r __func__.2984
c3e2a8c1 r __func__.2937
c3e2a8cc r __func__.3072
c3e2a8d7 r __func__.3098
c3e2a8e1 r __func__.3139
c3e2a8ec R version_string
c3e2a928 r default_nand_name
c3e2a92d r __FUNCTION__.3421
c3e2a93b r __FUNCTION__.3189
c3e2a94d r __FUNCTION__.2941
c3e2a95e r __FUNCTION__.3580
c3e2a96d r nand_ecc_precalc_table
c3e2aa70 r CSWTCH.51
c3e2aabc r CSWTCH.52
c3e2ab04 r CSWTCH.53
c3e2ab28 r CSWTCH.54
c3e2ab34 r CSWTCH.64
c3e2ab4c r CSWTCH.28
c3e2ab6c r crc16_tab
c3e2ad6c r __func__.2221
c3e2ad78 r crc_table
c3e2b178 r border
c3e2b1c4 r inflate_mask
c3e2b208 r cc_to_error
c3e2b248 r __func__.2799
c3e2b250 r __func__.2784
c3e2b262 r __func__.2984
c3e2b26b r __func__.2881
c3e2b277 R aDescStr0
c3e2b27b R desc_string1
c3e2b2a1 R desc_string2
c3e2b2cd R device_qualifier
c3e2b2d8 r block_drvr
c3e350b4 D init_sequence
c3e350e8 D NetOurVLAN
c3e350ea D NetBcastAddr
c3e350f0 D NetOurNativeVLAN
c3e350f2 d TftpBlkSize
c3e350f4 d nfs_offset
c3e350f8 D nand_curr_device
c3e350fc d nand_oob_8
c3e3534c d nand_oob_16
c3e3559c d nand_oob_64
c3e357ec d nand_oob_128
c3e35a3c D nand_manuf_ids
c3e35a7c D nand_flash_ids
c3e3601c d largepage_flashbased
c3e36040 d smallpage_flashbased
c3e36064 d largepage_memorybased
c3e36088 d smallpage_memorybased
c3e360ac d bbt_main_descr
c3e360d0 d bbt_mirror_descr
c3e360f4 d agand_flashbased
c3e36118 d mirror_pattern
c3e3611c d bbt_pattern
c3e36120 d scan_agand_pattern
c3e36126 d scan_ff_pattern
c3e36128 d retry_time
c3e3612c d hist_cur
c3e36130 d uimage_os
c3e36190 d uimage_arch
c3e36280 d uimage_type
c3e362f8 d uimage_comp
c3e36328 D load_addr
c3e3632c D weekdays
c3e36348 D op_table
c3e363b0 d do_echo
c3e363b4 D dp_last_length
c3e363b8 d usb_stor_curr_dev
c3e363bc D stdio_names
c3e363c8 d av_
c3e367d0 d sbrk_base
c3e367d4 d trim_threshold
c3e367d8 d mmap_threshold
c3e367dc D default_environment
c3e36adc D default_environment_size
c3e36ae0 d reserved_list
c3e36b64 D us_direction
c3e36b84 D env_name_spec
c3e36b88 D _ctype
c3e36c88 d fixed_left
c3e36c8c d cplens
c3e36d08 d cplext
c3e36d84 d cpdist
c3e36dfc d cpdext
c3e36e74 D z_errmsg
c3e36e94 D zlib_version
c3e36e98 d root_hub_dev_des
c3e36eaa d root_hub_config_des
c3e36ec3 d root_hub_str_index0
c3e36ec7 d root_hub_str_index1
c3e36ee4 d width
c3e36ee8 d cur_part
c3e36eec D indir1_blkno
c3e36ef0 D indir2_blkno
c3e36ef4 d jffs2_oobinfo
c3e37144 d yaffs_oobinfo
c3e37394 d autoplace_oobinfo
c3e375e4 d month_days
c3e37614 D __u_boot_cmd_autoscr
c3e37614 D __u_boot_cmd_start
c3e3762c D __u_boot_cmd_bdinfo
c3e37644 D __u_boot_cmd_re
c3e3765c D __u_boot_cmd_reset
c3e37674 D __u_boot_cmd_go
c3e3768c D __u_boot_cmd_imls
c3e376a4 D __u_boot_cmd_iminfo
c3e376bc D __u_boot_cmd_bootd
c3e376d4 D __u_boot_cmd_boot
c3e376ec D __u_boot_cmd_bootm
c3e37704 D __u_boot_cmd_dcache
c3e3771c D __u_boot_cmd_icache
c3e37734 D __u_boot_cmd_coninfo
c3e3774c D __u_boot_cmd_date
c3e37764 D __u_boot_cmd_bootvx
c3e3777c D __u_boot_cmd_bootelf
c3e37794 D __u_boot_cmd_ext2load
c3e377ac D __u_boot_cmd_ext2ls
c3e377c4 D __u_boot_cmd_fatinfo
c3e377dc D __u_boot_cmd_fatls
c3e377f4 D __u_boot_cmd_fatload
c3e3780c D __u_boot_cmd_protect
c3e37824 D __u_boot_cmd_erase
c3e3783c D __u_boot_cmd_flinfo
c3e37854 D __u_boot_cmd_itest
c3e3786c D __u_boot_cmd_loady
c3e37884 D __u_boot_cmd_loadb
c3e3789c D __u_boot_cmd_loads
c3e378b4 D __u_boot_cmd_mtest
c3e378cc D __u_boot_cmd_loop
c3e378e4 D __u_boot_cmd_base
c3e378fc D __u_boot_cmd_crc32
c3e37914 D __u_boot_cmd_cmp
c3e3792c D __u_boot_cmd_cp
c3e37944 D __u_boot_cmd_mw
c3e3795c D __u_boot_cmd_nm
c3e37974 D __u_boot_cmd_mm
c3e3798c D __u_boot_cmd_md
c3e379a4 D __u_boot_cmd_sleep
c3e379bc D __u_boot_cmd_mmcinit
c3e379d4 D __u_boot_cmd_nboot
c3e379ec D __u_boot_cmd_nand
c3e37a04 D __u_boot_cmd_ping
c3e37a1c D __u_boot_cmd_nfs
c3e37a34 D __u_boot_cmd_dhcp
c3e37a4c D __u_boot_cmd_rarpboot
c3e37a64 D __u_boot_cmd_tftpboot
c3e37a7c D __u_boot_cmd_bootp
c3e37a94 D __u_boot_cmd_run
c3e37aac D __u_boot_cmd_saveenv
c3e37ac4 D __u_boot_cmd_setenv
c3e37adc D __u_boot_cmd_printenv
c3e37af4 D __u_boot_cmd_reginfo
c3e37b0c D __u_boot_cmd_dnw
c3e37b24 D __u_boot_cmd_usbboot
c3e37b3c D __u_boot_cmd_usb
c3e37b54 D __u_boot_cmd_imxtract
c3e37b6c D __u_boot_cmd_question_mark
c3e37b84 D __u_boot_cmd_help
c3e37b9c D __u_boot_cmd_exit
c3e37bb4 D __u_boot_cmd_test
c3e37bcc D __u_boot_cmd_echo
c3e37be4 D __u_boot_cmd_version
c3e37bfc D __u_boot_cmd_insnand
c3e37c14 D __u_boot_cmd_movi
c3e37c2c B __bss_start
c3e37c2c D __u_boot_cmd_end
c3e37d00 B movi_hc
c3e37d04 B timer_load_val
c3e37d08 b lastdec
c3e37d0c b timestamp
c3e37d10 b ocr_check
c3e37d14 b HS_DMA_END
c3e37d18 b rca
c3e37d1c b mmc_card
c3e37d20 b mmc_spec
c3e37d24 b mmc_dev
c3e37d90 b HCLK
c3e37d94 b card_mid
c3e37d98 b sd_spec
c3e37d9c b wt_cnt_HSMMC
c3e37da0 b BlockNum_HSMMC
c3e37da4 b WriteBlockCnt_INT
c3e37da8 b BufferBoundary_INT_Cnt
c3e37dac b CompareCnt_INT
c3e37db0 b Compare_buffer_HSMMC
c3e37db4 b rd_cnt_HSMMC
c3e37db8 b ReadBlockCnt_INT
c3e37dbc b Tx_buffer_HSMMC
c3e37dc0 b COMPARE_INT_DONE
c3e37dc4 b Rx_buffer_HSMMC
c3e37dc8 b HS_CARD_DETECT
c3e37dcc b READINT_DONE
c3e37dd0 b WRITEINT_DONE
c3e37dd4 b mem_malloc_brk
c3e37dd8 b mem_malloc_start
c3e37ddc b mem_malloc_end
c3e37de0 B monitor_flash_len
c3e37de4 B NetState
c3e37de8 B NetPingIP
c3e37dec b timeHandler
c3e37df0 b timeStart
c3e37df4 b timeDelta
c3e37df8 b packetHandler
c3e37dfc B NetOurEther
c3e37e04 B NetTxPacket
c3e37e08 B NetOurIP
c3e37e0c B NetArpWaitPacketIP
c3e37e10 B NetOurSubnetMask
c3e37e14 B NetOurGatewayIP
c3e37e18 B NetArpWaitReplyIP
c3e37e1c B NetArpWaitTimerStart
c3e37e20 B NetArpWaitTry
c3e37e24 b mac.2616
c3e37e2a B NetEtherNullAddr
c3e37e30 B NetArpWaitPacketMAC
c3e37e34 B NetArpWaitTxPacket
c3e37e38 B NetIPID
c3e37e3c b PingSeqNo
c3e37e40 B NetArpWaitTxPacketSize
c3e37e44 B NetRxPkt
c3e37e48 B NetRxPktLen
c3e37e4c B NetServerIP
c3e37e50 B NetServerEther
c3e37e56 B PktBuf
c3e39c78 B NetRxPackets
c3e39c88 B NetArpWaitPacketBuf
c3e3a2a8 B NetBootFileXferSize
c3e3a2ac B BootFile
c3e3a32c B NetBootFileSize
c3e3a32e B NetOurRootPath
c3e3a36e B NetOurHostName
c3e3a38e B NetOurNISDomain
c3e3a3b0 B NetOurDNSIP
c3e3a3b4 b TftpState
c3e3a3b8 b tftp_filename
c3e3a438 b TftpBlock
c3e3a43c b TftpServerIP
c3e3a440 b TftpServerPort
c3e3a444 b TftpOurPort
c3e3a448 b TftpBlockWrap
c3e3a44c b TftpBlockWrapOffset
c3e3a450 b TftpLastBlock
c3e3a454 b TftpTimeoutCount
c3e3a458 b default_filename
c3e3a468 B dhcp_leasetime
c3e3a46c B NetDHCPServerIP
c3e3a470 B BootpID
c3e3a474 B dhcp_state
c3e3a478 B BootpTry
c3e3a47c B RarpTry
c3e3a480 b rpc_id
c3e3a484 b NfsSrvMountPort
c3e3a488 b NfsSrvNfsPort
c3e3a48c b fs_mounted
c3e3a490 b dirfh
c3e3a4b0 b filefh
c3e3a4d0 b nfs_path
c3e3a4d4 b NfsServerIP
c3e3a4d8 b NfsOurPort
c3e3a4dc b NfsState
c3e3a4e0 b nfs_filename
c3e3a4e4 b nfs_len
c3e3a4e8 b NfsDownloadState
c3e3a4ec b NfsTimeoutCount
c3e3a4f0 b nfs_path_buff
c3e3acf0 b default_filename
c3e3ad30 B nand_info
c3e3ade4 b nand_chip
c3e3aee8 b dm9000_info
c3e3af94 b nfloor
c3e3af98 b endtime
c3e3afa0 b initted.2394
c3e3afa4 b hist_max
c3e3afa8 b hist_add_idx
c3e3afac B hist_num
c3e3afb0 B hist_list
c3e3b000 B hist_lines
c3e3c400 B console_buffer
c3e3c500 b images
c3e3c550 b os_data_state
c3e3c554 B os_data_count
c3e3c558 b os_data_addr
c3e3c55c b bin_start_address
c3e3c560 B his_pad_count
c3e3c564 B his_pad_char
c3e3c565 b a_b
c3e3c57d B his_eol
c3e3c580 b k_data_escape
c3e3c584 B os_data_init
c3e3c588 b k_data_escape_saved
c3e3c58c b os_data_state_saved
c3e3c590 b os_data_count_saved
c3e3c594 b os_data_addr_saved
c3e3c598 B os_data_char
c3e3c59c B his_quote
c3e3c5a0 B send_ptr
c3e3c5a4 B send_parms
c3e3c5b8 b base_address
c3e3c5bc B dp_last_addr
c3e3c5c0 B dp_last_size
c3e3c5c4 B mm_last_addr
c3e3c5c8 B mm_last_size
c3e3c5cc b ctrlc_disabled
c3e3c5d0 b ctrlc_was_pressed
c3e3c5d4 B devlist
c3e3c5d8 B stdio_devices
c3e3c5e4 b current_mallinfo
c3e3c60c b top_pad
c3e3c610 b max_sbrked_mem
c3e3c614 b max_total_mem
c3e3c618 b n_mmaps_max
c3e3c61c b buf.2646
c3e3c644 B last_return_code
c3e3c648 b top_vars
c3e3c64c b flag_repeat
c3e3c650 b do_repeat
c3e3c654 b the_command.2447
c3e3c754 b local.2431
c3e3c76a b map
c3e3c86c b ifs
c3e3c870 B nesting_level
c3e3c874 b asynch_allowed
c3e3c878 B usb_started
c3e3c87c b usb_hub_index
c3e3c880 b setup_packet
c3e3c888 b usb_dev
c3e49108 b dev_index
c3e4910c b hub_dev
c3e4920c b running
c3e49210 b usb_ccb
c3e492a0 b usb_dev_desc
c3e494bc b usb_max_devs
c3e494c0 b CBWTag
c3e494c4 b usb_stor_buf
c3e496c4 b usb_stor
c3e497c8 b xyz
c3e49c04 B ofsinfo
c3e49c1c B env_ptr
c3e49c20 B flash_info
c3e4b02c B ___strtok
c3e4b030 b fixed_mem
c3e4c0c0 b fixed_lock
c3e4c0c4 b fixed_built
c3e4c0c8 b fixed_bl
c3e4c0cc b fixed_tl
c3e4c0d0 b fixed_bd
c3e4c0d4 b fixed_td
c3e4c100 B ptd
c3e4c104 b gohci
c3e4c1cc B urb_priv
c3e4c2a0 B ohci_dev
c3e4c430 B devgone
c3e4c434 B got_rhsc
c3e4c438 B phcca
c3e4c500 B ghcca
c3e4c600 B gtd
c3e4d640 b ohci_inited
c3e4d700 B nand_type
c3e4d704 B cur_ecc_mode
c3e4d708 b RCA
c3e4d70c b sd_spec
c3e4d710 B card
c3e4d714 b mmc_spec
c3e4d718 b mmc_ready
c3e4d71c b mmc_buf
c3e4d91c b mmc_dev
c3e4d988 b desc
c3e4d9bc B udc_speed
c3e4d9c0 B ep0_maxpktsize
c3e4d9c4 B ep1_maxpktsize
c3e4d9c8 B ep3_maxpktsize
c3e4d9cc B download_addr
c3e4d9d0 B download_filesize
c3e4d9d4 B upload_ptr
c3e4d9d8 B download_ptr
c3e4d9dc B upload_size
c3e4d9e0 b dev_req
c3e4d9e4 B s3c_ep0_state
c3e4d9e8 B remote_wakeup
c3e4d9ec b get_status
c3e4d9f0 B s3c_ep0_sub_state
c3e4d9f4 b get_intf
c3e4d9f8 B config_value
c3e4d9fc b op_mode
c3e4da00 B s3c_usbd_dn_addr
c3e4da04 B s3c_receive_done
c3e4da08 B s3c_got_header
c3e4da0c B DNW
c3e4da10 b params
c3e4da14 b part_offset
c3e4da18 b cur_dev
c3e4da1c B get_vfatname_block
c3e5da1c B do_fat_read_block
c3e6da1c B get_dentfromdir_block
c3e7da1c B ext2fs_root
c3e7da20 B indir1_block
c3e7da24 B indir1_size
c3e7da28 B indir2_block
c3e7da2c B indir2_size
c3e7da30 B symlinknest
c3e7da34 B ext2fs_file
c3e7da38 b ext2fs_block_dev_desc
c3e7da3c b part_info
c3e7da88 b none_oobinfo
c3e7dcd8 b data_buf
c3e7ecd8 b oob_buf
c3e7edb4 B _end
