Archive member included because of file (symbol)

cpu/s3c24xx/libs3c24xx.a(interrupts.o)
                              cpu/s3c24xx/start.o (do_irq)
cpu/s3c24xx/libs3c24xx.a(cpu.o)
                              cpu/s3c24xx/libs3c24xx.a(interrupts.o) (reset_cpu)
cpu/s3c24xx/libs3c24xx.a(hs_mmc.o)
                              cpu/s3c24xx/movi.o (hsmmc_reset)
cpu/s3c24xx/libs3c24xx.a(serial.o)
                              cpu/s3c24xx/libs3c24xx.a(cpu.o) (serial_tstc)
cpu/s3c24xx/s3c2416/libs3c2416.a(speed.o)
                              cpu/s3c24xx/libs3c24xx.a(hs_mmc.o) (get_HCLK)
lib_arm/libarm.a(_divsi3.o)   cpu/s3c24xx/libs3c24xx.a(interrupts.o) (__divsi3)
lib_arm/libarm.a(_udivsi3.o)  cpu/s3c24xx/libs3c24xx.a(interrupts.o) (__udivsi3)
lib_arm/libarm.a(_umodsi3.o)  cpu/s3c24xx/libs3c24xx.a(hs_mmc.o) (__umodsi3)
lib_arm/libarm.a(board.o)     lib_arm/div0.o (hang)
lib_arm/libarm.a(_modsi3.o)   lib_arm/libarm.a(board.o) (__modsi3)
net/libnet.a(net.o)           lib_arm/libarm.a(board.o) (getenv_IPaddr)
net/libnet.a(tftp.o)          net/libnet.a(net.o) (TftpStart)
net/libnet.a(bootp.o)         net/libnet.a(net.o) (BootpRequest)
net/libnet.a(rarp.o)          net/libnet.a(net.o) (RarpRequest)
net/libnet.a(eth.o)           lib_arm/libarm.a(board.o) (eth_initialize)
net/libnet.a(nfs.o)           net/libnet.a(net.o) (NfsStart)
drivers/mtd/nand/libnand.a(nand.o)
                              lib_arm/libarm.a(board.o) (nand_init)
drivers/mtd/nand/libnand.a(nand_base.o)
                              drivers/mtd/nand/libnand.a(nand.o) (nand_scan)
drivers/mtd/nand/libnand.a(nand_ids.o)
                              drivers/mtd/nand/libnand.a(nand_base.o) (nand_flash_ids)
drivers/mtd/nand/libnand.a(nand_ecc.o)
                              drivers/mtd/nand/libnand.a(nand_base.o) (nand_calculate_ecc)
drivers/mtd/nand/libnand.a(nand_bbt.o)
                              drivers/mtd/nand/libnand.a(nand_base.o) (nand_isbad_bbt)
drivers/net/libnet.a(dm9000x.o)
                              net/libnet.a(net.o) (eth_halt)
common/libcommon.a(main.o)    lib_arm/libarm.a(board.o) (main_loop)
common/libcommon.a(cmd_autoscript.o)
                              (__u_boot_cmd_autoscr)
common/libcommon.a(cmd_bdinfo.o)
                              (__u_boot_cmd_bdinfo)
common/libcommon.a(image.o)   common/libcommon.a(cmd_autoscript.o) (genimg_get_format)
common/libcommon.a(cmd_boot.o)
                              (__u_boot_cmd_go)
common/libcommon.a(cmd_bootm.o)
                              common/libcommon.a(main.o) (do_bootd)
common/libcommon.a(cmd_cache.o)
                              (__u_boot_cmd_icache)
common/libcommon.a(cmd_console.o)
                              (__u_boot_cmd_coninfo)
common/libcommon.a(cmd_date.o)
                              (__u_boot_cmd_date)
common/libcommon.a(cmd_elf.o)
                              common/libcommon.a(cmd_bootm.o) (do_bootvx)
common/libcommon.a(cmd_ext2.o)
                              (__u_boot_cmd_ext2ls)
common/libcommon.a(cmd_fat.o)
                              (__u_boot_cmd_fatload)
common/libcommon.a(cmd_flash.o)
                              (__u_boot_cmd_flinfo)
common/libcommon.a(cmd_itest.o)
                              (__u_boot_cmd_itest)
common/libcommon.a(cmd_load.o)
                              (__u_boot_cmd_loads)
common/libcommon.a(cmd_mem.o)
                              common/libcommon.a(cmd_itest.o) (cmd_get_data_size)
common/libcommon.a(cmd_misc.o)
                              (__u_boot_cmd_sleep)
common/libcommon.a(cmd_mmc.o)
                              (__u_boot_cmd_mmcinit)
common/libcommon.a(cmd_nand.o)
                              (__u_boot_cmd_nand)
common/libcommon.a(cmd_net.o)
                              (__u_boot_cmd_bootp)
common/libcommon.a(cmd_nvedit.o)
                              lib_arm/libarm.a(board.o) (getenv_r)
common/libcommon.a(cmd_reginfo.o)
                              (__u_boot_cmd_reginfo)
common/libcommon.a(cmd_usbd.o)
                              (__u_boot_cmd_dnw)
common/libcommon.a(cmd_ximg.o)
                              (__u_boot_cmd_imxtract)
common/libcommon.a(command.o)
                              common/libcommon.a(main.o) (find_cmd)
common/libcommon.a(console.o)
                              cpu/s3c24xx/movi.o (printf)
common/libcommon.a(devices.o)
                              lib_arm/libarm.a(board.o) (devices_init)
common/libcommon.a(dlmalloc.o)
                              drivers/mtd/nand/libnand.a(nand_base.o) (free)
common/libcommon.a(env_common.o)
                              common/libcommon.a(cmd_nvedit.o) (env_get_addr)
common/libcommon.a(exports.o)
                              lib_arm/libarm.a(board.o) (jumptable_init)
common/libcommon.a(flash.o)   common/libcommon.a(cmd_load.o) (addr2info)
common/libcommon.a(hush.o)    common/libcommon.a(main.o) (u_boot_hush_start)
common/libcommon.a(lists.o)   common/libcommon.a(cmd_console.o) (ListGetPtrToItem)
common/libcommon.a(s_record.o)
[...]
Memory Configuration

Name             Origin             Length             Attributes
*default*        0x00000000         0xffffffff

Linker script and memory map

                0x00000000                . = 0x0
                0x00000000                . = ALIGN (0x4)

.text           0xc3e00000    0x281f4
 cpu/s3c24xx/start.o(.text)
 .text          0xc3e00000      0x4c0 cpu/s3c24xx/start.o
                0xc3e00000                _start
                0xc3e00048                _armboot_start
                0xc3e0004c                _bss_start
                0xc3e00050                _bss_end
                0xc3e00178                copy_from_nand
                0xc3e001f4                theLastJump
 cpu/s3c24xx/s3c2416/cpu_init.o(.text)
 .text          0xc3e004c0      0x1c0 cpu/s3c24xx/s3c2416/cpu_init.o
                0xc3e004c0                sdr_ctrl_asm_init
                0xc3e00658                cleanDCache
                0xc3e00664                cleanFlushDCache
                0xc3e00670                cleanFlushCache
 board/synel/synergy2416/lowlevel_init.o(.text)
 .text          0xc3e00680      0x1e4 board/synel/synergy2416/lowlevel_init.o
                0xc3e00684                lowlevel_init
 cpu/s3c24xx/mmu_table.o(.text)
 .text          0xc3e00864       0xa0 cpu/s3c24xx/mmu_table.o
                0xc3e00864                make_mmu_table
 cpu/s3c24xx/onenand_cp.o(.text)
 .text          0xc3e00904        0x0 cpu/s3c24xx/onenand_cp.o
 cpu/s3c24xx/nand_cp.o(.text)
 .text          0xc3e00904      0x148 cpu/s3c24xx/nand_cp.o
                0xc3e00904                copy_uboot_to_ram
 cpu/s3c24xx/movi.o(.text)
 .text          0xc3e00a4c      0x128 cpu/s3c24xx/movi.o
                0xc3e00a4c                movi_set_ofs
                0xc3e00aa0                movi_bl2_copy
                0xc3e00adc                movi_read_env
                0xc3e00af0                movi_write_env
                0xc3e00b04                movi_init
                0xc3e00b34                movi_set_capacity
 *(.text)
 .text          0xc3e00b74        0x4 lib_arm/div0.o
                0xc3e00b74                __div0
 .text          0xc3e00b78      0x48c cpu/s3c24xx/libs3c24xx.a(interrupts.o)
                0xc3e00b78                enable_interrupts
                0xc3e00b7c                disable_interrupts
                0xc3e00b98                set_timer
                0xc3e00ba8                reset_timer_masked
                0xc3e00bc8                reset_timer
                0xc3e00bcc                get_timer_masked
                0xc3e00c10                get_timer
                0xc3e00c24                udelay
                0xc3e00c94                udelay_masked
                0xc3e00d08                get_ticks
                0xc3e00d1c                get_tbclk
                0xc3e00d34                interrupt_init
                0xc3e00dac                show_regs
                0xc3e00eec                bad_mode
                0xc3e00f08                do_irq
                0xc3e00f2c                do_fiq
                0xc3e00f50                do_not_used
                0xc3e00f74                do_data_abort
                0xc3e00f98                do_prefetch_abort
                0xc3e00fbc                do_software_interrupt
                0xc3e00fe0                do_undefined_instruction
 .text          0xc3e01004      0x1ec cpu/s3c24xx/libs3c24xx.a(cpu.o)
                0xc3e01040                cpu_init
                0xc3e01048                icache_enable
                0xc3e01064                icache_disable
                0xc3e01080                icache_status
                0xc3e01094                dcache_enable
                0xc3e010b0                dcache_status
                0xc3e010c4                dcache_disable
                0xc3e010e4                cleanup_before_linux
                0xc3e0110c                check_cpu_clock
                0xc3e01184                do_clock_test
                0xc3e01194                reset_cpu
                0xc3e011d8                do_reset
 .text          0xc3e011f0     0x15a4 cpu/s3c24xx/libs3c24xx.a(hs_mmc.o)
                0xc3e011f0                mmc_get_dev
                0xc3e01310                hsmmc_reset
                0xc3e01324                hsmmc_set_gpio
                0xc3e0187c                movi_write
                0xc3e019e4                movi_read
                0xc3e01b10                mmc_bread
                0xc3e01c30                hsmmc_init
                0xc3e0226c                test_hsmmc
 .text          0xc3e02794       0xec cpu/s3c24xx/libs3c24xx.a(serial.o)
                0xc3e0279c                serial_setbrg
                0xc3e027e8                serial_init
                0xc3e027f8                serial_tstc
                0xc3e0280c                serial_putc
                0xc3e0283c                serial_puts
                0xc3e02864                serial_getc
 .text          0xc3e02880      0x1e4 cpu/s3c24xx/s3c2416/libs3c2416.a(speed.o)
                0xc3e028c8                get_UCLK
                0xc3e028d0                get_FCLK
                0xc3e028d8                get_ARMCLK
                0xc3e02980                get_HCLK
                0xc3e029b4                get_PCLK
                0xc3e029dc                print_cpuinfo
 *fill*         0xc3e02a64       0x1c 00
 .text          0xc3e02a80      0x140 lib_arm/libarm.a(_divsi3.o)
                0xc3e02a80                __divsi3
 .text          0xc3e02bc0       0x98 lib_arm/libarm.a(_udivsi3.o)
                0xc3e02bc0                __udivsi3
 .text          0xc3e02c58       0xb4 lib_arm/libarm.a(_umodsi3.o)
                0xc3e02c58                __umodsi3
 .text          0xc3e02d0c      0x340 lib_arm/libarm.a(board.o)
                0xc3e02d0c                sbrk
                0xc3e02d44                coloured_LED_init
                0xc3e02d44                __coloured_LED_init
                0xc3e02d48                red_LED_on
                0xc3e02d48                __red_LED_on
                0xc3e02d4c                __red_LED_off
                0xc3e02d4c                red_LED_off
                0xc3e02d50                green_LED_on
                0xc3e02d50                __green_LED_on
                0xc3e02d54                __green_LED_off
                0xc3e02d54                green_LED_off
                0xc3e02d58                __yellow_LED_on
                0xc3e02d58                yellow_LED_on
                0xc3e02d5c                __yellow_LED_off
                0xc3e02d5c                yellow_LED_off
                0xc3e02d60                hang
                0xc3e02e2c                strmhz
                0xc3e02e94                start_armboot
 *fill*         0xc3e0304c       0x14 00
 .text          0xc3e03060      0x100 lib_arm/libarm.a(_modsi3.o)
                0xc3e03060                __modsi3
 .text          0xc3e03160     0x132c net/libnet.a(net.o)
                0xc3e031ac                NetSetHandler
                0xc3e031bc                NetCksum
                0xc3e03204                NetCksumOk
                0xc3e03228                copy_filename
                0xc3e03280                string_to_VLAN
                0xc3e032cc                getenv_VLAN
                0xc3e032dc                string_to_ip
                0xc3e03348                getenv_IPaddr
                0xc3e03358                NetEthHdrSize
                0xc3e0339c                VLAN_to_string
                0xc3e033fc                ip_to_string
                0xc3e03440                print_IPaddr
                0xc3e03464                NetSetIP
                0xc3e03564                NetSetEther
                0xc3e03670                NetSendPacket
                0xc3e03674                ArpRequest
                0xc3e03760                NetReceive
                0xc3e03cc8                PingSend
                0xc3e03e04                NetSetTimeout
                0xc3e03e34                NetSendUDPPacket
                0xc3e03f70                NetStartAgain
                0xc3e03fec                ArpTimeoutCheck
                0xc3e0407c                NetLoop
 .text          0xc3e0448c      0x6f8 net/libnet.a(tftp.o)
                0xc3e04624                TftpStart
 .text          0xc3e04b84      0x980 net/libnet.a(bootp.o)
                0xc3e0530c                BootpRequest
                0xc3e054b8                DhcpRequest
 .text          0xc3e05504      0x1a0 net/libnet.a(rarp.o)
                0xc3e05504                RarpRequest
 .text          0xc3e056a4        0x8 net/libnet.a(eth.o)
                0xc3e056a4                eth_initialize
 .text          0xc3e056ac      0xe70 net/libnet.a(nfs.o)
                0xc3e05e88                NfsStart
 .text          0xc3e0651c       0x9c drivers/mtd/nand/libnand.a(nand.o)
                0xc3e0651c                nand_init
 .text          0xc3e065b8     0x2ea4 drivers/mtd/nand/libnand.a(nand_base.o)
                0xc3e068e4                nand_wait_ready
                0xc3e0735c                nand_release
                0xc3e073a4                nand_scan_ident
                0xc3e07860                nand_scan_tail
                0xc3e07d20                nand_scan
                0xc3e08b10                nand_read
                0xc3e0903c                nand_erase_nand
 .text          0xc3e0945c        0x0 drivers/mtd/nand/libnand.a(nand_ids.o)
 .text          0xc3e0945c      0x214 drivers/mtd/nand/libnand.a(nand_ecc.o)
                0xc3e0945c                nand_calculate_ecc
                0xc3e09550                nand_correct_data
 .text          0xc3e09670     0x17cc drivers/mtd/nand/libnand.a(nand_bbt.o)
                0xc3e0991c                nand_isbad_bbt
                0xc3e0a63c                nand_update_bbt
                0xc3e0a910                nand_scan_bbt
                0xc3e0ad78                nand_default_bbt
 .text          0xc3e0ae3c      0xb90 drivers/net/libnet.a(dm9000x.o)
                0xc3e0aff0                write_srom_word
                0xc3e0b048                read_srom_word
                0xc3e0b0f4                eth_halt
                0xc3e0b224                eth_rx
                0xc3e0b368                eth_send
                0xc3e0b438                eth_init
 .text          0xc3e0b9cc      0xd8c common/libcommon.a(main.o)
                0xc3e0b9cc                __show_boot_progress
                0xc3e0b9cc                show_boot_progress
                0xc3e0b9d0                parse_line
                0xc3e0ba5c                do_run
                0xc3e0bad0                run_command
                0xc3e0bfd8                readline_into_buffer
                0xc3e0c638                readline
                0xc3e0c644                main_loop
 .text          0xc3e0c758      0x18c common/libcommon.a(cmd_autoscript.o)
                0xc3e0c774                autoscript
                0xc3e0c8a0                do_autoscript
 .text          0xc3e0c8e4      0x10c common/libcommon.a(cmd_bdinfo.o)
                0xc3e0c8f8                do_bdinfo
 .text          0xc3e0c9f0      0x834 common/libcommon.a(image.o)
                0xc3e0ca2c                image_multi_count
                0xc3e0ca80                genimg_get_os_name
                0xc3e0ca98                genimg_get_arch_name
                0xc3e0cab0                genimg_get_type_name
                0xc3e0cac8                genimg_get_comp_name
                0xc3e0cae0                genimg_get_image
                0xc3e0cae4                genimg_has_config
                0xc3e0cb38                genimg_get_comp_id
                0xc3e0cb50                genimg_get_type_id
                0xc3e0cb68                genimg_get_arch_id
                0xc3e0cb80                genimg_get_os_id
                0xc3e0cbbc                genimg_get_format
                0xc3e0cc08                image_multi_getimg
                0xc3e0cc90                memmove_wd
                0xc3e0cc94                getenv_bootm_size
                0xc3e0ccc8                getenv_bootm_low
                0xc3e0ccfc                getenv_yesno
                0xc3e0cd4c                image_print_contents
                0xc3e0cf30                image_check_dcrc
                0xc3e0cf78                image_check_hcrc
                0xc3e0cfcc                boot_get_ramdisk
 .text          0xc3e0d224       0x9c common/libcommon.a(cmd_boot.o)
                0xc3e0d224                do_go_exec
                0xc3e0d23c                do_go
 .text          0xc3e0d2c0      0xb24 common/libcommon.a(cmd_bootm.o)
                0xc3e0d2dc                board_lmb_reserve
                0xc3e0d2dc                __board_lmb_reserve
                0xc3e0d490                print_image_hdr
                0xc3e0d638                do_iminfo
                0xc3e0d698                do_bootd
                0xc3e0d6bc                do_bootm
 .text          0xc3e0dde4      0x144 common/libcommon.a(cmd_cache.o)
                0xc3e0de20                do_dcache
                0xc3e0dea4                do_icache
 .text          0xc3e0df28      0x104 common/libcommon.a(cmd_console.o)
                0xc3e0df28                do_coninfo
 .text          0xc3e0e02c      0x314 common/libcommon.a(cmd_date.o)
                0xc3e0e070                mk_date
                0xc3e0e238                do_date
 .text          0xc3e0e340      0x3ac common/libcommon.a(cmd_elf.o)
                0xc3e0e340                valid_elf_image
                0xc3e0e394                load_elf_image
                0xc3e0e494                do_bootvx
                0xc3e0e610                do_bootelf_exec
                0xc3e0e654                do_bootelf
 .text          0xc3e0e6ec      0x41c common/libcommon.a(cmd_ext2.o)
                0xc3e0e6ec                do_ext2load
                0xc3e0e9c4                do_ext2ls
 .text          0xc3e0eb08      0x364 common/libcommon.a(cmd_fat.o)
                0xc3e0eb08                do_fat_fsinfo
                0xc3e0ebe0                do_fat_ls
                0xc3e0ece8                do_fat_fsload
 .text          0xc3e0ee6c      0xae4 common/libcommon.a(cmd_flash.o)
                0xc3e0f01c                flash_sect_protect
                0xc3e0f3b8                do_protect
                0xc3e0f660                flash_sect_erase
                0xc3e0f740                do_flerase
                0xc3e0f8d4                do_flinfo
 .text          0xc3e0f950      0x2ec common/libcommon.a(cmd_itest.o)
                0xc3e0f9b4                binary_test
                0xc3e0fb94                do_itest
 .text          0xc3e0fc3c      0xd08 common/libcommon.a(cmd_load.o)
                0xc3e0fc3c                ktrans
                0xc3e0fc64                chk1
                0xc3e0fce8                k_data_init
                0xc3e0fd08                k_data_save
                0xc3e0fd30                k_data_restore
                0xc3e0fd58                k_data_char
                0xc3e0fdac                send_pad
                0xc3e0fddc                s1_sendpacket
                0xc3e0fe08                handle_send_packet
                0xc3e0ffcc                send_nack
                0xc3e1002c                send_ack
                0xc3e101e0                do_load_serial_bin
                0xc3e10864                do_load_serial
 .text          0xc3e10944      0xa44 common/libcommon.a(cmd_mem.o)
                0xc3e10944                do_mem_base
                0xc3e10988                do_mem_crc
                0xc3e10a40                do_mem_mtest
                0xc3e10b64                cmd_get_data_size
                0xc3e10bb4                do_mem_loop
                0xc3e10cb8                do_mem_cp
                0xc3e10eac                do_mem_cmp
                0xc3e11048                do_mem_mw
                0xc3e11268                do_mem_nm
                0xc3e11288                do_mem_mm
                0xc3e112a8                do_mem_md
 .text          0xc3e11388       0x90 common/libcommon.a(cmd_misc.o)
                0xc3e11388                do_sleep
 .text          0xc3e11418       0x30 common/libcommon.a(cmd_mmc.o)
                0xc3e11418                do_mmc
 .text          0xc3e11448     0x1218 common/libcommon.a(cmd_nand.o)
                0xc3e114c0                nand_block_write
                0xc3e1160c                nand_block_read
                0xc3e1186c                do_nandboot
                0xc3e11aa0                do_nand
 .text          0xc3e12660      0x3c0 common/libcommon.a(cmd_net.o)
                0xc3e12660                do_ping
                0xc3e129e4                do_nfs
                0xc3e129f0                do_dhcp
                0xc3e129fc                do_rarpb
                0xc3e12a08                do_tftpb
                0xc3e12a14                do_bootp
 .text          0xc3e12a20      0x7f4 common/libcommon.a(cmd_nvedit.o)
                0xc3e12a20                envmatch
                0xc3e12a80                getenv_r
                0xc3e12b20                do_saveenv
                0xc3e12b4c                getenv
                0xc3e12bb4                _do_setenv
                0xc3e13020                do_setenv
                0xc3e13058                setenv
                0xc3e1309c                do_printenv
 .text          0xc3e13214        0x8 common/libcommon.a(cmd_reginfo.o)
                0xc3e13214                do_reginfo
 .text          0xc3e1321c       0xfc common/libcommon.a(cmd_usbd.o)
                0xc3e1321c                do_usbd_dnw
 .text          0xc3e13318      0x23c common/libcommon.a(cmd_ximg.o)
                0xc3e13318                do_imgextract
 .text          0xc3e13554      0x774 common/libcommon.a(command.o)
                0xc3e13554                find_cmd
                0xc3e135e8                do_echo
                0xc3e1366c                do_help
                0xc3e13810                do_version
                0xc3e13830                do_exit
                0xc3e13860                do_test
 .text          0xc3e13cc8      0x570 common/libcommon.a(console.o)
                0xc3e13d68                fgetc
                0xc3e13d90                ftstc
                0xc3e13db8                fputc
                0xc3e13de4                fputs
                0xc3e13e10                disable_ctrlc
                0xc3e13e28                had_ctrlc
                0xc3e13e38                clear_ctrlc
                0xc3e13e4c                dbg
                0xc3e13e58                console_init_f
                0xc3e13e68                console_assign
                0xc3e13ef8                fprintf
                0xc3e13f40                puts
                0xc3e13f5c                vprintf
                0xc3e13f88                printf
                0xc3e13fc8                console_init_r
                0xc3e1415c                serial_printf
                0xc3e1419c                putc
                0xc3e141bc                tstc
                0xc3e141d4                getc
                0xc3e141ec                ctrlc
 .text          0xc3e14238      0x208 common/libcommon.a(devices.o)
                0xc3e14238                devices_done
                0xc3e14254                device_deregister
                0xc3e14370                device_register
                0xc3e14394                devices_init
 .text          0xc3e14440     0x103c common/libcommon.a(dlmalloc.o)
                0xc3e14440                malloc_bin_reloc
                0xc3e14478                malloc_usable_size
                0xc3e144bc                mallopt
                0xc3e14534                malloc_trim
                0xc3e14600                free
                0xc3e14824                cfree
                0xc3e14828                malloc
                0xc3e14e00                memalign
                0xc3e14f10                pvalloc
                0xc3e14f28                valloc
                0xc3e14f34                calloc
                0xc3e15014                realloc
 .text          0xc3e1547c      0x144 common/libcommon.a(env_common.o)
                0xc3e1547c                env_get_char_memory
                0xc3e154a0                env_get_addr
                0xc3e154c4                env_get_char
                0xc3e154f4                env_crc_update
                0xc3e15520                set_default_env
                0xc3e15568                env_relocate
 .text          0xc3e155c0       0xe4 common/libcommon.a(exports.o)
                0xc3e155c4                get_version
                0xc3e155cc                jumptable_init
 .text          0xc3e156a4      0x368 common/libcommon.a(flash.o)
                0xc3e156a4                flash_protect
                0xc3e15780                addr2info
                0xc3e157c8                flash_perror
                0xc3e158a8                flash_write
 .text          0xc3e15a0c     0x1bf4 common/libcommon.a(hush.o)
                0xc3e15a28                simple_itoa
                0xc3e15b44                mapset
                0xc3e15b70                u_boot_hush_start
                0xc3e15ddc                new_pipe
                0xc3e16048                reserved_word
                0xc3e164a4                update_ifs_map
                0xc3e174f4                parse_file_outer
                0xc3e1753c                parse_string_outer
 .text          0xc3e17600      0x480 common/libcommon.a(lists.o)
                0xc3e17600                GetHandleSize
                0xc3e17608                ListSetAllocationPolicy
                0xc3e1761c                ListGetPtrToItem
                0xc3e1764c                ListGetDataPtr
                0xc3e17658                ListGetItemSize
                0xc3e17664                ListNumItems
                0xc3e17670                ListGetItems
                0xc3e176b4                ListRemoveItems
                0xc3e17754                ListRemoveItem
                0xc3e1775c                SetHandleSize
                0xc3e177d8                ListInsertItems
                0xc3e17998                ListInsertItem
                0xc3e179a0                DisposeHandle
                0xc3e179c0                ListDispose
                0xc3e179c4                NewHandle
                0xc3e17a20                ListCreate
 .text          0xc3e17a80      0x2e0 common/libcommon.a(s_record.o)
                0xc3e17aec                srec_decode
 .text          0xc3e17d60     0x1600 common/libcommon.a(usb.o)
                0xc3e17d60                usb_disable_asynch
                0xc3e17d78                usb_maxpacket
                0xc3e17d9c                usb_set_maxpacket
                0xc3e17ebc                usb_get_dev_index
                0xc3e17eec                usb_hub_reset
                0xc3e17f00                usb_hub_allocate
                0xc3e17f48                usb_alloc_new_device
                0xc3e17fe4                usb_parse_config
                0xc3e18134                usb_submit_int_msg
                0xc3e18138                usb_stop
                0xc3e18168                wait_ms
                0xc3e1818c                usb_bulk_msg
                0xc3e181f0                usb_control_msg
                0xc3e182c8                usb_get_port_status
                0xc3e18328                usb_get_hub_status
                0xc3e1837c                usb_set_port_feature
                0xc3e183dc                usb_clear_port_feature
                0xc3e1843c                usb_clear_hub_feature
                0xc3e18490                usb_get_hub_descriptor
                0xc3e184f0                usb_get_string
                0xc3e18680                usb_string
                0xc3e1877c                usb_get_class_descriptor
                0xc3e187f4                usb_get_report
                0xc3e1886c                usb_set_idle
                0xc3e188d0                usb_set_protocol
                0xc3e18930                usb_set_configuration
                0xc3e1899c                usb_set_interface
                0xc3e18a5c                usb_set_address
                0xc3e18aa0                usb_get_descriptor
                0xc3e18b10                usb_get_configuration_no
                0xc3e18ba8                usb_clear_halt
                0xc3e18c90                usb_hub_port_connect_change
                0xc3e18dcc                usb_hub_configure
                0xc3e18ff4                usb_hub_probe
                0xc3e19050                usb_new_device
                0xc3e19280                usb_scan_devices
                0xc3e192e4                usb_init
 .text          0xc3e19360      0x95c common/libcommon.a(xyzModem.o)
                0xc3e19360                parse_num
                0xc3e19484                xyzModem_error
                0xc3e194a4                xyzModem_stream_close
                0xc3e194f4                CYGACC_COMM_IF_PUTC
                0xc3e194fc                CYGACC_COMM_IF_GETC_TIMEOUT
                0xc3e19578                xyzModem_stream_terminate
                0xc3e198d4                xyzModem_stream_read
                0xc3e19b68                xyzModem_stream_open
 .text          0xc3e19cbc      0x5d0 common/libcommon.a(cmd_movi.o)
                0xc3e19cbc                do_movi
                0xc3e1a1f4                do_insnand
 .text          0xc3e1a28c      0x2cc common/libcommon.a(env_nand.o)
                0xc3e1a28c                env_get_char_spec
                0xc3e1a298                env_init
                0xc3e1a328                env_relocate_spec
                0xc3e1a390                readenv
                0xc3e1a40c                writeenv
                0xc3e1a4bc                saveenv
 .text          0xc3e1a558      0x170 common/libcommon.a(gunzip.o)
                0xc3e1a558                gunzip
                0xc3e1a6b0                zfree
                0xc3e1a6b8                zalloc
 .text          0xc3e1a6c8       0x48 common/libcommon.a(crc16.o)
                0xc3e1a6c8                cyg_crc16
 .text          0xc3e1a710      0x230 board/synel/synergy2416/libsynergy2416.a(synergy2416.o)
                0xc3e1a710                dram_init
                0xc3e1a744                virt_to_phy_smdk2416
                0xc3e1a774                checkboard
                0xc3e1a80c                board_late_init
                0xc3e1a8b4                board_init
 .text          0xc3e1a940      0x6b4 board/synel/synergy2416/libsynergy2416.a(flash.o)
                0xc3e1aa44                write_buff
                0xc3e1abb4                flash_print_info
                0xc3e1ace0                flash_erase
                0xc3e1aef8                flash_init
 .text          0xc3e1aff4      0x214 lib_generic/libgeneric.a(crc32.o)
                0xc3e1aff4                crc32
                0xc3e1b100                crc32_no_comp
                0xc3e1b204                crc32_wd
 .text          0xc3e1b208        0x0 lib_generic/libgeneric.a(ctype.o)
 .text          0xc3e1b208      0x248 lib_generic/libgeneric.a(display_options.o)
                0xc3e1b208                print_size
                0xc3e1b2d0                display_options
                0xc3e1b2f0                print_buffer
 .text          0xc3e1b450      0x578 lib_generic/libgeneric.a(lmb.o)
                0xc3e1b450                lmb_dump_all
                0xc3e1b4b4                lmb_init
                0xc3e1b6ac                lmb_add
                0xc3e1b6b0                lmb_free
                0xc3e1b7a8                lmb_reserve
                0xc3e1b7b0                lmb_overlaps_region
                0xc3e1b810                __lmb_alloc_base
                0xc3e1b92c                lmb_is_reserved
                0xc3e1b98c                lmb_alloc_base
                0xc3e1b9c0                lmb_alloc
 .text          0xc3e1b9c8      0x558 lib_generic/libgeneric.a(string.o)
                0xc3e1b9c8                strcpy
                0xc3e1b9e4                strncpy
                0xc3e1ba0c                strcat
                0xc3e1ba3c                strncat
                0xc3e1ba98                strcmp
                0xc3e1bac8                strncmp
                0xc3e1bb10                strchr
                0xc3e1bb3c                strlen
                0xc3e1bb5c                strrchr
                0xc3e1bb94                strnlen
                0xc3e1bbbc                strspn
                0xc3e1bc00                strpbrk
                0xc3e1bc38                strtok
                0xc3e1bcb4                strsep
                0xc3e1bce8                strswab
                0xc3e1bd30                memset
                0xc3e1bd50                bcopy
                0xc3e1bd78                memcpy
                0xc3e1bd9c                memmove
                0xc3e1bdf8                memcmp
                0xc3e1be30                memscan
                0xc3e1be60                strstr
                0xc3e1bec0                memchr
                0xc3e1beec                strdup
 .text          0xc3e1bf20      0x7f0 lib_generic/libgeneric.a(vsprintf.o)
                0xc3e1bf20                simple_strtoul
                0xc3e1bfd0                simple_strtol
                0xc3e1c274                panic
                0xc3e1c2c4                vsprintf
                0xc3e1c6e8                sprintf
 .text          0xc3e1c710     0x2d24 lib_generic/libgeneric.a(zlib.o)
                0xc3e1d048                inflateEnd
                0xc3e1d0dc                inflateReset
                0xc3e1d13c                inflateSync
                0xc3e1d23c                inflateInit2
                0xc3e1d380                inflateInit
                0xc3e1d388                adler32
                0xc3e1d4fc                inflateIncomp
                0xc3e1d790                inflate
 .text          0xc3e1f434     0x1504 cpu/s3c24xx/libs3c24xx.a(usb_ohci.o)
                0xc3e1f4fc                rh_check_port_status
                0xc3e1f550                submit_int_msg
                0xc3e1f67c                usb_lowlevel_init
                0xc3e1f850                usb_lowlevel_stop
                0xc3e1f92c                sohci_submit_job
                0xc3e1fe70                submit_common_msg
                0xc3e2030c                submit_bulk_msg
                0xc3e20324                submit_control_msg
 .text          0xc3e20938       0xe0 cpu/s3c24xx/libs3c24xx.a(nand.o)
                0xc3e209bc                board_nand_init
 .text          0xc3e20a18     0x109c cpu/s3c24xx/libs3c24xx.a(mmc.o)
                0xc3e20a18                mmc_ident
                0xc3e20a20                mmc2info
                0xc3e20b68                display_card_info
                0xc3e20ce0                get_sd_scr
                0xc3e20d90                clock_config
                0xc3e20e64                mmc_block_write
                0xc3e20fc4                mmc_block_read
                0xc3e210d8                mmc_write
                0xc3e21238                mmc_read
                0xc3e21360                check_mmc_ocr
                0xc3e214b8                check_sd_ocr
                0xc3e21650                mmc_init
 .text          0xc3e21ab4     0x1128 cpu/s3c24xx/libs3c24xx.a(usbd-ctl-hs.o)
                0xc3e21ab4                s3c_usbc_activate
                0xc3e21abc                s3c_usb_stop
                0xc3e21b20                set_endpoint
                0xc3e21b78                write_ep0buf
                0xc3e21ba0                write_ep0buf_1byte
                0xc3e21bb4                write_epbuf
                0xc3e21bf4                read_epbuf
                0xc3e21c34                upload_start
                0xc3e21ca8                set_max_pktsize
                0xc3e21d20                get_desc
                0xc3e21df8                clear_feature
                0xc3e21e9c                set_feature
                0xc3e21f40                usb_get_status
                0xc3e21fe0                transfer_ep0
                0xc3e22274                s3c_ep0_int_hndlr
                0xc3e223f0                udc_int_bulkin
                0xc3e2259c                s3c_usbctl_init
                0xc3e22694                download_start
                0xc3e2286c                verify_checksum
                0xc3e22910                download_continue
                0xc3e229a8                udc_int_bulkout
                0xc3e22ad8                s3c_udc_int_hndlr
 .text          0xc3e22bdc       0x1c lib_arm/libarm.a(_ashldi3.o)
                0xc3e22bdc                __ashldi3
 .text          0xc3e22bf8       0x1c lib_arm/libarm.a(_ashrdi3.o)
                0xc3e22bf8                __ashrdi3
 .text          0xc3e22c14      0x254 lib_arm/libarm.a(bootm.o)
                0xc3e22c14                do_bootm_linux
 .text          0xc3e22e68        0x4 lib_arm/libarm.a(cache.o)
                0xc3e22e68                flush_cache
 .text          0xc3e22e6c     0x12a4 fs/fat/libfat.a(fat.o)
                0xc3e22e98                disk_read
                0xc3e2328c                file_fat_detectfs
                0xc3e236d0                do_fat_read
                0xc3e23fdc                file_fat_read
                0xc3e24014                file_fat_ls
                0xc3e24024                fat_register_device
 .text          0xc3e24110      0xdec fs/ext2/libext2fs.a(ext2fs.o)
                0xc3e241d8                ext2fs_mount
                0xc3e24284                ext2fs_free_node
                0xc3e242a4                ext2fs_close
                0xc3e24358                ext2fs_read_file
                0xc3e2482c                ext2fs_read
                0xc3e24ae0                ext2fs_find_file1
                0xc3e24d70                ext2fs_find_file
                0xc3e24df0                ext2fs_open
                0xc3e24e88                ext2fs_ls
 .text          0xc3e24efc      0x220 fs/ext2/libext2fs.a(dev.o)
                0xc3e24efc                ext2fs_devread
                0xc3e250d0                ext2fs_set_blk_dev
 .text          0xc3e2511c      0x324 disk/libdisk.a(part.o)
                0xc3e2511c                dev_print
                0xc3e252c0                get_partition_info
                0xc3e252e4                init_part
                0xc3e25300                get_dev
                0xc3e25364                print_part
 .text          0xc3e25440      0x4e4 disk/libdisk.a(part_dos.o)
                0xc3e25484                test_part_dos
                0xc3e25714                get_partition_info_dos
                0xc3e258f8                print_part_dos
 .text          0xc3e25924      0xdfc drivers/mtd/nand/libnand.a(nand_util.o)
                0xc3e2592c                nand_lock
                0xc3e25980                nand_unlock
                0xc3e25a8c                nand_get_lock_status
                0xc3e25b18                nand_read_opts
                0xc3e25eb8                nand_write_opts
                0xc3e263c0                nand_erase_opts
 .text          0xc3e26720      0x290 drivers/rtc/librtc.a(date.o)
                0xc3e26720                GregorianDay
                0xc3e26810                to_tm
                0xc3e26918                mktime
 .text          0xc3e269b0      0x218 drivers/rtc/librtc.a(s3c24xx_rtc.o)
                0xc3e26a24                rtc_get
                0xc3e26b0c                rtc_set
                0xc3e26ba4                rtc_reset
 .text          0xc3e26bc8     0x13b0 common/libcommon.a(usb_storage.o)
                0xc3e26be4                usb_stor_get_dev
                0xc3e26c1c                usb_show_progress
                0xc3e26c28                usb_storage_probe
                0xc3e26e54                usb_stor_BBB_clear_endpt_stall
                0xc3e2707c                usb_stor_CB_comdat
                0xc3e272cc                usb_stor_BBB_comdat
                0xc3e273bc                usb_stor_BBB_transport
                0xc3e27588                usb_stor_CBI_get_status
                0xc3e27668                usb_stor_CB_transport
                0xc3e27850                usb_stor_info
                0xc3e279bc                usb_stor_read
                0xc3e27bbc                usb_stor_get_info
                0xc3e27e28                usb_stor_scan
 .text          0xc3e27f78       0xf8 lib_generic/libgeneric.a(div64.o)
                0xc3e27f78                __div64_32
 lib_arm/div0.o()
 .data          0xc3e28070        0x0 lib_arm/div0.o
 .bss           0xc3e28070        0x0 lib_arm/div0.o
 .debug_abbrev  0xc3e28070       0x29 lib_arm/div0.o
 .debug_info    0xc3e28099       0x39 lib_arm/div0.o
 .debug_line    0xc3e280d2       0x38 lib_arm/div0.o
 *fill*         0xc3e2810a        0x2 00
 .debug_frame   0xc3e2810c       0x20 lib_arm/div0.o
 .debug_pubnames
                0xc3e2812c       0x1d lib_arm/div0.o
 .debug_aranges
                0xc3e28149       0x20 lib_arm/div0.o
 .debug_str     0xc3e28169       0x51 lib_arm/div0.o
 .comment       0xc3e281ba       0x2a lib_arm/div0.o
 .note.GNU-stack
                0xc3e281e4        0x0 lib_arm/div0.o
 .ARM.attributes
                0xc3e281e4       0x10 lib_arm/div0.o

.glue_7         0xc3e281f4        0x0
 .glue_7        0x00000000        0x0 linker stubs

.glue_7t        0xc3e281f4        0x0
 .glue_7t       0x00000000        0x0 linker stubs

.vfp11_veneer   0xc3e281f4        0x0
 .vfp11_veneer  0x00000000        0x0 linker stubs

.v4_bx          0xc3e281f4        0x0
 .v4_bx         0x00000000        0x0 linker stubs
                0xc3e281f4                . = ALIGN (0x4)

.rodata         0xc3e281f4      0xb28
 *(.rodata)
 .rodata        0xc3e281f4       0x14 cpu/s3c24xx/movi.o
 .rodata        0xc3e28208       0x80 cpu/s3c24xx/libs3c24xx.a(interrupts.o)
 .rodata        0xc3e28288       0x3c lib_arm/libarm.a(board.o)
                0xc3e28288                version_string
 .rodata        0xc3e282c4        0x7 net/libnet.a(net.o)
 *fill*         0xc3e282cb        0x1 00
 .rodata        0xc3e282cc        0x8 drivers/mtd/nand/libnand.a(nand.o)
 .rodata        0xc3e282d4       0x48 drivers/mtd/nand/libnand.a(nand_base.o)
 .rodata        0xc3e2831c      0x100 drivers/mtd/nand/libnand.a(nand_ecc.o)
 .rodata        0xc3e2841c       0xc4 common/libcommon.a(cmd_bootm.o)
 .rodata        0xc3e284e0       0x58 common/libcommon.a(cmd_mem.o)
 .rodata        0xc3e28538       0x20 common/libcommon.a(xyzModem.o)
 .rodata        0xc3e28558      0x200 common/libcommon.a(crc16.o)
 .rodata        0xc3e28758        0xc board/synel/synergy2416/libsynergy2416.a(flash.o)
 .rodata        0xc3e28764      0x400 lib_generic/libgeneric.a(crc32.o)
 .rodata        0xc3e28b64       0x90 lib_generic/libgeneric.a(zlib.o)
 .rodata        0xc3e28bf4       0x40 cpu/s3c24xx/libs3c24xx.a(usb_ohci.o)
 .rodata        0xc3e28c34       0x34 cpu/s3c24xx/libs3c24xx.a(mmc.o)
 .rodata        0xc3e28c68       0x64 cpu/s3c24xx/libs3c24xx.a(usbd-ctl-hs.o)
                0xc3e28c68                aDescStr0
                0xc3e28c6c                desc_string1
                0xc3e28c94                desc_string2
                0xc3e28cc0                device_qualifier
 .rodata        0xc3e28ccc       0x18 disk/libdisk.a(part.o)
 .rodata        0xc3e28ce4       0x30 drivers/rtc/librtc.a(date.o)
 .rodata        0xc3e28d14        0x8 common/libcommon.a(usb_storage.o)

.rodata.str1.1  0xc3e28d1c     0x7cf5
 .rodata.str1.1
                0xc3e28d1c       0x2d cpu/s3c24xx/movi.o
 .rodata.str1.1
                0xc3e28d49      0x264 cpu/s3c24xx/libs3c24xx.a(interrupts.o)
                                0x27b (size before relaxing)
 .rodata.str1.1
                0xc3e28fad       0x30 cpu/s3c24xx/libs3c24xx.a(cpu.o)
 .rodata.str1.1
                0xc3e28fdd      0x285 cpu/s3c24xx/libs3c24xx.a(hs_mmc.o)
                                0x28a (size before relaxing)
 .rodata.str1.1
                0xc3e29262       0x48 cpu/s3c24xx/s3c2416/libs3c2416.a(speed.o)
 .rodata.str1.1
                0xc3e292aa       0x85 lib_arm/libarm.a(board.o)
                                 0x8b (size before relaxing)
 .rodata.str1.1
                0xc3e2932f      0x1b4 net/libnet.a(net.o)
                                0x1bc (size before relaxing)
 .rodata.str1.1
                0xc3e294e3      0x18e net/libnet.a(tftp.o)
                                0x1cc (size before relaxing)
 .rodata.str1.1
                0xc3e29671      0x111 net/libnet.a(bootp.o)
                                0x138 (size before relaxing)
 .rodata.str1.1
                0xc3e29782       0x13 net/libnet.a(rarp.o)
                                 0x47 (size before relaxing)
 .rodata.str1.1
                0xc3e29795       0xed net/libnet.a(nfs.o)
                                0x16c (size before relaxing)
 .rodata.str1.1
                0xc3e29882        0x8 drivers/mtd/nand/libnand.a(nand.o)
                                  0xa (size before relaxing)
 .rodata.str1.1
                0xc3e2988a      0x23d drivers/mtd/nand/libnand.a(nand_base.o)
 .rodata.str1.1
                0xc3e29ac7      0x3e2 drivers/mtd/nand/libnand.a(nand_ids.o)
                                0x3f8 (size before relaxing)
 .rodata.str1.1
                0xc3e29ea9      0x270 drivers/mtd/nand/libnand.a(nand_bbt.o)
 .rodata.str1.1
                0xc3e2a119      0x20b drivers/net/libnet.a(dm9000x.o)
                                0x219 (size before relaxing)
 .rodata.str1.1
                0xc3e2a324       0xe3 common/libcommon.a(main.o)
                                 0xe4 (size before relaxing)
 .rodata.str1.1
                0xc3e2a407      0x10f common/libcommon.a(cmd_autoscript.o)
 .rodata.str1.1
                0xc3e2a516       0xb2 common/libcommon.a(cmd_bdinfo.o)
 .rodata.str1.1
                0xc3e2a5c8      0x44f common/libcommon.a(image.o)
                                0x4dd (size before relaxing)
 .rodata.str1.1
                0xc3e2aa17      0x106 common/libcommon.a(cmd_boot.o)
                                0x114 (size before relaxing)
 .rodata.str1.1
                0xc3e2ab1d      0x736 common/libcommon.a(cmd_bootm.o)
                                0x8ff (size before relaxing)
 .rodata.str1.1
                0xc3e2b253      0x115 common/libcommon.a(cmd_cache.o)
                                0x12a (size before relaxing)
 .rodata.str1.1
                0xc3e2b368       0x6b common/libcommon.a(cmd_console.o)
                                 0x6c (size before relaxing)
 .rodata.str1.1
                0xc3e2b3d3      0x159 common/libcommon.a(cmd_date.o)
                                0x16a (size before relaxing)
 .rodata.str1.1
                0xc3e2b52c      0x297 common/libcommon.a(cmd_elf.o)
                                0x2a0 (size before relaxing)
 .rodata.str1.1
                0xc3e2b7c3      0x2d3 common/libcommon.a(cmd_ext2.o)
                                0x306 (size before relaxing)
 .rodata.str1.1
                0xc3e2ba96      0x2ef common/libcommon.a(cmd_fat.o)
                                0x3c9 (size before relaxing)
 .rodata.str1.1
                0xc3e2bd85      0x747 common/libcommon.a(cmd_flash.o)
                                0x75f (size before relaxing)
 .rodata.str1.1
                0xc3e2c4cc       0xbd common/libcommon.a(cmd_itest.o)
                                 0xca (size before relaxing)
 .rodata.str1.1
                0xc3e2c589      0x35c common/libcommon.a(cmd_load.o)
                                0x376 (size before relaxing)
 .rodata.str1.1
                0xc3e2c8e5      0x5dc common/libcommon.a(cmd_mem.o)
                                0x609 (size before relaxing)
 .rodata.str1.1
                0xc3e2cec1       0x6b common/libcommon.a(cmd_misc.o)
                                 0x76 (size before relaxing)
 .rodata.str1.1
                0xc3e2cf2c       0x34 common/libcommon.a(cmd_mmc.o)
 .rodata.str1.1
                0xc3e2cf60      0xa10 common/libcommon.a(cmd_nand.o)
                                0xa4e (size before relaxing)
 .rodata.str1.1
                0xc3e2d970      0x23c common/libcommon.a(cmd_net.o)
                                0x282 (size before relaxing)
 .rodata.str1.1
                0xc3e2dbac      0x305 common/libcommon.a(cmd_nvedit.o)
                                0x388 (size before relaxing)
 .rodata.str1.1
                0xc3e2deb1       0x2e common/libcommon.a(cmd_reginfo.o)
 .rodata.str1.1
                0xc3e2dedf       0x93 common/libcommon.a(cmd_usbd.o)
                                 0x9e (size before relaxing)
 .rodata.str1.1
                0xc3e2df72      0x11a common/libcommon.a(cmd_ximg.o)
                                0x1a8 (size before relaxing)
 .rodata.str1.1
                0xc3e2e08c      0x2e8 common/libcommon.a(command.o)
                                0x31a (size before relaxing)
 .rodata.str1.1
                0xc3e2e374       0x76 common/libcommon.a(console.o)
                                 0x7a (size before relaxing)
 .rodata.str1.1
                0xc3e2e3ea       0x2f common/libcommon.a(devices.o)
                                 0x43 (size before relaxing)
 .rodata.str1.1
                0xc3e2e419       0x33 common/libcommon.a(env_common.o)
 .rodata.str1.1
                0xc3e2e44c       0xf7 common/libcommon.a(flash.o)
                                0x10c (size before relaxing)
 .rodata.str1.1
                0xc3e2e543      0x15c common/libcommon.a(hush.o)
                                0x1b5 (size before relaxing)
 .rodata.str1.1
                0xc3e2e69f      0x265 common/libcommon.a(usb.o)
 .rodata.str1.1
                0xc3e2e904       0xe3 common/libcommon.a(xyzModem.o)
                                 0xe5 (size before relaxing)
 .rodata.str1.1
                0xc3e2e9e7      0x465 common/libcommon.a(cmd_movi.o)
                                0x498 (size before relaxing)
 .rodata.str1.1
                0xc3e2ee4c       0x80 common/libcommon.a(env_nand.o)
                                 0x86 (size before relaxing)
 .rodata.str1.1
                0xc3e2eecc       0x7f common/libcommon.a(gunzip.o)
 .rodata.str1.1
                0xc3e2ef4b       0xd1 board/synel/synergy2416/libsynergy2416.a(synergy2416.o)
                                 0xf1 (size before relaxing)
 .rodata.str1.1
                0xc3e2f01c      0x11c board/synel/synergy2416/libsynergy2416.a(flash.o)
                                0x130 (size before relaxing)
 .rodata.str1.1
                0xc3e2f138       0x11 lib_generic/libgeneric.a(display_options.o)
                                 0x36 (size before relaxing)
 .rodata.str1.1
                0xc3e2f149       0x34 lib_generic/libgeneric.a(lmb.o)
 .rodata.str1.1
                0xc3e2f17d       0x51 lib_generic/libgeneric.a(vsprintf.o)
 .rodata.str1.1
                0xc3e2f1ce      0x1f3 lib_generic/libgeneric.a(zlib.o)
                                0x1f4 (size before relaxing)
 .rodata.str1.1
                0xc3e2f3c1      0x1ff cpu/s3c24xx/libs3c24xx.a(usb_ohci.o)
 .rodata.str1.1
                0xc3e2f5c0      0x59e cpu/s3c24xx/libs3c24xx.a(mmc.o)
                                0x5c1 (size before relaxing)
 .rodata.str1.1
                0xc3e2fb5e       0xff cpu/s3c24xx/libs3c24xx.a(usbd-ctl-hs.o)
                                0x101 (size before relaxing)
 .rodata.str1.1
                0xc3e2fc5d       0x66 lib_arm/libarm.a(bootm.o)
                                 0x6f (size before relaxing)
 .rodata.str1.1
                0xc3e2fcc3      0x15b fs/fat/libfat.a(fat.o)
                                0x168 (size before relaxing)
 .rodata.str1.1
                0xc3e2fe1e      0x1b7 fs/ext2/libext2fs.a(ext2fs.o)
                                0x1be (size before relaxing)
 .rodata.str1.1
                0xc3e2ffd5       0xdc fs/ext2/libext2fs.a(dev.o)
 .rodata.str1.1
                0xc3e300b1      0x15e disk/libdisk.a(part.o)
                                0x186 (size before relaxing)
 .rodata.str1.1
                0xc3e3020f       0xea disk/libdisk.a(part_dos.o)
                                 0xf6 (size before relaxing)
 .rodata.str1.1
                0xc3e302f9      0x52b drivers/mtd/nand/libnand.a(nand_util.o)
                                0x52d (size before relaxing)
 .rodata.str1.1
                0xc3e30824      0x1ed common/libcommon.a(usb_storage.o)
                                0x1ff (size before relaxing)
                0xc3e30a14                . = ALIGN (0x4)

.data           0xc3e30a14     0x1cf0
 *(.data)
 .data          0xc3e30a14        0x0 cpu/s3c24xx/start.o
 .data          0xc3e30a14        0x0 cpu/s3c24xx/s3c2416/cpu_init.o
 .data          0xc3e30a14        0x0 board/synel/synergy2416/lowlevel_init.o
 .data          0xc3e30a14        0x0 cpu/s3c24xx/mmu_table.o
 .data          0xc3e30a14        0x0 cpu/s3c24xx/onenand_cp.o
 .data          0xc3e30a14        0x0 cpu/s3c24xx/nand_cp.o
 .data          0xc3e30a14        0x0 cpu/s3c24xx/movi.o
 .data          0xc3e30a14        0x0 cpu/s3c24xx/libs3c24xx.a(interrupts.o)
 .data          0xc3e30a14        0x0 cpu/s3c24xx/libs3c24xx.a(cpu.o)
 .data          0xc3e30a14        0x0 cpu/s3c24xx/libs3c24xx.a(hs_mmc.o)
 .data          0xc3e30a14        0x0 cpu/s3c24xx/libs3c24xx.a(serial.o)
 .data          0xc3e30a14        0x0 cpu/s3c24xx/s3c2416/libs3c2416.a(speed.o)
 .data          0xc3e30a14        0x0 lib_arm/libarm.a(_divsi3.o)
 .data          0xc3e30a14        0x0 lib_arm/libarm.a(_udivsi3.o)
 .data          0xc3e30a14        0x0 lib_arm/libarm.a(_umodsi3.o)
 .data          0xc3e30a14       0x34 lib_arm/libarm.a(board.o)
                0xc3e30a14                init_sequence
 .data          0xc3e30a48        0x0 lib_arm/libarm.a(_modsi3.o)
 .data          0xc3e30a48        0xc net/libnet.a(net.o)
                0xc3e30a48                NetOurVLAN
                0xc3e30a4c                NetBcastAddr
                0xc3e30a52                NetOurNativeVLAN
 .data          0xc3e30a54        0x2 net/libnet.a(tftp.o)
 .data          0xc3e30a56        0x0 net/libnet.a(bootp.o)
 .data          0xc3e30a56        0x0 net/libnet.a(rarp.o)
 .data          0xc3e30a56        0x0 net/libnet.a(eth.o)
 *fill*         0xc3e30a56        0x2 00
 .data          0xc3e30a58        0x4 net/libnet.a(nfs.o)
 .data          0xc3e30a5c        0x4 drivers/mtd/nand/libnand.a(nand.o)
                0xc3e30a5c                nand_curr_device
 .data          0xc3e30a60      0x3f0 drivers/mtd/nand/libnand.a(nand_base.o)
 .data          0xc3e30e50      0x5c8 drivers/mtd/nand/libnand.a(nand_ids.o)
                0xc3e30e50                nand_flash_ids
                0xc3e313d8                nand_manuf_ids
 .data          0xc3e31418        0x0 drivers/mtd/nand/libnand.a(nand_ecc.o)
 .data          0xc3e31418      0x110 drivers/mtd/nand/libnand.a(nand_bbt.o)
 .data          0xc3e31528        0x0 drivers/net/libnet.a(dm9000x.o)
 .data          0xc3e31528        0x4 common/libcommon.a(main.o)
 .data          0xc3e3152c        0x0 common/libcommon.a(cmd_autoscript.o)
 .data          0xc3e3152c        0x0 common/libcommon.a(cmd_bdinfo.o)
 .data          0xc3e3152c      0x1f8 common/libcommon.a(image.o)
 .data          0xc3e31724        0x0 common/libcommon.a(cmd_boot.o)
 .data          0xc3e31724        0x4 common/libcommon.a(cmd_bootm.o)
                0xc3e31724                load_addr
 .data          0xc3e31728        0x0 common/libcommon.a(cmd_cache.o)
 .data          0xc3e31728        0x0 common/libcommon.a(cmd_console.o)
 .data          0xc3e31728       0x1c common/libcommon.a(cmd_date.o)
                0xc3e31728                weekdays
 .data          0xc3e31744        0x0 common/libcommon.a(cmd_elf.o)
 .data          0xc3e31744        0x0 common/libcommon.a(cmd_ext2.o)
 .data          0xc3e31744        0x0 common/libcommon.a(cmd_fat.o)
 .data          0xc3e31744        0x0 common/libcommon.a(cmd_flash.o)
 .data          0xc3e31744       0x68 common/libcommon.a(cmd_itest.o)
                0xc3e31744                op_table
 .data          0xc3e317ac        0x4 common/libcommon.a(cmd_load.o)
 .data          0xc3e317b0        0x4 common/libcommon.a(cmd_mem.o)
                0xc3e317b0                dp_last_length
 .data          0xc3e317b4        0x0 common/libcommon.a(cmd_misc.o)
 .data          0xc3e317b4        0x0 common/libcommon.a(cmd_mmc.o)
 .data          0xc3e317b4        0x0 common/libcommon.a(cmd_nand.o)
 .data          0xc3e317b4        0x0 common/libcommon.a(cmd_net.o)
 .data          0xc3e317b4        0x0 common/libcommon.a(cmd_nvedit.o)
 .data          0xc3e317b4        0x0 common/libcommon.a(cmd_reginfo.o)
 .data          0xc3e317b4        0x0 common/libcommon.a(cmd_usbd.o)
 .data          0xc3e317b4        0x0 common/libcommon.a(cmd_ximg.o)
 .data          0xc3e317b4        0x0 common/libcommon.a(command.o)
 .data          0xc3e317b4        0x0 common/libcommon.a(console.o)
 .data          0xc3e317b4        0xc common/libcommon.a(devices.o)
                0xc3e317b4                stdio_names
 .data          0xc3e317c0      0x414 common/libcommon.a(dlmalloc.o)
 .data          0xc3e31bd4      0x2d0 common/libcommon.a(env_common.o)
                0xc3e31bd4                default_environment
                0xc3e31ea0                default_environment_size
 .data          0xc3e31ea4        0x0 common/libcommon.a(exports.o)
 .data          0xc3e31ea4        0x0 common/libcommon.a(flash.o)
 .data          0xc3e31ea4       0xac common/libcommon.a(hush.o)
 .data          0xc3e31f50        0x0 common/libcommon.a(lists.o)
 .data          0xc3e31f50        0x0 common/libcommon.a(s_record.o)
 .data          0xc3e31f50        0x0 common/libcommon.a(usb.o)
 .data          0xc3e31f50        0x0 common/libcommon.a(xyzModem.o)
 .data          0xc3e31f50        0x0 common/libcommon.a(cmd_movi.o)
 .data          0xc3e31f50        0x4 common/libcommon.a(env_nand.o)
                0xc3e31f50                env_name_spec
 .data          0xc3e31f54        0x0 common/libcommon.a(gunzip.o)
 .data          0xc3e31f54        0x0 common/libcommon.a(crc16.o)
 .data          0xc3e31f54        0x0 board/synel/synergy2416/libsynergy2416.a(synergy2416.o)
 .data          0xc3e31f54        0x0 board/synel/synergy2416/libsynergy2416.a(flash.o)
 .data          0xc3e31f54        0x0 lib_generic/libgeneric.a(crc32.o)
 .data          0xc3e31f54      0x100 lib_generic/libgeneric.a(ctype.o)
                0xc3e31f54                _ctype
 .data          0xc3e32054        0x0 lib_generic/libgeneric.a(display_options.o)
 .data          0xc3e32054        0x0 lib_generic/libgeneric.a(lmb.o)
 .data          0xc3e32054        0x0 lib_generic/libgeneric.a(string.o)
 .data          0xc3e32054        0x0 lib_generic/libgeneric.a(vsprintf.o)
 .data          0xc3e32054      0x210 lib_generic/libgeneric.a(zlib.o)
                0xc3e32240                zlib_version
                0xc3e32244                z_errmsg
 .data          0xc3e32264       0x50 cpu/s3c24xx/libs3c24xx.a(usb_ohci.o)
 .data          0xc3e322b4        0x0 cpu/s3c24xx/libs3c24xx.a(nand.o)
 .data          0xc3e322b4        0x4 cpu/s3c24xx/libs3c24xx.a(mmc.o)
 .data          0xc3e322b8        0x0 cpu/s3c24xx/libs3c24xx.a(usbd-ctl-hs.o)
 .data          0xc3e322b8        0x0 lib_arm/libarm.a(_ashldi3.o)
 .data          0xc3e322b8        0x0 lib_arm/libarm.a(_ashrdi3.o)
 .data          0xc3e322b8        0x0 lib_arm/libarm.a(bootm.o)
 .data          0xc3e322b8        0x0 lib_arm/libarm.a(cache.o)
 .data          0xc3e322b8        0x4 fs/fat/libfat.a(fat.o)
 .data          0xc3e322bc        0x8 fs/ext2/libext2fs.a(ext2fs.o)
                0xc3e322bc                indir1_blkno
                0xc3e322c0                indir2_blkno
 .data          0xc3e322c4        0x0 fs/ext2/libext2fs.a(dev.o)
 .data          0xc3e322c4        0x0 disk/libdisk.a(part.o)
 .data          0xc3e322c4        0x0 disk/libdisk.a(part_dos.o)
 .data          0xc3e322c4      0x3f0 drivers/mtd/nand/libnand.a(nand_util.o)
 .data          0xc3e326b4       0x30 drivers/rtc/librtc.a(date.o)
 .data          0xc3e326e4        0x0 drivers/rtc/librtc.a(s3c24xx_rtc.o)
 .data          0xc3e326e4       0x20 common/libcommon.a(usb_storage.o)
                0xc3e326e4                us_direction
 .data          0xc3e32704        0x0 lib_generic/libgeneric.a(div64.o)
                0xc3e32704                . = ALIGN (0x4)

.got
 *(.got)
                0xc3e32704                . = .
                0xc3e32704                __u_boot_cmd_start = .

.u_boot_cmd     0xc3e32704      0x5e8
 *(.u_boot_cmd)
 .u_boot_cmd    0xc3e32704       0x18 common/libcommon.a(cmd_autoscript.o)
                0xc3e32704                __u_boot_cmd_autoscr
 .u_boot_cmd    0xc3e3271c       0x18 common/libcommon.a(cmd_bdinfo.o)
                0xc3e3271c                __u_boot_cmd_bdinfo
 .u_boot_cmd    0xc3e32734       0x48 common/libcommon.a(cmd_boot.o)
                0xc3e32734                __u_boot_cmd_go
                0xc3e3274c                __u_boot_cmd_reset
                0xc3e32764                __u_boot_cmd_re
 .u_boot_cmd    0xc3e3277c       0x78 common/libcommon.a(cmd_bootm.o)
                0xc3e3277c                __u_boot_cmd_bootm
                0xc3e32794                __u_boot_cmd_boot
                0xc3e327ac                __u_boot_cmd_bootd
                0xc3e327c4                __u_boot_cmd_iminfo
                0xc3e327dc                __u_boot_cmd_imls
 .u_boot_cmd    0xc3e327f4       0x30 common/libcommon.a(cmd_cache.o)
                0xc3e327f4                __u_boot_cmd_icache
                0xc3e3280c                __u_boot_cmd_dcache
 .u_boot_cmd    0xc3e32824       0x18 common/libcommon.a(cmd_console.o)
                0xc3e32824                __u_boot_cmd_coninfo
 .u_boot_cmd    0xc3e3283c       0x18 common/libcommon.a(cmd_date.o)
                0xc3e3283c                __u_boot_cmd_date
 .u_boot_cmd    0xc3e32854       0x30 common/libcommon.a(cmd_elf.o)
                0xc3e32854                __u_boot_cmd_bootelf
                0xc3e3286c                __u_boot_cmd_bootvx
 .u_boot_cmd    0xc3e32884       0x30 common/libcommon.a(cmd_ext2.o)
                0xc3e32884                __u_boot_cmd_ext2ls
                0xc3e3289c                __u_boot_cmd_ext2load
 .u_boot_cmd    0xc3e328b4       0x48 common/libcommon.a(cmd_fat.o)
                0xc3e328b4                __u_boot_cmd_fatload
                0xc3e328cc                __u_boot_cmd_fatls
                0xc3e328e4                __u_boot_cmd_fatinfo
 .u_boot_cmd    0xc3e328fc       0x48 common/libcommon.a(cmd_flash.o)
                0xc3e328fc                __u_boot_cmd_flinfo
                0xc3e32914                __u_boot_cmd_erase
                0xc3e3292c                __u_boot_cmd_protect
 .u_boot_cmd    0xc3e32944       0x18 common/libcommon.a(cmd_itest.o)
                0xc3e32944                __u_boot_cmd_itest
 .u_boot_cmd    0xc3e3295c       0x48 common/libcommon.a(cmd_load.o)
                0xc3e3295c                __u_boot_cmd_loads
                0xc3e32974                __u_boot_cmd_loadb
                0xc3e3298c                __u_boot_cmd_loady
 .u_boot_cmd    0xc3e329a4       0xf0 common/libcommon.a(cmd_mem.o)
                0xc3e329a4                __u_boot_cmd_md
                0xc3e329bc                __u_boot_cmd_mm
                0xc3e329d4                __u_boot_cmd_nm
                0xc3e329ec                __u_boot_cmd_mw
                0xc3e32a04                __u_boot_cmd_cp
                0xc3e32a1c                __u_boot_cmd_cmp
                0xc3e32a34                __u_boot_cmd_crc32
                0xc3e32a4c                __u_boot_cmd_base
                0xc3e32a64                __u_boot_cmd_loop
                0xc3e32a7c                __u_boot_cmd_mtest
 .u_boot_cmd    0xc3e32a94       0x18 common/libcommon.a(cmd_misc.o)
                0xc3e32a94                __u_boot_cmd_sleep
 .u_boot_cmd    0xc3e32aac       0x18 common/libcommon.a(cmd_mmc.o)
                0xc3e32aac                __u_boot_cmd_mmcinit
 .u_boot_cmd    0xc3e32ac4       0x30 common/libcommon.a(cmd_nand.o)
                0xc3e32ac4                __u_boot_cmd_nand
                0xc3e32adc                __u_boot_cmd_nboot
 .u_boot_cmd    0xc3e32af4       0x90 common/libcommon.a(cmd_net.o)
                0xc3e32af4                __u_boot_cmd_bootp
                0xc3e32b0c                __u_boot_cmd_tftpboot
                0xc3e32b24                __u_boot_cmd_rarpboot
                0xc3e32b3c                __u_boot_cmd_dhcp
                0xc3e32b54                __u_boot_cmd_nfs
                0xc3e32b6c                __u_boot_cmd_ping
 .u_boot_cmd    0xc3e32b84       0x60 common/libcommon.a(cmd_nvedit.o)
                0xc3e32b84                __u_boot_cmd_printenv
                0xc3e32b9c                __u_boot_cmd_setenv
                0xc3e32bb4                __u_boot_cmd_saveenv
                0xc3e32bcc                __u_boot_cmd_run
 .u_boot_cmd    0xc3e32be4       0x18 common/libcommon.a(cmd_reginfo.o)
                0xc3e32be4                __u_boot_cmd_reginfo
 .u_boot_cmd    0xc3e32bfc       0x18 common/libcommon.a(cmd_usbd.o)
                0xc3e32bfc                __u_boot_cmd_dnw
 .u_boot_cmd    0xc3e32c14       0x18 common/libcommon.a(cmd_ximg.o)
                0xc3e32c14                __u_boot_cmd_imxtract
 .u_boot_cmd    0xc3e32c2c       0x90 common/libcommon.a(command.o)
                0xc3e32c2c                __u_boot_cmd_version
                0xc3e32c44                __u_boot_cmd_echo
                0xc3e32c5c                __u_boot_cmd_test
                0xc3e32c74                __u_boot_cmd_exit
                0xc3e32c8c                __u_boot_cmd_help
                0xc3e32ca4                __u_boot_cmd_question_mark
 .u_boot_cmd    0xc3e32cbc       0x30 common/libcommon.a(cmd_movi.o)
                0xc3e32cbc                __u_boot_cmd_movi
                0xc3e32cd4                __u_boot_cmd_insnand
                0xc3e32cec                __u_boot_cmd_end = .
                0xc3e32cec                . = ALIGN (0x4)

.mmudata
 *(.mmudata)
                0xc3e32cec                . = ALIGN (0x4)
                0xc3e32cec                __bss_start = .

.bss            0xc3e32d00    0x466d0
 *(.bss)
 .bss           0xc3e32d00        0x0 cpu/s3c24xx/start.o
 .bss           0xc3e32d00        0x0 cpu/s3c24xx/s3c2416/cpu_init.o
 .bss           0xc3e32d00        0x0 board/synel/synergy2416/lowlevel_init.o
 .bss           0xc3e32d00        0x0 cpu/s3c24xx/mmu_table.o
 .bss           0xc3e32d00        0x0 cpu/s3c24xx/onenand_cp.o
 .bss           0xc3e32d00        0x0 cpu/s3c24xx/nand_cp.o
 .bss           0xc3e32d00        0x4 cpu/s3c24xx/movi.o
                0xc3e32d00                movi_hc
 .bss           0xc3e32d04        0xc cpu/s3c24xx/libs3c24xx.a(interrupts.o)
                0xc3e32d0c                timer_load_val
 .bss           0xc3e32d10        0x0 cpu/s3c24xx/libs3c24xx.a(cpu.o)
 .bss           0xc3e32d10       0xb8 cpu/s3c24xx/libs3c24xx.a(hs_mmc.o)
 .bss           0xc3e32dc8        0x0 cpu/s3c24xx/libs3c24xx.a(serial.o)
 .bss           0xc3e32dc8        0x0 cpu/s3c24xx/s3c2416/libs3c2416.a(speed.o)
 .bss           0xc3e32dc8        0x0 lib_arm/libarm.a(_divsi3.o)
 .bss           0xc3e32dc8        0x0 lib_arm/libarm.a(_udivsi3.o)
 .bss           0xc3e32dc8        0x0 lib_arm/libarm.a(_umodsi3.o)
 .bss           0xc3e32dc8       0x10 lib_arm/libarm.a(board.o)
                0xc3e32dd4                monitor_flash_len
 .bss           0xc3e32dd8        0x0 lib_arm/libarm.a(_modsi3.o)
 .bss           0xc3e32dd8     0x25d0 net/libnet.a(net.o)
                0xc3e32dd8                NetState
                0xc3e32de0                NetIPID
                0xc3e32de4                NetOurIP
                0xc3e32de8                NetOurEther
                0xc3e32df0                NetPingIP
                0xc3e32df4                NetTxPacket
                0xc3e32df8                NetArpWaitPacketIP
                0xc3e32dfc                NetOurSubnetMask
                0xc3e32e00                NetOurGatewayIP
                0xc3e32e04                NetArpWaitReplyIP
                0xc3e32e08                NetRxPkt
                0xc3e32e0c                NetRxPktLen
                0xc3e32e10                NetArpWaitPacketMAC
                0xc3e32e14                NetArpWaitTxPacket
                0xc3e32e18                NetArpWaitTxPacketSize
                0xc3e32e1c                NetServerIP
                0xc3e32e20                NetServerEther
                0xc3e32e30                NetEtherNullAddr
                0xc3e32e38                NetArpWaitTry
                0xc3e32e3c                NetArpWaitTimerStart
                0xc3e32e4c                PktBuf
                0xc3e34c6c                NetRxPackets
                0xc3e34c7c                NetArpWaitPacketBuf
                0xc3e3529c                NetBootFileXferSize
                0xc3e352a0                NetOurDNSIP
                0xc3e352a4                NetOurNISDomain
                0xc3e352c4                NetOurHostName
                0xc3e352e4                NetOurRootPath
                0xc3e35324                NetBootFileSize
                0xc3e35328                BootFile
 .bss           0xc3e353a8       0xb4 net/libnet.a(tftp.o)
 .bss           0xc3e3545c       0x14 net/libnet.a(bootp.o)
                0xc3e3545c                dhcp_leasetime
                0xc3e35460                NetDHCPServerIP
                0xc3e35464                BootpID
                0xc3e35468                dhcp_state
                0xc3e3546c                BootpTry
 .bss           0xc3e35470        0x4 net/libnet.a(rarp.o)
                0xc3e35470                RarpTry
 .bss           0xc3e35474        0x0 net/libnet.a(eth.o)
 .bss           0xc3e35474      0x8b0 net/libnet.a(nfs.o)
 .bss           0xc3e35d24      0x1b8 drivers/mtd/nand/libnand.a(nand.o)
                0xc3e35d24                nand_info
 .bss           0xc3e35edc        0x0 drivers/mtd/nand/libnand.a(nand_base.o)
 .bss           0xc3e35edc        0x0 drivers/mtd/nand/libnand.a(nand_ids.o)
 .bss           0xc3e35edc        0x0 drivers/mtd/nand/libnand.a(nand_ecc.o)
 .bss           0xc3e35edc        0x0 drivers/mtd/nand/libnand.a(nand_bbt.o)
 .bss           0xc3e35edc       0xb0 drivers/net/libnet.a(dm9000x.o)
 .bss           0xc3e35f8c     0x1560 common/libcommon.a(main.o)
                0xc3e35f98                hist_num
                0xc3e35f9c                hist_lines
                0xc3e3739c                hist_list
                0xc3e373ec                console_buffer
 .bss           0xc3e374ec        0x0 common/libcommon.a(cmd_autoscript.o)
 .bss           0xc3e374ec        0x0 common/libcommon.a(cmd_bdinfo.o)
 .bss           0xc3e374ec        0x0 common/libcommon.a(image.o)
 .bss           0xc3e374ec        0x0 common/libcommon.a(cmd_boot.o)
 .bss           0xc3e374ec       0x50 common/libcommon.a(cmd_bootm.o)
 .bss           0xc3e3753c        0x0 common/libcommon.a(cmd_cache.o)
 .bss           0xc3e3753c        0x0 common/libcommon.a(cmd_console.o)
 .bss           0xc3e3753c        0x0 common/libcommon.a(cmd_date.o)
 .bss           0xc3e3753c        0x0 common/libcommon.a(cmd_elf.o)
 .bss           0xc3e3753c        0x0 common/libcommon.a(cmd_ext2.o)
 .bss           0xc3e3753c        0x0 common/libcommon.a(cmd_fat.o)
 .bss           0xc3e3753c        0x0 common/libcommon.a(cmd_flash.o)
 .bss           0xc3e3753c        0x0 common/libcommon.a(cmd_itest.o)
 .bss           0xc3e3753c       0x68 common/libcommon.a(cmd_load.o)
                0xc3e37540                os_data_count
                0xc3e37550                os_data_init
                0xc3e37564                os_data_char
                0xc3e37568                his_quote
                0xc3e3756c                his_pad_count
                0xc3e37570                his_pad_char
                0xc3e37571                his_eol
                0xc3e37574                send_ptr
                0xc3e37578                send_parms
 .bss           0xc3e375a4       0x14 common/libcommon.a(cmd_mem.o)
                0xc3e375a8                mm_last_addr
                0xc3e375ac                mm_last_size
                0xc3e375b0                dp_last_addr
                0xc3e375b4                dp_last_size
 .bss           0xc3e375b8        0x0 common/libcommon.a(cmd_misc.o)
 .bss           0xc3e375b8        0x0 common/libcommon.a(cmd_mmc.o)
 .bss           0xc3e375b8        0x0 common/libcommon.a(cmd_nand.o)
 .bss           0xc3e375b8        0x0 common/libcommon.a(cmd_net.o)
 .bss           0xc3e375b8        0x0 common/libcommon.a(cmd_nvedit.o)
 .bss           0xc3e375b8        0x0 common/libcommon.a(cmd_reginfo.o)
 .bss           0xc3e375b8        0x0 common/libcommon.a(cmd_usbd.o)
 .bss           0xc3e375b8        0x0 common/libcommon.a(cmd_ximg.o)
 .bss           0xc3e375b8        0x0 common/libcommon.a(command.o)
 .bss           0xc3e375b8        0x8 common/libcommon.a(console.o)
 .bss           0xc3e375c0       0x10 common/libcommon.a(devices.o)
                0xc3e375c0                devlist
                0xc3e375c4                stdio_devices
 .bss           0xc3e375d0       0x38 common/libcommon.a(dlmalloc.o)
 .bss           0xc3e37608        0x0 common/libcommon.a(env_common.o)
 .bss           0xc3e37608        0x0 common/libcommon.a(exports.o)
 .bss           0xc3e37608        0x0 common/libcommon.a(flash.o)
 .bss           0xc3e37608      0x258 common/libcommon.a(hush.o)
                0xc3e37854                last_return_code
                0xc3e3785c                nesting_level
 .bss           0xc3e37860        0x0 common/libcommon.a(lists.o)
 .bss           0xc3e37860        0x0 common/libcommon.a(s_record.o)
 .bss           0xc3e37860     0xc99c common/libcommon.a(usb.o)
                0xc3e441ec                usb_started
 .bss           0xc3e441fc      0x43c common/libcommon.a(xyzModem.o)
 .bss           0xc3e44638       0x18 common/libcommon.a(cmd_movi.o)
                0xc3e44638                ofsinfo
 .bss           0xc3e44650        0x4 common/libcommon.a(env_nand.o)
                0xc3e44650                env_ptr
 .bss           0xc3e44654        0x0 common/libcommon.a(gunzip.o)
 .bss           0xc3e44654        0x0 common/libcommon.a(crc16.o)
 .bss           0xc3e44654        0x0 board/synel/synergy2416/libsynergy2416.a(synergy2416.o)
 .bss           0xc3e44654     0x140c board/synel/synergy2416/libsynergy2416.a(flash.o)
                0xc3e44654                flash_info
 .bss           0xc3e45a60        0x0 lib_generic/libgeneric.a(crc32.o)
 .bss           0xc3e45a60        0x0 lib_generic/libgeneric.a(ctype.o)
 .bss           0xc3e45a60        0x0 lib_generic/libgeneric.a(display_options.o)
 .bss           0xc3e45a60        0x0 lib_generic/libgeneric.a(lmb.o)
 .bss           0xc3e45a60        0x4 lib_generic/libgeneric.a(string.o)
                0xc3e45a60                ___strtok
 .bss           0xc3e45a64        0x0 lib_generic/libgeneric.a(vsprintf.o)
 .bss           0xc3e45a64     0x10a8 lib_generic/libgeneric.a(zlib.o)
 *fill*         0xc3e46b0c       0xf4 00
 .bss           0xc3e46c00     0x1500 cpu/s3c24xx/libs3c24xx.a(usb_ohci.o)
                0xc3e46c00                ptd
                0xc3e46c04                urb_priv
                0xc3e46da0                phcca
                0xc3e46e00                ghcca
                0xc3e46f00                ohci_dev
                0xc3e470a0                gtd
                0xc3e480e4                devgone
                0xc3e480e8                got_rhsc
 .bss           0xc3e48100        0x8 cpu/s3c24xx/libs3c24xx.a(nand.o)
                0xc3e48100                cur_ecc_mode
                0xc3e48104                nand_type
 .bss           0xc3e48108      0x280 cpu/s3c24xx/libs3c24xx.a(mmc.o)
                0xc3e4810c                card
 .bss           0xc3e48388       0x88 cpu/s3c24xx/libs3c24xx.a(usbd-ctl-hs.o)
                0xc3e48388                upload_ptr
                0xc3e4838c                download_ptr
                0xc3e48390                upload_size
                0xc3e48394                ep1_maxpktsize
                0xc3e48398                udc_speed
                0xc3e4839c                ep0_maxpktsize
                0xc3e483a0                ep3_maxpktsize
                0xc3e483a8                s3c_ep0_state
                0xc3e483ac                remote_wakeup
                0xc3e483e8                s3c_ep0_sub_state
                0xc3e483f0                config_value
                0xc3e483f8                download_filesize
                0xc3e483fc                download_addr
                0xc3e48400                s3c_usbd_dn_addr
                0xc3e48404                s3c_receive_done
                0xc3e48408                s3c_got_header
                0xc3e4840c                DNW
 .bss           0xc3e48410        0x0 lib_arm/libarm.a(_ashldi3.o)
 .bss           0xc3e48410        0x0 lib_arm/libarm.a(_ashrdi3.o)
 .bss           0xc3e48410        0x4 lib_arm/libarm.a(bootm.o)
 .bss           0xc3e48414        0x0 lib_arm/libarm.a(cache.o)
 .bss           0xc3e48414    0x30008 fs/fat/libfat.a(fat.o)
                0xc3e4841c                get_vfatname_block
                0xc3e5841c                do_fat_read_block
                0xc3e6841c                get_dentfromdir_block
 .bss           0xc3e7841c       0x1c fs/ext2/libext2fs.a(ext2fs.o)
                0xc3e7841c                ext2fs_root
                0xc3e78420                ext2fs_file
                0xc3e78424                indir1_block
                0xc3e78428                indir1_size
                0xc3e7842c                indir2_block
                0xc3e78430                indir2_size
                0xc3e78434                symlinknest
 .bss           0xc3e78438       0x50 fs/ext2/libext2fs.a(dev.o)
 .bss           0xc3e78488        0x0 disk/libdisk.a(part.o)
 .bss           0xc3e78488        0x0 disk/libdisk.a(part_dos.o)
 .bss           0xc3e78488      0x990 drivers/mtd/nand/libnand.a(nand_util.o)
 .bss           0xc3e78e18        0x0 drivers/rtc/librtc.a(date.o)
 .bss           0xc3e78e18        0x0 drivers/rtc/librtc.a(s3c24xx_rtc.o)
 .bss           0xc3e78e18      0x5b8 common/libcommon.a(usb_storage.o)
 .bss           0xc3e793d0        0x0 lib_generic/libgeneric.a(div64.o)
                0xc3e793d0                _end = .
Address of section .text set to 0xc3e00000
LOAD cpu/s3c24xx/start.o
START GROUP
LOAD lib_generic/libgeneric.a
LOAD cpu/s3c24xx/libs3c24xx.a
LOAD cpu/s3c24xx/s3c2416/libs3c2416.a
LOAD lib_arm/libarm.a
LOAD fs/cramfs/libcramfs.a
LOAD fs/fat/libfat.a
LOAD fs/fdos/libfdos.a
LOAD fs/jffs2/libjffs2.a
LOAD fs/reiserfs/libreiserfs.a
LOAD fs/ext2/libext2fs.a
LOAD net/libnet.a
LOAD disk/libdisk.a
LOAD drivers/bios_emulator/libatibiosemu.a
LOAD drivers/block/libblock.a
LOAD drivers/dma/libdma.a
LOAD drivers/hwmon/libhwmon.a
LOAD drivers/i2c/libi2c.a
LOAD drivers/input/libinput.a
LOAD drivers/misc/libmisc.a
LOAD drivers/mmc/libmmc.a
LOAD drivers/mtd/libmtd.a
LOAD drivers/mtd/nand/libnand.a
LOAD drivers/mtd/nand_legacy/libnand_legacy.a
LOAD drivers/mtd/onenand/libonenand.a
LOAD drivers/mtd/spi/libspi_flash.a
LOAD drivers/net/libnet.a
LOAD drivers/net/sk98lin/libsk98lin.a
LOAD drivers/pci/libpci.a
LOAD drivers/pcmcia/libpcmcia.a
LOAD drivers/spi/libspi.a
LOAD drivers/rtc/librtc.a
LOAD drivers/serial/libserial.a
LOAD drivers/usb/libusb.a
LOAD drivers/video/libvideo.a
LOAD common/libcommon.a
LOAD libfdt/libfdt.a
LOAD api/libapi.a
LOAD post/libpost.a
LOAD board/synel/synergy2416/libsynergy2416.a
END GROUP
LOAD /opt/arm-2009q3/bin/../lib/gcc/arm-none-linux-gnueabi/4.4.1/armv4t/libgcc.a
OUTPUT(u-boot elf32-littlearm)

.ARM.attributes
                0x00000000       0x10
 .ARM.attributes
                0x00000000       0x10 cpu/s3c24xx/start.o
 .ARM.attributes
                0x00000010       0x10 cpu/s3c24xx/s3c2416/cpu_init.o
 .ARM.attributes
                0x00000020       0x10 board/synel/synergy2416/lowlevel_init.o
 .ARM.attributes
                0x00000030       0x10 cpu/s3c24xx/mmu_table.o
 .ARM.attributes
                0x00000040       0x10 cpu/s3c24xx/onenand_cp.o
 .ARM.attributes
                0x00000050       0x10 cpu/s3c24xx/nand_cp.o
 .ARM.attributes
                0x00000060       0x10 cpu/s3c24xx/movi.o
 .ARM.attributes
                0x00000070       0x10 cpu/s3c24xx/libs3c24xx.a(interrupts.o)
 .ARM.attributes
                0x00000080       0x10 cpu/s3c24xx/libs3c24xx.a(cpu.o)
 .ARM.attributes
                0x00000090       0x10 cpu/s3c24xx/libs3c24xx.a(hs_mmc.o)
 .ARM.attributes
                0x000000a0       0x10 cpu/s3c24xx/libs3c24xx.a(serial.o)
 .ARM.attributes
                0x000000b0       0x10 cpu/s3c24xx/s3c2416/libs3c2416.a(speed.o)
 .ARM.attributes
                0x000000c0       0x10 lib_arm/libarm.a(_divsi3.o)
 .ARM.attributes
                0x000000d0       0x10 lib_arm/libarm.a(_udivsi3.o)
 .ARM.attributes
                0x000000e0       0x10 lib_arm/libarm.a(_umodsi3.o)
 .ARM.attributes
                0x000000f0       0x10 lib_arm/libarm.a(board.o)
 .ARM.attributes
                0x00000100       0x10 lib_arm/libarm.a(_modsi3.o)
 .ARM.attributes
                0x00000110       0x10 net/libnet.a(net.o)
 .ARM.attributes
                0x00000120       0x10 net/libnet.a(tftp.o)
 .ARM.attributes
                0x00000130       0x10 net/libnet.a(bootp.o)
 .ARM.attributes
                0x00000140       0x10 net/libnet.a(rarp.o)
 .ARM.attributes
                0x00000150       0x10 net/libnet.a(eth.o)
 .ARM.attributes
                0x00000160       0x10 net/libnet.a(nfs.o)
 .ARM.attributes
                0x00000170       0x10 drivers/mtd/nand/libnand.a(nand.o)
 .ARM.attributes
                0x00000180       0x10 drivers/mtd/nand/libnand.a(nand_base.o)
 .ARM.attributes
                0x00000190       0x10 drivers/mtd/nand/libnand.a(nand_ids.o)
 .ARM.attributes
                0x000001a0       0x10 drivers/mtd/nand/libnand.a(nand_ecc.o)
 .ARM.attributes
                0x000001b0       0x10 drivers/mtd/nand/libnand.a(nand_bbt.o)
 .ARM.attributes
                0x000001c0       0x10 drivers/net/libnet.a(dm9000x.o)
 .ARM.attributes
                0x000001d0       0x10 common/libcommon.a(main.o)
 .ARM.attributes
                0x000001e0       0x10 common/libcommon.a(cmd_autoscript.o)
 .ARM.attributes
                0x000001f0       0x10 common/libcommon.a(cmd_bdinfo.o)
 .ARM.attributes
                0x00000200       0x10 common/libcommon.a(image.o)
 .ARM.attributes
                0x00000210       0x10 common/libcommon.a(cmd_boot.o)
 .ARM.attributes
                0x00000220       0x10 common/libcommon.a(cmd_bootm.o)
 .ARM.attributes
                0x00000230       0x10 common/libcommon.a(cmd_cache.o)
 .ARM.attributes
                0x00000240       0x10 common/libcommon.a(cmd_console.o)
 .ARM.attributes
                0x00000250       0x10 common/libcommon.a(cmd_date.o)
 .ARM.attributes
                0x00000260       0x10 common/libcommon.a(cmd_elf.o)
 .ARM.attributes
                0x00000270       0x10 common/libcommon.a(cmd_ext2.o)
 .ARM.attributes
                0x00000280       0x10 common/libcommon.a(cmd_fat.o)
 .ARM.attributes
                0x00000290       0x10 common/libcommon.a(cmd_flash.o)
 .ARM.attributes
                0x000002a0       0x10 common/libcommon.a(cmd_itest.o)
 .ARM.attributes
                0x000002b0       0x10 common/libcommon.a(cmd_load.o)
 .ARM.attributes
                0x000002c0       0x10 common/libcommon.a(cmd_mem.o)
 .ARM.attributes
                0x000002d0       0x10 common/libcommon.a(cmd_misc.o)
 .ARM.attributes
                0x000002e0       0x10 common/libcommon.a(cmd_mmc.o)
 .ARM.attributes
                0x000002f0       0x10 common/libcommon.a(cmd_nand.o)
 .ARM.attributes
                0x00000300       0x10 common/libcommon.a(cmd_net.o)
 .ARM.attributes
                0x00000310       0x10 common/libcommon.a(cmd_nvedit.o)
 .ARM.attributes
                0x00000320       0x10 common/libcommon.a(cmd_reginfo.o)
 .ARM.attributes
                0x00000330       0x10 common/libcommon.a(cmd_usbd.o)
 .ARM.attributes
                0x00000340       0x10 common/libcommon.a(cmd_ximg.o)
 .ARM.attributes
                0x00000350       0x10 common/libcommon.a(command.o)
 .ARM.attributes
                0x00000360       0x10 common/libcommon.a(console.o)
 .ARM.attributes
                0x00000370       0x10 common/libcommon.a(devices.o)
 .ARM.attributes
                0x00000380       0x10 common/libcommon.a(dlmalloc.o)
 .ARM.attributes
                0x00000390       0x10 common/libcommon.a(env_common.o)
 .ARM.attributes
                0x000003a0       0x10 common/libcommon.a(exports.o)
 .ARM.attributes
                0x000003b0       0x10 common/libcommon.a(flash.o)
 .ARM.attributes
                0x000003c0       0x10 common/libcommon.a(hush.o)
 .ARM.attributes
                0x000003d0       0x10 common/libcommon.a(lists.o)
 .ARM.attributes
                0x000003e0       0x10 common/libcommon.a(s_record.o)
 .ARM.attributes
                0x000003f0       0x10 common/libcommon.a(usb.o)
 .ARM.attributes
                0x00000400       0x10 common/libcommon.a(xyzModem.o)
 .ARM.attributes
                0x00000410       0x10 common/libcommon.a(cmd_movi.o)
 .ARM.attributes
                0x00000420       0x10 common/libcommon.a(env_nand.o)
 .ARM.attributes
                0x00000430       0x10 common/libcommon.a(gunzip.o)
 .ARM.attributes
                0x00000440       0x10 common/libcommon.a(crc16.o)
 .ARM.attributes
                0x00000450       0x10 board/synel/synergy2416/libsynergy2416.a(synergy2416.o)
 .ARM.attributes
                0x00000460       0x10 board/synel/synergy2416/libsynergy2416.a(flash.o)
 .ARM.attributes
                0x00000470       0x10 lib_generic/libgeneric.a(crc32.o)
 .ARM.attributes
                0x00000480       0x10 lib_generic/libgeneric.a(ctype.o)
 .ARM.attributes
                0x00000490       0x10 lib_generic/libgeneric.a(display_options.o)
 .ARM.attributes
                0x000004a0       0x10 lib_generic/libgeneric.a(lmb.o)
 .ARM.attributes
                0x000004b0       0x10 lib_generic/libgeneric.a(string.o)
 .ARM.attributes
                0x000004c0       0x10 lib_generic/libgeneric.a(vsprintf.o)
 .ARM.attributes
                0x000004d0       0x10 lib_generic/libgeneric.a(zlib.o)
 .ARM.attributes
                0x000004e0       0x10 cpu/s3c24xx/libs3c24xx.a(usb_ohci.o)
 .ARM.attributes
                0x000004f0       0x10 cpu/s3c24xx/libs3c24xx.a(nand.o)
 .ARM.attributes
                0x00000500       0x10 cpu/s3c24xx/libs3c24xx.a(mmc.o)
 .ARM.attributes
                0x00000510       0x10 cpu/s3c24xx/libs3c24xx.a(usbd-ctl-hs.o)
 .ARM.attributes
                0x00000520       0x10 lib_arm/libarm.a(_ashldi3.o)
 .ARM.attributes
                0x00000530       0x10 lib_arm/libarm.a(_ashrdi3.o)
 .ARM.attributes
                0x00000540       0x10 lib_arm/libarm.a(bootm.o)
 .ARM.attributes
                0x00000550       0x10 lib_arm/libarm.a(cache.o)
 .ARM.attributes
                0x00000560       0x10 fs/fat/libfat.a(fat.o)
 .ARM.attributes
                0x00000570       0x10 fs/ext2/libext2fs.a(ext2fs.o)
 .ARM.attributes
                0x00000580       0x10 fs/ext2/libext2fs.a(dev.o)
 .ARM.attributes
                0x00000590       0x10 disk/libdisk.a(part.o)
 .ARM.attributes
                0x000005a0       0x10 disk/libdisk.a(part_dos.o)
 .ARM.attributes
                0x000005b0       0x10 drivers/mtd/nand/libnand.a(nand_util.o)
 .ARM.attributes
                0x000005c0       0x10 drivers/rtc/librtc.a(date.o)
 .ARM.attributes
                0x000005d0       0x10 drivers/rtc/librtc.a(s3c24xx_rtc.o)
 .ARM.attributes
                0x000005e0       0x10 common/libcommon.a(usb_storage.o)
 .ARM.attributes
                0x000005f0       0x10 lib_generic/libgeneric.a(div64.o)

.comment        0x00000000      0xe46
 .comment       0x00000000       0x2a cpu/s3c24xx/mmu_table.o
 .comment       0x0000002a       0x2a cpu/s3c24xx/onenand_cp.o
 .comment       0x00000054       0x2a cpu/s3c24xx/nand_cp.o
 .comment       0x0000007e       0x2a cpu/s3c24xx/movi.o
 .comment       0x000000a8       0x2a cpu/s3c24xx/libs3c24xx.a(interrupts.o)
 .comment       0x000000d2       0x2a cpu/s3c24xx/libs3c24xx.a(cpu.o)
 .comment       0x000000fc       0x2a cpu/s3c24xx/libs3c24xx.a(hs_mmc.o)
 .comment       0x00000126       0x2a cpu/s3c24xx/libs3c24xx.a(serial.o)
 .comment       0x00000150       0x2a cpu/s3c24xx/s3c2416/libs3c2416.a(speed.o)
 .comment       0x0000017a       0x2a lib_arm/libarm.a(board.o)
 .comment       0x000001a4       0x2a net/libnet.a(net.o)
 .comment       0x000001ce       0x2a net/libnet.a(tftp.o)
 .comment       0x000001f8       0x2a net/libnet.a(bootp.o)
 .comment       0x00000222       0x2a net/libnet.a(rarp.o)
 .comment       0x0000024c       0x2a net/libnet.a(eth.o)
 .comment       0x00000276       0x2a net/libnet.a(nfs.o)
 .comment       0x000002a0       0x2a drivers/mtd/nand/libnand.a(nand.o)
 .comment       0x000002ca       0x2a drivers/mtd/nand/libnand.a(nand_base.o)
 .comment       0x000002f4       0x2a drivers/mtd/nand/libnand.a(nand_ids.o)
 .comment       0x0000031e       0x2a drivers/mtd/nand/libnand.a(nand_ecc.o)
 .comment       0x00000348       0x2a drivers/mtd/nand/libnand.a(nand_bbt.o)
 .comment       0x00000372       0x2a drivers/net/libnet.a(dm9000x.o)
 .comment       0x0000039c       0x2a common/libcommon.a(main.o)
 .comment       0x000003c6       0x2a common/libcommon.a(cmd_autoscript.o)
 .comment       0x000003f0       0x2a common/libcommon.a(cmd_bdinfo.o)
 .comment       0x0000041a       0x2a common/libcommon.a(image.o)
 .comment       0x00000444       0x2a common/libcommon.a(cmd_boot.o)
 .comment       0x0000046e       0x2a common/libcommon.a(cmd_bootm.o)
 .comment       0x00000498       0x2a common/libcommon.a(cmd_cache.o)
 .comment       0x000004c2       0x2a common/libcommon.a(cmd_console.o)
 .comment       0x000004ec       0x2a common/libcommon.a(cmd_date.o)
 .comment       0x00000516       0x2a common/libcommon.a(cmd_elf.o)
 .comment       0x00000540       0x2a common/libcommon.a(cmd_ext2.o)
 .comment       0x0000056a       0x2a common/libcommon.a(cmd_fat.o)
 .comment       0x00000594       0x2a common/libcommon.a(cmd_flash.o)
 .comment       0x000005be       0x2a common/libcommon.a(cmd_itest.o)
 .comment       0x000005e8       0x2a common/libcommon.a(cmd_load.o)
 .comment       0x00000612       0x2a common/libcommon.a(cmd_mem.o)
 .comment       0x0000063c       0x2a common/libcommon.a(cmd_misc.o)
 .comment       0x00000666       0x2a common/libcommon.a(cmd_mmc.o)
 .comment       0x00000690       0x2a common/libcommon.a(cmd_nand.o)
 .comment       0x000006ba       0x2a common/libcommon.a(cmd_net.o)
 .comment       0x000006e4       0x2a common/libcommon.a(cmd_nvedit.o)
 .comment       0x0000070e       0x2a common/libcommon.a(cmd_reginfo.o)
 .comment       0x00000738       0x2a common/libcommon.a(cmd_usbd.o)
 .comment       0x00000762       0x2a common/libcommon.a(cmd_ximg.o)
 .comment       0x0000078c       0x2a common/libcommon.a(command.o)
 .comment       0x000007b6       0x2a common/libcommon.a(console.o)
 .comment       0x000007e0       0x2a common/libcommon.a(devices.o)
 .comment       0x0000080a       0x2a common/libcommon.a(dlmalloc.o)
 .comment       0x00000834       0x2a common/libcommon.a(env_common.o)
 .comment       0x0000085e       0x2a common/libcommon.a(exports.o)
 .comment       0x00000888       0x2a common/libcommon.a(flash.o)
 .comment       0x000008b2       0x2a common/libcommon.a(hush.o)
 .comment       0x000008dc       0x2a common/libcommon.a(lists.o)
 .comment       0x00000906       0x2a common/libcommon.a(s_record.o)
 .comment       0x00000930       0x2a common/libcommon.a(usb.o)
 .comment       0x0000095a       0x2a common/libcommon.a(xyzModem.o)
 .comment       0x00000984       0x2a common/libcommon.a(cmd_movi.o)
 .comment       0x000009ae       0x2a common/libcommon.a(env_nand.o)
 .comment       0x000009d8       0x2a common/libcommon.a(gunzip.o)
 .comment       0x00000a02       0x2a common/libcommon.a(crc16.o)
 .comment       0x00000a2c       0x2a board/synel/synergy2416/libsynergy2416.a(synergy2416.o)
 .comment       0x00000a56       0x2a board/synel/synergy2416/libsynergy2416.a(flash.o)
 .comment       0x00000a80       0x2a lib_generic/libgeneric.a(crc32.o)
 .comment       0x00000aaa       0x2a lib_generic/libgeneric.a(ctype.o)
 .comment       0x00000ad4       0x2a lib_generic/libgeneric.a(display_options.o)
 .comment       0x00000afe       0x2a lib_generic/libgeneric.a(lmb.o)
 .comment       0x00000b28       0x2a lib_generic/libgeneric.a(string.o)
 .comment       0x00000b52       0x2a lib_generic/libgeneric.a(vsprintf.o)
 .comment       0x00000b7c       0x2a lib_generic/libgeneric.a(zlib.o)
 .comment       0x00000ba6       0x2a cpu/s3c24xx/libs3c24xx.a(usb_ohci.o)
 .comment       0x00000bd0       0x2a cpu/s3c24xx/libs3c24xx.a(nand.o)
 .comment       0x00000bfa       0x2a cpu/s3c24xx/libs3c24xx.a(mmc.o)
 .comment       0x00000c24       0x2a cpu/s3c24xx/libs3c24xx.a(usbd-ctl-hs.o)
 .comment       0x00000c4e       0x2a lib_arm/libarm.a(bootm.o)
 .comment       0x00000c78       0x2a lib_arm/libarm.a(cache.o)
 .comment       0x00000ca2       0x2a fs/fat/libfat.a(fat.o)
 .comment       0x00000ccc       0x2a fs/ext2/libext2fs.a(ext2fs.o)
 .comment       0x00000cf6       0x2a fs/ext2/libext2fs.a(dev.o)
 .comment       0x00000d20       0x2a disk/libdisk.a(part.o)
 .comment       0x00000d4a       0x2a disk/libdisk.a(part_dos.o)
 .comment       0x00000d74       0x2a drivers/mtd/nand/libnand.a(nand_util.o)
 .comment       0x00000d9e       0x2a drivers/rtc/librtc.a(date.o)
 .comment       0x00000dc8       0x2a drivers/rtc/librtc.a(s3c24xx_rtc.o)
 .comment       0x00000df2       0x2a common/libcommon.a(usb_storage.o)
 .comment       0x00000e1c       0x2a lib_generic/libgeneric.a(div64.o)

.note.GNU-stack
                0x00000000        0x0
 .note.GNU-stack
                0x00000000        0x0 cpu/s3c24xx/mmu_table.o
 .note.GNU-stack
                0x00000000        0x0 cpu/s3c24xx/onenand_cp.o
 .note.GNU-stack
                0x00000000        0x0 cpu/s3c24xx/nand_cp.o
 .note.GNU-stack
                0x00000000        0x0 cpu/s3c24xx/movi.o
 .note.GNU-stack
                0x00000000        0x0 cpu/s3c24xx/libs3c24xx.a(interrupts.o)
 .note.GNU-stack
                0x00000000        0x0 cpu/s3c24xx/libs3c24xx.a(cpu.o)
 .note.GNU-stack
                0x00000000        0x0 cpu/s3c24xx/libs3c24xx.a(hs_mmc.o)
 .note.GNU-stack
                0x00000000        0x0 cpu/s3c24xx/libs3c24xx.a(serial.o)
 .note.GNU-stack
                0x00000000        0x0 cpu/s3c24xx/s3c2416/libs3c2416.a(speed.o)
 .note.GNU-stack
                0x00000000        0x0 lib_arm/libarm.a(board.o)
 .note.GNU-stack
                0x00000000        0x0 net/libnet.a(net.o)
 .note.GNU-stack
                0x00000000        0x0 net/libnet.a(tftp.o)
 .note.GNU-stack
                0x00000000        0x0 net/libnet.a(bootp.o)
 .note.GNU-stack
                0x00000000        0x0 net/libnet.a(rarp.o)
 .note.GNU-stack
                0x00000000        0x0 net/libnet.a(eth.o)
 .note.GNU-stack
                0x00000000        0x0 net/libnet.a(nfs.o)
 .note.GNU-stack
                0x00000000        0x0 drivers/mtd/nand/libnand.a(nand.o)
 .note.GNU-stack
                0x00000000        0x0 drivers/mtd/nand/libnand.a(nand_base.o)
 .note.GNU-stack
                0x00000000        0x0 drivers/mtd/nand/libnand.a(nand_ids.o)
 .note.GNU-stack
                0x00000000        0x0 drivers/mtd/nand/libnand.a(nand_ecc.o)
 .note.GNU-stack
                0x00000000        0x0 drivers/mtd/nand/libnand.a(nand_bbt.o)
 .note.GNU-stack
                0x00000000        0x0 drivers/net/libnet.a(dm9000x.o)
 .note.GNU-stack
                0x00000000        0x0 common/libcommon.a(main.o)
 .note.GNU-stack
                0x00000000        0x0 common/libcommon.a(cmd_autoscript.o)
 .note.GNU-stack
                0x00000000        0x0 common/libcommon.a(cmd_bdinfo.o)
 .note.GNU-stack
                0x00000000        0x0 common/libcommon.a(image.o)
 .note.GNU-stack
                0x00000000        0x0 common/libcommon.a(cmd_boot.o)
 .note.GNU-stack
                0x00000000        0x0 common/libcommon.a(cmd_bootm.o)
 .note.GNU-stack
                0x00000000        0x0 common/libcommon.a(cmd_cache.o)
 .note.GNU-stack
                0x00000000        0x0 common/libcommon.a(cmd_console.o)
 .note.GNU-stack
                0x00000000        0x0 common/libcommon.a(cmd_date.o)
 .note.GNU-stack
                0x00000000        0x0 common/libcommon.a(cmd_elf.o)
 .note.GNU-stack
                0x00000000        0x0 common/libcommon.a(cmd_ext2.o)
 .note.GNU-stack
                0x00000000        0x0 common/libcommon.a(cmd_fat.o)
 .note.GNU-stack
                0x00000000        0x0 common/libcommon.a(cmd_flash.o)
 .note.GNU-stack
                0x00000000        0x0 common/libcommon.a(cmd_itest.o)
 .note.GNU-stack
                0x00000000        0x0 common/libcommon.a(cmd_load.o)
 .note.GNU-stack